Component: ARM Compiler 5.06 update 7 (build 960) Tool: armlink [4d3601]

==============================================================================

Section Cross References

    main.o(i.main) refers to systeminit.o(i.SystemClockInit) for SystemClockInit
    main.o(i.main) refers to rtc.o(i.RtcInit) for RtcInit
    main.o(i.main) refers to cs.o(i.CS_setDCOCenteredFrequency) for CS_setDCOCenteredFrequency
    main.o(i.main) refers to hmi_user_uart.o(i.TFT_Init) for TFT_Init
    delay.o(i.delay_ms) refers to delay.o(i.delay_us) for delay_us
    delay.o(i.delay_s) refers to delay.o(i.delay_ms) for delay_ms
    delay.o(i.delay_us) refers to systick.o(i.SysTick_disableInterrupt) for SysTick_disableInterrupt
    delay.o(i.delay_us) refers to systick.o(i.SysTick_setPeriod) for SysTick_setPeriod
    delay.o(i.delay_us) refers to systick.o(i.SysTick_enableModule) for SysTick_enableModule
    delay.o(i.delay_us) refers to systick.o(i.SysTick_getValue) for SysTick_getValue
    delay.o(i.delay_us) refers to systick.o(i.SysTick_disableModule) for SysTick_disableModule
    systeminit.o(i.SystemClockInit) refers to cs.o(i.CS_setExternalClockSourceFrequency) for CS_setExternalClockSourceFrequency
    systeminit.o(i.SystemClockInit) refers to cs.o(i.CS_startLFXT) for CS_startLFXT
    systeminit.o(i.SystemClockInit) refers to gpio.o(i.GPIO_setAsPeripheralModuleFunctionOutputPin) for GPIO_setAsPeripheralModuleFunctionOutputPin
    systeminit.o(i.SystemClockInit) refers to pcm.o(i.PCM_setCoreVoltageLevel) for PCM_setCoreVoltageLevel
    systeminit.o(i.SystemClockInit) refers to flash.o(i.FlashCtl_setWaitState) for FlashCtl_setWaitState
    systeminit.o(i.SystemClockInit) refers to cs.o(i.CS_startHFXT) for CS_startHFXT
    systeminit.o(i.SystemClockInit) refers to fpu.o(i.FPU_enableModule) for FPU_enableModule
    systeminit.o(i.SystemClockInit) refers to cs.o(i.CS_setDCOFrequency) for CS_setDCOFrequency
    systeminit.o(i.SystemClockInit) refers to cs.o(i.CS_setDCOCenteredFrequency) for CS_setDCOCenteredFrequency
    systeminit.o(i.SystemClockInit) refers to cs.o(i.CS_initClockSignal) for CS_initClockSignal
    systeminit.o(i.SystemClockInit) refers to cs.o(i.CS_setReferenceOscillatorFrequency) for CS_setReferenceOscillatorFrequency
    rtc.o(i.RTC_C_IRQHandler) refers to rtc_c.o(i.RTC_C_getEnabledInterruptStatus) for RTC_C_getEnabledInterruptStatus
    rtc.o(i.RTC_C_IRQHandler) refers to rtc_c.o(i.RTC_C_clearInterruptFlag) for RTC_C_clearInterruptFlag
    rtc.o(i.RTC_C_IRQHandler) refers to rtc_c.o(i.RTC_C_getCalendarTime) for RTC_C_getCalendarTime
    rtc.o(i.RTC_C_IRQHandler) refers to rtc.o(.bss) for newTime
    rtc.o(i.RtcInit) refers to gpio.o(i.GPIO_setAsPeripheralModuleFunctionOutputPin) for GPIO_setAsPeripheralModuleFunctionOutputPin
    rtc.o(i.RtcInit) refers to cs.o(i.CS_setExternalClockSourceFrequency) for CS_setExternalClockSourceFrequency
    rtc.o(i.RtcInit) refers to cs.o(i.CS_startLFXT) for CS_startLFXT
    rtc.o(i.RtcInit) refers to rtc_c.o(i.RTC_C_initCalendar) for RTC_C_initCalendar
    rtc.o(i.RtcInit) refers to rtc_c.o(i.RTC_C_setCalendarAlarm) for RTC_C_setCalendarAlarm
    rtc.o(i.RtcInit) refers to rtc_c.o(i.RTC_C_setCalendarEvent) for RTC_C_setCalendarEvent
    rtc.o(i.RtcInit) refers to rtc_c.o(i.RTC_C_clearInterruptFlag) for RTC_C_clearInterruptFlag
    rtc.o(i.RtcInit) refers to rtc_c.o(i.RTC_C_enableInterrupt) for RTC_C_enableInterrupt
    rtc.o(i.RtcInit) refers to rtc_c.o(i.RTC_C_startClock) for RTC_C_startClock
    rtc.o(i.RtcInit) refers to interrupt.o(i.Interrupt_enableInterrupt) for Interrupt_enableInterrupt
    rtc.o(i.RtcInit) refers to interrupt.o(i.Interrupt_enableMaster) for Interrupt_enableMaster
    rtc.o(i.RtcInit) refers to rtc.o(.constdata) for currentTime
    usart.o(i.Usart0_Init) refers to usart.o(.constdata) for uartConfig
    usart.o(i.Usart0_Init_It) refers to usart.o(i.Usart0_Init) for Usart0_Init
    usart.o(i.Usart1_Init) refers to usart.o(.constdata) for uartConfig
    usart.o(i.Usart1_Init_It) refers to usart.o(i.Usart1_Init) for Usart1_Init
    usart.o(i.Usart2_Init) refers to usart.o(.constdata) for uartConfig
    usart.o(i.Usart2_Init_It) refers to usart.o(i.Usart2_Init) for Usart2_Init
    usart.o(i.Usart3_Init) refers to usart.o(.constdata) for uartConfig
    usart.o(i.Usart3_Init_It) refers to usart.o(i.Usart3_Init) for Usart3_Init
    led.o(i.LedInit) refers to gpio.o(i.GPIO_setAsOutputPin) for GPIO_setAsOutputPin
    led.o(i.LedPwm) refers to gpio.o(i.GPIO_setOutputHighOnPin) for GPIO_setOutputHighOnPin
    led.o(i.LedPwm) refers to delay.o(i.delay_us) for delay_us
    led.o(i.LedPwm) refers to gpio.o(i.GPIO_setOutputLowOnPin) for GPIO_setOutputLowOnPin
    led.o(i.LedPwm) refers to led.o(.data) for menu
    led.o(i.LedSet) refers to gpio.o(i.GPIO_setOutputHighOnPin) for GPIO_setOutputHighOnPin
    led.o(i.LedSet) refers to gpio.o(i.GPIO_setOutputLowOnPin) for GPIO_setOutputLowOnPin
[...]
    Removing hmi_user_uart.o(.data), (1 bytes).
    Removing system_msp432p401r.o(.rev16_text), (4 bytes).
    Removing system_msp432p401r.o(.revsh_text), (4 bytes).
    Removing system_msp432p401r.o(.rrx_text), (6 bytes).
    Removing system_msp432p401r.o(i.SystemCoreClockUpdate), (628 bytes).
    Removing system_msp432p401r.o(.data), (4 bytes).
    Removing cs.o(.rev16_text), (4 bytes).
    Removing cs.o(.revsh_text), (4 bytes).
    Removing cs.o(.rrx_text), (6 bytes).
    Removing cs.o(i.CS_clearInterruptFlag), (36 bytes).
    Removing cs.o(i.CS_disableClockRequest), (40 bytes).
    Removing cs.o(i.CS_disableDCOExternalResistor), (32 bytes).
    Removing cs.o(i.CS_disableFaultCounter), (40 bytes).
    Removing cs.o(i.CS_disableInterrupt), (40 bytes).
    Removing cs.o(i.CS_enableClockRequest), (36 bytes).
    Removing cs.o(i.CS_enableDCOExternalResistor), (28 bytes).
    Removing cs.o(i.CS_enableFaultCounter), (36 bytes).
    Removing cs.o(i.CS_enableInterrupt), (36 bytes).
    Removing cs.o(i.CS_getACLK), (24 bytes).
    Removing cs.o(i.CS_getBCLK), (28 bytes).
    Removing cs.o(i.CS_getDCOFrequency), (368 bytes).
    Removing cs.o(i.CS_getEnabledInterruptStatus), (20 bytes).
    Removing cs.o(i.CS_getHSMCLK), (24 bytes).
    Removing cs.o(i.CS_getInterruptStatus), (12 bytes).
    Removing cs.o(i.CS_getMCLK), (24 bytes).
    Removing cs.o(i.CS_getSMCLK), (24 bytes).
    Removing cs.o(i.CS_registerInterrupt), (20 bytes).
    Removing cs.o(i.CS_resetFaultCounter), (36 bytes).
    Removing cs.o(i.CS_setDCOExternalResistorCalibration), (128 bytes).
    Removing cs.o(i.CS_startFaultCounter), (52 bytes).
    Removing cs.o(i.CS_unregisterInterrupt), (18 bytes).
    Removing cs.o(i._CSComputeCLKFrequency), (268 bytes).
    Removing flash.o(.rev16_text), (4 bytes).
    Removing flash.o(.revsh_text), (4 bytes).
    Removing flash.o(.rrx_text), (6 bytes).
    Removing flash.o(i.FlashCtl_clearInterruptFlag), (16 bytes).
    Removing flash.o(i.FlashCtl_clearProgramVerification), (64 bytes).
    Removing flash.o(i.FlashCtl_disableInterrupt), (20 bytes).
    Removing flash.o(i.FlashCtl_disableReadBuffering), (64 bytes).
    Removing flash.o(i.FlashCtl_disableWordProgramming), (12 bytes).
    Removing flash.o(i.FlashCtl_enableInterrupt), (16 bytes).
    Removing flash.o(i.FlashCtl_enableReadBuffering), (64 bytes).
    Removing flash.o(i.FlashCtl_enableWordProgramming), (32 bytes).
    Removing flash.o(i.FlashCtl_eraseSector), (248 bytes).
    Removing flash.o(i.FlashCtl_getEnabledInterruptStatus), (16 bytes).
    Removing flash.o(i.FlashCtl_getInterruptStatus), (12 bytes).
    Removing flash.o(i.FlashCtl_getMemoryInfo), (36 bytes).
    Removing flash.o(i.FlashCtl_getReadMode), (32 bytes).
    Removing flash.o(i.FlashCtl_getWaitState), (32 bytes).
    Removing flash.o(i.FlashCtl_initiateMassErase), (28 bytes).
    Removing flash.o(i.FlashCtl_initiateSectorErase), (100 bytes).
    Removing flash.o(i.FlashCtl_isSectorProtected), (72 bytes).
    Removing flash.o(i.FlashCtl_isWordProgrammingEnabled), (32 bytes).
    Removing flash.o(i.FlashCtl_performMassErase), (520 bytes).
    Removing flash.o(i.FlashCtl_programMemory), (656 bytes).
    Removing flash.o(i.FlashCtl_protectSector), (76 bytes).
    Removing flash.o(i.FlashCtl_registerInterrupt), (20 bytes).
    Removing flash.o(i.FlashCtl_setProgramVerification), (64 bytes).
    Removing flash.o(i.FlashCtl_setReadMode), (72 bytes).
    Removing flash.o(i.FlashCtl_unprotectSector), (84 bytes).
    Removing flash.o(i.FlashCtl_unregisterInterrupt), (18 bytes).
    Removing flash.o(i.FlashCtl_verifyMemory), (480 bytes).
    Removing flash.o(i._FlashCtl_Program32), (496 bytes).
    Removing flash.o(i._FlashCtl_Program8), (348 bytes).
    Removing flash.o(i.__FlashCtl_remaskBurstDataPost), (252 bytes).
    Removing flash.o(i.__FlashCtl_remaskBurstDataPre), (256 bytes).
    Removing flash.o(i.__FlashCtl_remaskData32Post), (172 bytes).
    Removing flash.o(i.__FlashCtl_remaskData32Pre), (176 bytes).
    Removing flash.o(i.__FlashCtl_remaskData8Post), (104 bytes).
    Removing flash.o(i.__FlashCtl_remaskData8Pre), (108 bytes).
    Removing flash.o(.data), (64 bytes).
    Removing fpu.o(.rev16_text), (4 bytes).
    Removing fpu.o(.revsh_text), (4 bytes).
    Removing fpu.o(.rrx_text), (6 bytes).
    Removing fpu.o(i.FPU_disableModule), (16 bytes).
    Removing fpu.o(i.FPU_disableStacking), (16 bytes).
    Removing fpu.o(i.FPU_enableLazyStacking), (16 bytes).
    Removing fpu.o(i.FPU_enableStacking), (20 bytes).
    Removing fpu.o(i.FPU_setFlushToZeroMode), (20 bytes).
    Removing fpu.o(i.FPU_setHalfPrecisionMode), (20 bytes).
    Removing fpu.o(i.FPU_setNaNMode), (20 bytes).
    Removing fpu.o(i.FPU_setRoundingMode), (20 bytes).
    Removing gpio.o(.rev16_text), (4 bytes).
    Removing gpio.o(.revsh_text), (4 bytes).
    Removing gpio.o(.rrx_text), (6 bytes).
    Removing gpio.o(i.GPIO_clearInterruptFlag), (20 bytes).
    Removing gpio.o(i.GPIO_disableInterrupt), (20 bytes).
    Removing gpio.o(i.GPIO_enableInterrupt), (20 bytes).
    Removing gpio.o(i.GPIO_getEnabledInterruptStatus), (52 bytes).
    Removing gpio.o(i.GPIO_getInputPinValue), (20 bytes).
    Removing gpio.o(i.GPIO_getInterruptStatus), (16 bytes).
    Removing gpio.o(i.GPIO_interruptEdgeSelect), (28 bytes).
    Removing gpio.o(i.GPIO_registerInterrupt), (28 bytes).
    Removing gpio.o(i.GPIO_setAsInputPin), (40 bytes).
    Removing gpio.o(i.GPIO_setAsInputPinWithPullDownResistor), (44 bytes).
    Removing gpio.o(i.GPIO_setAsInputPinWithPullUpResistor), (44 bytes).
    Removing gpio.o(i.GPIO_setAsOutputPin), (32 bytes).
    Removing gpio.o(i.GPIO_setAsPeripheralModuleFunctionInputPin), (72 bytes).
    Removing gpio.o(i.GPIO_setDriveStrengthHigh), (20 bytes).
    Removing gpio.o(i.GPIO_setDriveStrengthLow), (20 bytes).
    Removing gpio.o(i.GPIO_setOutputHighOnPin), (20 bytes).
    Removing gpio.o(i.GPIO_setOutputLowOnPin), (20 bytes).
    Removing gpio.o(i.GPIO_toggleOutputOnPin), (20 bytes).
    Removing gpio.o(i.GPIO_unregisterInterrupt), (28 bytes).
    Removing gpio.o(.constdata), (28 bytes).
    Removing interrupt.o(.rev16_text), (4 bytes).
    Removing interrupt.o(.revsh_text), (4 bytes).
    Removing interrupt.o(.rrx_text), (6 bytes).
    Removing interrupt.o(i.IntDefaultHandler), (2 bytes).
    Removing interrupt.o(i.Interrupt_disableInterrupt), (100 bytes).
    Removing interrupt.o(i.Interrupt_disableMaster), (14 bytes).
    Removing interrupt.o(i.Interrupt_disableSleepOnIsrExit), (16 bytes).
    Removing interrupt.o(i.Interrupt_enableSleepOnIsrExit), (16 bytes).
    Removing interrupt.o(i.Interrupt_getPriority), (28 bytes).
    Removing interrupt.o(i.Interrupt_getPriorityGrouping), (36 bytes).
    Removing interrupt.o(i.Interrupt_getPriorityMask), (10 bytes).
    Removing interrupt.o(i.Interrupt_getVectorTableAddress), (12 bytes).
    Removing interrupt.o(i.Interrupt_isEnabled), (104 bytes).
    Removing interrupt.o(i.Interrupt_pendInterrupt), (84 bytes).
    Removing interrupt.o(i.Interrupt_registerInterrupt), (52 bytes).
    Removing interrupt.o(i.Interrupt_setPriority), (40 bytes).
    Removing interrupt.o(i.Interrupt_setPriorityGrouping), (28 bytes).
    Removing interrupt.o(i.Interrupt_setPriorityMask), (4 bytes).
    Removing interrupt.o(i.Interrupt_setVectorTableAddress), (12 bytes).
    Removing interrupt.o(i.Interrupt_unpendInterrupt), (68 bytes).
    Removing interrupt.o(i.Interrupt_unregisterInterrupt), (20 bytes).
    Removing interrupt.o(vtable), (228 bytes).
    Removing pcm.o(.rev16_text), (4 bytes).
    Removing pcm.o(.revsh_text), (4 bytes).
    Removing pcm.o(.rrx_text), (6 bytes).
    Removing pcm.o(i.PCM_clearInterruptFlag), (16 bytes).
    Removing pcm.o(i.PCM_disableInterrupt), (16 bytes).
    Removing pcm.o(i.PCM_disableRudeMode), (28 bytes).
    Removing pcm.o(i.PCM_enableInterrupt), (16 bytes).
    Removing pcm.o(i.PCM_enableRudeMode), (24 bytes).
    Removing pcm.o(i.PCM_getEnabledInterruptStatus), (16 bytes).
    Removing pcm.o(i.PCM_getInterruptStatus), (12 bytes).
    Removing pcm.o(i.PCM_getPowerState), (12 bytes).
    Removing pcm.o(i.PCM_gotoLPM0), (44 bytes).
    Removing pcm.o(i.PCM_gotoLPM0InterruptSafe), (24 bytes).
    Removing pcm.o(i.PCM_gotoLPM3), (136 bytes).
    Removing pcm.o(i.PCM_gotoLPM3InterruptSafe), (24 bytes).
    Removing pcm.o(i.PCM_gotoLPM4), (18 bytes).
    Removing pcm.o(i.PCM_gotoLPM4InterruptSafe), (32 bytes).
    Removing pcm.o(i.PCM_registerInterrupt), (20 bytes).
    Removing pcm.o(i.PCM_setCoreVoltageLevelNonBlocking), (8 bytes).
    Removing pcm.o(i.PCM_setCoreVoltageLevelWithTimeout), (6 bytes).
    Removing pcm.o(i.PCM_setPowerMode), (8 bytes).
    Removing pcm.o(i.PCM_setPowerModeNonBlocking), (8 bytes).
    Removing pcm.o(i.PCM_setPowerModeWithTimeout), (6 bytes).
    Removing pcm.o(i.PCM_setPowerState), (8 bytes).
    Removing pcm.o(i.PCM_setPowerStateNonBlocking), (8 bytes).
    Removing pcm.o(i.PCM_setPowerStateWithTimeout), (6 bytes).
    Removing pcm.o(i.PCM_shutdownDevice), (76 bytes).
    Removing pcm.o(i.PCM_unregisterInterrupt), (18 bytes).
    Removing pcm.o(i.__PCM_setPowerStateAdvanced), (580 bytes).
    Removing rtc_c.o(.rev16_text), (4 bytes).
    Removing rtc_c.o(.revsh_text), (4 bytes).
    Removing rtc_c.o(.rrx_text), (6 bytes).
    Removing rtc_c.o(i.RTC_C_convertBCDToBinary), (12 bytes).
    Removing rtc_c.o(i.RTC_C_convertBinaryToBCD), (12 bytes).
    Removing rtc_c.o(i.RTC_C_definePrescaleEvent), (30 bytes).
    Removing rtc_c.o(i.RTC_C_disableInterrupt), (72 bytes).
    Removing rtc_c.o(i.RTC_C_getInterruptStatus), (44 bytes).
    Removing rtc_c.o(i.RTC_C_getPrescaleValue), (28 bytes).
    Removing rtc_c.o(i.RTC_C_holdClock), (40 bytes).
    Removing rtc_c.o(i.RTC_C_registerInterrupt), (20 bytes).
    Removing rtc_c.o(i.RTC_C_setCalibrationData), (40 bytes).
    Removing rtc_c.o(i.RTC_C_setCalibrationFrequency), (44 bytes).
    Removing rtc_c.o(i.RTC_C_setPrescaleValue), (68 bytes).
    Removing rtc_c.o(i.RTC_C_setTemperatureCompensation), (36 bytes).
    Removing rtc_c.o(i.RTC_C_unregisterInterrupt), (18 bytes).
    Removing systick.o(.rev16_text), (4 bytes).
    Removing systick.o(.revsh_text), (4 bytes).
    Removing systick.o(.rrx_text), (6 bytes).
    Removing systick.o(i.SysTick_disableInterrupt), (14 bytes).
    Removing systick.o(i.SysTick_disableModule), (14 bytes).
    Removing systick.o(i.SysTick_enableInterrupt), (14 bytes).
    Removing systick.o(i.SysTick_enableModule), (14 bytes).
    Removing systick.o(i.SysTick_getPeriod), (10 bytes).
    Removing systick.o(i.SysTick_getValue), (8 bytes).
    Removing systick.o(i.SysTick_registerInterrupt), (8 bytes).
    Removing systick.o(i.SysTick_setPeriod), (10 bytes).
    Removing systick.o(i.SysTick_unregisterInterrupt), (6 bytes).
    Removing cpu.o(.rev16_text), (4 bytes).
    Removing cpu.o(.revsh_text), (4 bytes).
    Removing cpu.o(.rrx_text), (6 bytes).
    Removing sysctl.o(.rev16_text), (4 bytes).
    Removing sysctl.o(.revsh_text), (4 bytes).
    Removing sysctl.o(.rrx_text), (6 bytes).
    Removing sysctl.o(i.SysCtl_disableGlitchFilter), (16 bytes).
    Removing sysctl.o(i.SysCtl_disablePeripheralAtCPUHalt), (16 bytes).
    Removing sysctl.o(i.SysCtl_disableSRAMBank), (84 bytes).
    Removing sysctl.o(i.SysCtl_disableSRAMBankRetention), (24 bytes).
    Removing sysctl.o(i.SysCtl_enableGlitchFilter), (16 bytes).
    Removing sysctl.o(i.SysCtl_enablePeripheralAtCPUHalt), (16 bytes).
    Removing sysctl.o(i.SysCtl_enableSRAMBank), (24 bytes).
    Removing sysctl.o(i.SysCtl_enableSRAMBankRetention), (24 bytes).
    Removing sysctl.o(i.SysCtl_getFlashSize), (12 bytes).
    Removing sysctl.o(i.SysCtl_getSRAMSize), (12 bytes).
    Removing sysctl.o(i.SysCtl_getTempCalibrationConstant), (14 bytes).
    Removing sysctl.o(i.SysCtl_rebootDevice), (16 bytes).
    Removing sysctl.o(i.SysCtl_setWDTPasswordViolationResetType), (24 bytes).
    Removing sysctl.o(i.SysCtl_setWDTTimeoutResetType), (24 bytes).
    Removing wdt_a.o(.rev16_text), (4 bytes).
    Removing wdt_a.o(.revsh_text), (4 bytes).
    Removing wdt_a.o(.rrx_text), (6 bytes).
    Removing wdt_a.o(i.WDT_A_clearTimer), (24 bytes).
    Removing wdt_a.o(i.WDT_A_holdTimer), (24 bytes).
    Removing wdt_a.o(i.WDT_A_initIntervalTimer), (20 bytes).
    Removing wdt_a.o(i.WDT_A_initWatchdogTimer), (20 bytes).
    Removing wdt_a.o(i.WDT_A_registerInterrupt), (20 bytes).
    Removing wdt_a.o(i.WDT_A_setPasswordViolationReset), (4 bytes).
    Removing wdt_a.o(i.WDT_A_setTimeoutReset), (4 bytes).
    Removing wdt_a.o(i.WDT_A_startTimer), (20 bytes).
    Removing wdt_a.o(i.WDT_A_unregisterInterrupt), (18 bytes).

379 unused section(s) (total 22851 bytes) removed from the image.

==============================================================================

Image Symbol Table

    Local Symbols

    Symbol Name                              Value     Ov Type        Size  Object(Section)

    RESET                                    0x00000000   Section      324  startup_msp432p401r_uvision.o(RESET)
    ../clib/angel/boardlib.s                 0x00000000   Number         0  boardinit3.o ABSOLUTE
    ../clib/angel/boardlib.s                 0x00000000   Number         0  boardinit2.o ABSOLUTE
    ../clib/angel/boardlib.s                 0x00000000   Number         0  boardinit1.o ABSOLUTE
    ../clib/angel/boardlib.s                 0x00000000   Number         0  boardshut.o ABSOLUTE
    ../clib/angel/handlers.s                 0x00000000   Number         0  __scatter_copy.o ABSOLUTE
    ../clib/angel/handlers.s                 0x00000000   Number         0  __scatter_zi.o ABSOLUTE
    ../clib/angel/kernel.s                   0x00000000   Number         0  __rtentry4.o ABSOLUTE
    ../clib/angel/kernel.s                   0x00000000   Number         0  rtexit.o ABSOLUTE
    ../clib/angel/kernel.s                   0x00000000   Number         0  __rtentry2.o ABSOLUTE
    ../clib/angel/kernel.s                   0x00000000   Number         0  __rtentry.o ABSOLUTE
    ../clib/angel/kernel.s                   0x00000000   Number         0  rtexit2.o ABSOLUTE
    ../clib/angel/rt.s                       0x00000000   Number         0  rt_locale.o ABSOLUTE
    ../clib/angel/rt.s                       0x00000000   Number         0  rt_raise.o ABSOLUTE
    ../clib/angel/rt.s                       0x00000000   Number         0  rt_ctype_table.o ABSOLUTE
    ../clib/angel/rt.s                       0x00000000   Number         0  rt_locale_intlibspace.o ABSOLUTE
    ../clib/angel/scatter.s                  0x00000000   Number         0  __scatter.o ABSOLUTE
    ../clib/angel/startup.s                  0x00000000   Number         0  __main.o ABSOLUTE
    ../clib/angel/sys.s                      0x00000000   Number         0  libspace.o ABSOLUTE
    ../clib/angel/sys.s                      0x00000000   Number         0  use_no_semi.o ABSOLUTE
    ../clib/angel/sys.s                      0x00000000   Number         0  indicate_semi.o ABSOLUTE
    ../clib/angel/sys.s                      0x00000000   Number         0  sys_stackheap_outer.o ABSOLUTE
    ../clib/angel/sysapp.c                   0x00000000   Number         0  sys_command.o ABSOLUTE
    ../clib/angel/sysapp.c                   0x00000000   Number         0  sys_wrch.o ABSOLUTE
    ../clib/angel/sysapp.c                   0x00000000   Number         0  sys_exit.o ABSOLUTE
    ../clib/armsys.c                         0x00000000   Number         0  argv_veneer.o ABSOLUTE
    ../clib/armsys.c                         0x00000000   Number         0  no_argv.o ABSOLUTE
    ../clib/armsys.c                         0x00000000   Number         0  _get_argv_nomalloc.o ABSOLUTE
    ../clib/armsys.c                         0x00000000   Number         0  argv_veneer.o ABSOLUTE
    ../clib/bigflt.c                         0x00000000   Number         0  bigflt0.o ABSOLUTE
    ../clib/btod.s                           0x00000000   Number         0  btod.o ABSOLUTE
    ../clib/heapalloc.c                      0x00000000   Number         0  hrguard.o ABSOLUTE
    ../clib/heapaux.c                        0x00000000   Number         0  heapauxi.o ABSOLUTE
    ../clib/libinit.s                        0x00000000   Number         0  libinit2.o ABSOLUTE
    ../clib/libinit.s                        0x00000000   Number         0  libshutdown.o ABSOLUTE
    ../clib/libinit.s                        0x00000000   Number         0  libshutdown2.o ABSOLUTE
    ../clib/libinit.s                        0x00000000   Number         0  libinit.o ABSOLUTE
    ../clib/locale.c                         0x00000000   Number         0  _wcrtomb.o ABSOLUTE
    ../clib/locale.s                         0x00000000   Number         0  lc_ctype_c.o ABSOLUTE
    ../clib/locale.s                         0x00000000   Number         0  lc_numeric_c.o ABSOLUTE
    ../clib/longlong.s                       0x00000000   Number         0  lludiv10.o ABSOLUTE
    ../clib/memcpset.s                       0x00000000   Number         0  strcmpv7m.o ABSOLUTE
    ../clib/misc.s                           0x00000000   Number         0  printf_stubs.o ABSOLUTE
    ../clib/printf.c                         0x00000000   Number         0  _printf_wchar.o ABSOLUTE
    ../clib/printf.c                         0x00000000   Number         0  _printf_char.o ABSOLUTE
    ../clib/printf.c                         0x00000000   Number         0  __printf_nopercent.o ABSOLUTE
    ../clib/printf.c                         0x00000000   Number         0  _printf_fp_infnan.o ABSOLUTE
    ../clib/printf.c                         0x00000000   Number         0  _printf_fp_hex.o ABSOLUTE
    ../clib/printf.c                         0x00000000   Number         0  _printf_hex_int.o ABSOLUTE
    ../clib/printf.c                         0x00000000   Number         0  _printf_hex_int_ll_ptr.o ABSOLUTE
    ../clib/printf.c                         0x00000000   Number         0  _printf_hex_ll_ptr.o ABSOLUTE
    ../clib/printf.c                         0x00000000   Number         0  _printf_hex_int_ptr.o ABSOLUTE
    ../clib/printf.c                         0x00000000   Number         0  _printf_hex_ptr.o ABSOLUTE
    ../clib/printf.c                         0x00000000   Number         0  _printf_hex_int_ll.o ABSOLUTE
    ../clib/printf.c                         0x00000000   Number         0  _printf_hex_ll.o ABSOLUTE
    ../clib/printf.c                         0x00000000   Number         0  _printf_oct_int_ll.o ABSOLUTE
    ../clib/printf.c                         0x00000000   Number         0  _printf_oct_int.o ABSOLUTE
    ../clib/printf.c                         0x00000000   Number         0  _printf_oct_ll.o ABSOLUTE
    ../clib/printf.c                         0x00000000   Number         0  _printf_longlong_dec.o ABSOLUTE
    ../clib/printf.c                         0x00000000   Number         0  _printf_wctomb.o ABSOLUTE
    ../clib/printf.c                         0x00000000   Number         0  _snputc.o ABSOLUTE
    ../clib/printf.c                         0x00000000   Number         0  _sputc.o ABSOLUTE
    ../clib/printf.c                         0x00000000   Number         0  _printf_char_common.o ABSOLUTE
    ../clib/printf.c                         0x00000000   Number         0  _printf_fp_dec.o ABSOLUTE
    ../clib/printf.c                         0x00000000   Number         0  _printf_charcount.o ABSOLUTE
    ../clib/printf.c                         0x00000000   Number         0  _printf_intcommon.o ABSOLUTE
    ../clib/printf.c                         0x00000000   Number         0  _printf_str.o ABSOLUTE
    ../clib/printf.c                         0x00000000   Number         0  _printf_truncate.o ABSOLUTE
    ../clib/printf.c                         0x00000000   Number         0  _printf_pad.o ABSOLUTE
    ../clib/printf.c                         0x00000000   Number         0  vsprintf.o ABSOLUTE
    ../clib/printf.c                         0x00000000   Number         0  __2snprintf.o ABSOLUTE
    ../clib/printf.c                         0x00000000   Number         0  noretval__2snprintf.o ABSOLUTE
    ../clib/printf.c                         0x00000000   Number         0  __printf.o ABSOLUTE
    ../clib/printf.c                         0x00000000   Number         0  _printf_dec.o ABSOLUTE
    ../clib/printf.c                         0x00000000   Number         0  __printf_flags.o ABSOLUTE
    ../clib/printf.c                         0x00000000   Number         0  __printf_ss.o ABSOLUTE
    ../clib/printf.c                         0x00000000   Number         0  __printf_flags_ss.o ABSOLUTE
    ../clib/printf.c                         0x00000000   Number         0  __printf_wp.o ABSOLUTE
    ../clib/printf.c                         0x00000000   Number         0  __printf_flags_wp.o ABSOLUTE
    ../clib/printf.c                         0x00000000   Number         0  __printf_ss_wp.o ABSOLUTE
    ../clib/printf.c                         0x00000000   Number         0  __printf_flags_ss_wp.o ABSOLUTE
    ../clib/printf_percent.s                 0x00000000   Number         0  _printf_lld.o ABSOLUTE
    ../clib/printf_percent.s                 0x00000000   Number         0  _printf_i.o ABSOLUTE
    ../clib/printf_percent.s                 0x00000000   Number         0  _printf_llx.o ABSOLUTE
    ../clib/printf_percent.s                 0x00000000   Number         0  _printf_s.o ABSOLUTE
    ../clib/printf_percent.s                 0x00000000   Number         0  _printf_lli.o ABSOLUTE
    ../clib/printf_percent.s                 0x00000000   Number         0  _printf_n.o ABSOLUTE
    ../clib/printf_percent.s                 0x00000000   Number         0  _printf_c.o ABSOLUTE
    ../clib/printf_percent.s                 0x00000000   Number         0  _printf_llo.o ABSOLUTE
    ../clib/printf_percent.s                 0x00000000   Number         0  _printf_ll.o ABSOLUTE
    ../clib/printf_percent.s                 0x00000000   Number         0  _printf_x.o ABSOLUTE
    ../clib/printf_percent.s                 0x00000000   Number         0  _printf_o.o ABSOLUTE
    ../clib/printf_percent.s                 0x00000000   Number         0  _printf_percent_end.o ABSOLUTE
    ../clib/printf_percent.s                 0x00000000   Number         0  _printf_a.o ABSOLUTE
    ../clib/printf_percent.s                 0x00000000   Number         0  _printf_llu.o ABSOLUTE
    ../clib/printf_percent.s                 0x00000000   Number         0  _printf_g.o ABSOLUTE
    ../clib/printf_percent.s                 0x00000000   Number         0  _printf_e.o ABSOLUTE
    ../clib/printf_percent.s                 0x00000000   Number         0  _printf_u.o ABSOLUTE
    ../clib/printf_percent.s                 0x00000000   Number         0  _printf_p.o ABSOLUTE
    ../clib/printf_percent.s                 0x00000000   Number         0  _printf_ls.o ABSOLUTE
    ../clib/printf_percent.s                 0x00000000   Number         0  _printf_d.o ABSOLUTE
    ../clib/printf_percent.s                 0x00000000   Number         0  _printf_l.o ABSOLUTE
    ../clib/printf_percent.s                 0x00000000   Number         0  _printf_f.o ABSOLUTE
    ../clib/printf_percent.s                 0x00000000   Number         0  _printf_lc.o ABSOLUTE
    ../clib/printf_percent.s                 0x00000000   Number         0  _printf_percent.o ABSOLUTE
    ../clib/signal.c                         0x00000000   Number         0  defsig_segv_inner.o ABSOLUTE
    ../clib/signal.c                         0x00000000   Number         0  defsig_rtred_inner.o ABSOLUTE
    ../clib/signal.c                         0x00000000   Number         0  defsig_pvfn_inner.o ABSOLUTE
    ../clib/signal.c                         0x00000000   Number         0  defsig_stak_inner.o ABSOLUTE
    ../clib/signal.c                         0x00000000   Number         0  defsig_fpe_inner.o ABSOLUTE
    ../clib/signal.c                         0x00000000   Number         0  defsig_abrt_inner.o ABSOLUTE
    ../clib/signal.c                         0x00000000   Number         0  defsig_general.o ABSOLUTE
    ../clib/signal.c                         0x00000000   Number         0  defsig_rtmem_inner.o ABSOLUTE
    ../clib/signal.c                         0x00000000   Number         0  __raise.o ABSOLUTE
    ../clib/signal.c                         0x00000000   Number         0  defsig_cppl_inner.o ABSOLUTE
    ../clib/signal.c                         0x00000000   Number         0  defsig_rtmem_formal.o ABSOLUTE
    ../clib/signal.c                         0x00000000   Number         0  defsig_rtmem_outer.o ABSOLUTE
    ../clib/signal.c                         0x00000000   Number         0  defsig_exit.o ABSOLUTE
    ../clib/signal.c                         0x00000000   Number         0  defsig_other.o ABSOLUTE
    ../clib/signal.s                         0x00000000   Number         0  defsig.o ABSOLUTE
    ../clib/stdlib.c                         0x00000000   Number         0  exit.o ABSOLUTE
    ../fplib/dretinf.s                       0x00000000   Number         0  dretinf.o ABSOLUTE
    ../fplib/f2d.s                           0x00000000   Number         0  f2d.o ABSOLUTE
    ../fplib/fnaninf.s                       0x00000000   Number         0  fnaninf.o ABSOLUTE
    ../fplib/fpinit.s                        0x00000000   Number         0  fpinit.o ABSOLUTE
    ../fplib/istatus.s                       0x00000000   Number         0  istatus.o ABSOLUTE
    ../fplib/printf1.s                       0x00000000   Number         0  printf1.o ABSOLUTE
    ../fplib/printf2.s                       0x00000000   Number         0  printf2.o ABSOLUTE
    ../fplib/printf2a.s                      0x00000000   Number         0  printf2a.o ABSOLUTE
    ../fplib/printf2b.s                      0x00000000   Number         0  printf2b.o ABSOLUTE
    ../fplib/usenofp.s                       0x00000000   Number         0  usenofp.o ABSOLUTE
    ../mathlib/fpclassify.c                  0x00000000   Number         0  fpclassify.o ABSOLUTE
    ..\Basic\Delay\delay.c                   0x00000000   Number         0  delay.o ABSOLUTE
    ..\Basic\RTC\rtc.c                       0x00000000   Number         0  rtc.o ABSOLUTE
    ..\Basic\STM32F1xx_VisualTFT\cmd_process.c 0x00000000   Number         0  cmd_process.o ABSOLUTE
    ..\Basic\STM32F1xx_VisualTFT\cmd_queue.c 0x00000000   Number         0  cmd_queue.o ABSOLUTE
    ..\Basic\STM32F1xx_VisualTFT\hmi_driver.c 0x00000000   Number         0  hmi_driver.o ABSOLUTE
    ..\Basic\STM32F1xx_VisualTFT\hmi_user_uart.c 0x00000000   Number         0  hmi_user_uart.o ABSOLUTE
    ..\Basic\SystemInit\SystemInit.c         0x00000000   Number         0  systeminit.o ABSOLUTE
    ..\Basic\Usart\usart.c                   0x00000000   Number         0  usart.o ABSOLUTE
    ..\Hardware\LED\LED.c                    0x00000000   Number         0  led.o ABSOLUTE
    ..\Hardware\OLED\oled.c                  0x00000000   Number         0  oled.o ABSOLUTE
    ..\User\main.c                           0x00000000   Number         0  main.o ABSOLUTE
    ..\\Basic\\Delay\\delay.c                0x00000000   Number         0  delay.o ABSOLUTE
    ..\\Basic\\RTC\\rtc.c                    0x00000000   Number         0  rtc.o ABSOLUTE
    ..\\Basic\\STM32F1xx_VisualTFT\\cmd_process.c 0x00000000   Number         0  cmd_process.o ABSOLUTE
    ..\\Basic\\STM32F1xx_VisualTFT\\cmd_queue.c 0x00000000   Number         0  cmd_queue.o ABSOLUTE
    ..\\Basic\\STM32F1xx_VisualTFT\\hmi_driver.c 0x00000000   Number         0  hmi_driver.o ABSOLUTE
    ..\\Basic\\STM32F1xx_VisualTFT\\hmi_user_uart.c 0x00000000   Number         0  hmi_user_uart.o ABSOLUTE
    ..\\Basic\\SystemInit\\SystemInit.c      0x00000000   Number         0  systeminit.o ABSOLUTE
    ..\\Basic\\Usart\\usart.c                0x00000000   Number         0  usart.o ABSOLUTE
    ..\\Hardware\\LED\\LED.c                 0x00000000   Number         0  led.o ABSOLUTE
    ..\\Hardware\\OLED\\oled.c               0x00000000   Number         0  oled.o ABSOLUTE
    ..\\User\\main.c                         0x00000000   Number         0  main.o ABSOLUTE
    RTE\Device\MSP432P401R\startup_msp432p401r_uvision.s 0x00000000   Number         0  startup_msp432p401r_uvision.o ABSOLUTE
    RTE\Device\MSP432P401R\system_msp432p401r.c 0x00000000   Number         0  system_msp432p401r.o ABSOLUTE
    RTE\\Device\\MSP432P401R\\system_msp432p401r.c 0x00000000   Number         0  system_msp432p401r.o ABSOLUTE
    cpu.c                                    0x00000000   Number         0  cpu.o ABSOLUTE
    cpu.c                                    0x00000000   Number         0  cpu.o ABSOLUTE
    cs.c                                     0x00000000   Number         0  cs.o ABSOLUTE
    cs.c                                     0x00000000   Number         0  cs.o ABSOLUTE
    dc.s                                     0x00000000   Number         0  dc.o ABSOLUTE
    flash.c                                  0x00000000   Number         0  flash.o ABSOLUTE
    flash.c                                  0x00000000   Number         0  flash.o ABSOLUTE
    fpu.c                                    0x00000000   Number         0  fpu.o ABSOLUTE
    fpu.c                                    0x00000000   Number         0  fpu.o ABSOLUTE
    gpio.c                                   0x00000000   Number         0  gpio.o ABSOLUTE
    gpio.c                                   0x00000000   Number         0  gpio.o ABSOLUTE
    interrupt.c                              0x00000000   Number         0  interrupt.o ABSOLUTE
    interrupt.c                              0x00000000   Number         0  interrupt.o ABSOLUTE
    pcm.c                                    0x00000000   Number         0  pcm.o ABSOLUTE
    pcm.c                                    0x00000000   Number         0  pcm.o ABSOLUTE
    rtc_c.c                                  0x00000000   Number         0  rtc_c.o ABSOLUTE
    rtc_c.c                                  0x00000000   Number         0  rtc_c.o ABSOLUTE
    sysctl.c                                 0x00000000   Number         0  sysctl.o ABSOLUTE
    sysctl.c                                 0x00000000   Number         0  sysctl.o ABSOLUTE
    systick.c                                0x00000000   Number         0  systick.o ABSOLUTE
    systick.c                                0x00000000   Number         0  systick.o ABSOLUTE
    wdt_a.c                                  0x00000000   Number         0  wdt_a.o ABSOLUTE
    wdt_a.c                                  0x00000000   Number         0  wdt_a.o ABSOLUTE
    !!!main                                  0x00000144   Section        8  __main.o(!!!main)
    !!!scatter                               0x0000014c   Section       52  __scatter.o(!!!scatter)
    !!handler_copy                           0x00000180   Section       26  __scatter_copy.o(!!handler_copy)
    !!handler_zi                             0x0000019c   Section       28  __scatter_zi.o(!!handler_zi)
    .ARM.Collect$$libinit$$00000000          0x000001b8   Section        2  libinit.o(.ARM.Collect$$libinit$$00000000)
    .ARM.Collect$$libinit$$00000001          0x000001ba   Section        4  libinit2.o(.ARM.Collect$$libinit$$00000001)
    .ARM.Collect$$libinit$$00000004          0x000001be   Section        0  libinit2.o(.ARM.Collect$$libinit$$00000004)
    .ARM.Collect$$libinit$$0000000A          0x000001be   Section        0  libinit2.o(.ARM.Collect$$libinit$$0000000A)
    .ARM.Collect$$libinit$$0000000C          0x000001be   Section        0  libinit2.o(.ARM.Collect$$libinit$$0000000C)
    .ARM.Collect$$libinit$$0000000E          0x000001be   Section        0  libinit2.o(.ARM.Collect$$libinit$$0000000E)
    .ARM.Collect$$libinit$$00000011          0x000001be   Section        0  libinit2.o(.ARM.Collect$$libinit$$00000011)
    .ARM.Collect$$libinit$$00000013          0x000001be   Section        0  libinit2.o(.ARM.Collect$$libinit$$00000013)
    .ARM.Collect$$libinit$$00000015          0x000001be   Section        0  libinit2.o(.ARM.Collect$$libinit$$00000015)
    .ARM.Collect$$libinit$$00000017          0x000001be   Section        0  libinit2.o(.ARM.Collect$$libinit$$00000017)
    .ARM.Collect$$libinit$$00000019          0x000001be   Section        0  libinit2.o(.ARM.Collect$$libinit$$00000019)
    .ARM.Collect$$libinit$$0000001B          0x000001be   Section        0  libinit2.o(.ARM.Collect$$libinit$$0000001B)
    .ARM.Collect$$libinit$$0000001D          0x000001be   Section        0  libinit2.o(.ARM.Collect$$libinit$$0000001D)
    .ARM.Collect$$libinit$$0000001F          0x000001be   Section        0  libinit2.o(.ARM.Collect$$libinit$$0000001F)
    .ARM.Collect$$libinit$$00000021          0x000001be   Section        0  libinit2.o(.ARM.Collect$$libinit$$00000021)
    .ARM.Collect$$libinit$$00000023          0x000001be   Section        0  libinit2.o(.ARM.Collect$$libinit$$00000023)
    .ARM.Collect$$libinit$$00000025          0x000001be   Section        0  libinit2.o(.ARM.Collect$$libinit$$00000025)
    .ARM.Collect$$libinit$$0000002C          0x000001be   Section        0  libinit2.o(.ARM.Collect$$libinit$$0000002C)
    .ARM.Collect$$libinit$$0000002E          0x000001be   Section        0  libinit2.o(.ARM.Collect$$libinit$$0000002E)
    .ARM.Collect$$libinit$$00000030          0x000001be   Section        0  libinit2.o(.ARM.Collect$$libinit$$00000030)
    .ARM.Collect$$libinit$$00000032          0x000001be   Section        0  libinit2.o(.ARM.Collect$$libinit$$00000032)
    .ARM.Collect$$libinit$$00000033          0x000001be   Section        2  libinit2.o(.ARM.Collect$$libinit$$00000033)
    .ARM.Collect$$libshutdown$$00000000      0x000001c0   Section        2  libshutdown.o(.ARM.Collect$$libshutdown$$00000000)
    .ARM.Collect$$libshutdown$$00000002      0x000001c2   Section        0  libshutdown2.o(.ARM.Collect$$libshutdown$$00000002)
    .ARM.Collect$$libshutdown$$00000004      0x000001c2   Section        0  libshutdown2.o(.ARM.Collect$$libshutdown$$00000004)
    .ARM.Collect$$libshutdown$$00000006      0x000001c2   Section        0  libshutdown2.o(.ARM.Collect$$libshutdown$$00000006)
    .ARM.Collect$$libshutdown$$00000009      0x000001c2   Section        0  libshutdown2.o(.ARM.Collect$$libshutdown$$00000009)
    .ARM.Collect$$libshutdown$$0000000C      0x000001c2   Section        0  libshutdown2.o(.ARM.Collect$$libshutdown$$0000000C)
    .ARM.Collect$$libshutdown$$0000000E      0x000001c2   Section        0  libshutdown2.o(.ARM.Collect$$libshutdown$$0000000E)
    .ARM.Collect$$libshutdown$$00000011      0x000001c2   Section        0  libshutdown2.o(.ARM.Collect$$libshutdown$$00000011)
    .ARM.Collect$$libshutdown$$00000012      0x000001c2   Section        2  libshutdown2.o(.ARM.Collect$$libshutdown$$00000012)
    .ARM.Collect$$rtentry$$00000000          0x000001c4   Section        0  __rtentry.o(.ARM.Collect$$rtentry$$00000000)
    .ARM.Collect$$rtentry$$00000002          0x000001c4   Section        0  __rtentry2.o(.ARM.Collect$$rtentry$$00000002)
    .ARM.Collect$$rtentry$$00000004          0x000001c4   Section        6  __rtentry4.o(.ARM.Collect$$rtentry$$00000004)
    .ARM.Collect$$rtentry$$00000009          0x000001ca   Section        0  __rtentry2.o(.ARM.Collect$$rtentry$$00000009)
    .ARM.Collect$$rtentry$$0000000A          0x000001ca   Section        4  __rtentry2.o(.ARM.Collect$$rtentry$$0000000A)
    .ARM.Collect$$rtentry$$0000000C          0x000001ce   Section        0  __rtentry2.o(.ARM.Collect$$rtentry$$0000000C)
    .ARM.Collect$$rtentry$$0000000D          0x000001ce   Section        8  __rtentry2.o(.ARM.Collect$$rtentry$$0000000D)
    .ARM.Collect$$rtexit$$00000000           0x000001d6   Section        2  rtexit.o(.ARM.Collect$$rtexit$$00000000)
    .ARM.Collect$$rtexit$$00000002           0x000001d8   Section        0  rtexit2.o(.ARM.Collect$$rtexit$$00000002)
    .ARM.Collect$$rtexit$$00000003           0x000001d8   Section        4  rtexit2.o(.ARM.Collect$$rtexit$$00000003)
    .ARM.Collect$$rtexit$$00000004           0x000001dc   Section        6  rtexit2.o(.ARM.Collect$$rtexit$$00000004)
    .emb_text                                0x000001e4   Section       38  cpu.o(.emb_text)
    $v0                                      0x000001e4   Number         0  cpu.o(.emb_text)
    .text                                    0x0000020c   Section       60  startup_msp432p401r_uvision.o(.text)
    $v0                                      0x0000020c   Number         0  startup_msp432p401r_uvision.o(.text)
    .text                                    0x00000248   Section        0  heapauxi.o(.text)
    .text                                    0x00000250   Section        8  libspace.o(.text)
    .text                                    0x00000258   Section       74  sys_stackheap_outer.o(.text)
    .text                                    0x000002a2   Section        0  exit.o(.text)
    .text                                    0x000002b4   Section        0  sys_exit.o(.text)
    .text                                    0x000002c0   Section        2  use_no_semi.o(.text)
    .text                                    0x000002c2   Section        0  indicate_semi.o(.text)
    i.CS_initClockSignal                     0x000002c4   Section        0  cs.o(i.CS_initClockSignal)
    i.CS_setDCOCenteredFrequency             0x000003c0   Section        0  cs.o(i.CS_setDCOCenteredFrequency)
    i.CS_setDCOFrequency                     0x000003e4   Section        0  cs.o(i.CS_setDCOFrequency)
    i.CS_setExternalClockSourceFrequency     0x00000560   Section        0  cs.o(i.CS_setExternalClockSourceFrequency)
    i.CS_setReferenceOscillatorFrequency     0x0000056c   Section        0  cs.o(i.CS_setReferenceOscillatorFrequency)
    i.CS_startHFXT                           0x0000058c   Section        0  cs.o(i.CS_startHFXT)
    i.CS_startHFXTWithTimeout                0x00000594   Section        0  cs.o(i.CS_startHFXTWithTimeout)
    i.CS_startLFXT                           0x000006d8   Section        0  cs.o(i.CS_startLFXT)
    i.CS_startLFXTWithTimeout                0x000006e0   Section        0  cs.o(i.CS_startLFXTWithTimeout)
    i.CS_tuneDCOFrequency                    0x00000794   Section        0  cs.o(i.CS_tuneDCOFrequency)
    i.EUSCIA0_IRQHandler                     0x000007ec   Section        0  usart.o(i.EUSCIA0_IRQHandler)
    i.EUSCIA1_IRQHandler                     0x00000810   Section        0  usart.o(i.EUSCIA1_IRQHandler)
    i.EUSCIA2_IRQHandler                     0x00000834   Section        0  hmi_user_uart.o(i.EUSCIA2_IRQHandler)
    i.EUSCIA3_IRQHandler                     0x00000878   Section        0  usart.o(i.EUSCIA3_IRQHandler)
    i.FPU_enableModule                       0x0000089c   Section        0  fpu.o(i.FPU_enableModule)
    i.FlashCtl_setWaitState                  0x000008ac   Section        0  flash.o(i.FlashCtl_setWaitState)
    i.GPIO_setAsPeripheralModuleFunctionOutputPin 0x000008d8   Section        0  gpio.o(i.GPIO_setAsPeripheralModuleFunctionOutputPin)
    i.Interrupt_enableInterrupt              0x00000920   Section        0  interrupt.o(i.Interrupt_enableInterrupt)
    i.Interrupt_enableMaster                 0x00000984   Section        0  interrupt.o(i.Interrupt_enableMaster)
    i.NotifyButton                           0x00000994   Section        0  cmd_process.o(i.NotifyButton)
    i.NotifyMenu                             0x000009c4   Section        0  cmd_process.o(i.NotifyMenu)
    i.NotifyMeter                            0x000009ca   Section        0  cmd_process.o(i.NotifyMeter)
    i.NotifyProgress                         0x000009cc   Section        0  cmd_process.o(i.NotifyProgress)
    i.NotifyReadFlash                        0x000009ce   Section        0  cmd_process.o(i.NotifyReadFlash)
    i.NotifyReadRTC                          0x000009d0   Section        0  cmd_process.o(i.NotifyReadRTC)
    i.NotifyScreen                           0x000009d8   Section        0  cmd_process.o(i.NotifyScreen)
    i.NotifySelector                         0x000009da   Section        0  cmd_process.o(i.NotifySelector)
    i.NotifySlider                           0x000009dc   Section        0  cmd_process.o(i.NotifySlider)
    i.NotifyText                             0x000009de   Section        0  cmd_process.o(i.NotifyText)
    i.NotifyTimer                            0x000009e0   Section        0  cmd_process.o(i.NotifyTimer)
    i.NotifyTouchXY                          0x000009e2   Section        0  cmd_process.o(i.NotifyTouchXY)
    i.NotifyWriteFlash                       0x000009e4   Section        0  cmd_process.o(i.NotifyWriteFlash)
    i.PCM_getCoreVoltageLevel                0x000009e8   Section        0  pcm.o(i.PCM_getCoreVoltageLevel)
    i.PCM_getPowerMode                       0x00000a34   Section        0  pcm.o(i.PCM_getPowerMode)
    i.PCM_setCoreVoltageLevel                0x00000a78   Section        0  pcm.o(i.PCM_setCoreVoltageLevel)
    i.Param_Update                           0x00000a80   Section        0  hmi_user_uart.o(i.Param_Update)
    i.ProcessMessage                         0x00000a9c   Section        0  cmd_process.o(i.ProcessMessage)
    i.RTC_C_IRQHandler                       0x00000c38   Section        0  rtc.o(i.RTC_C_IRQHandler)
    i.RTC_C_clearInterruptFlag               0x00000c7c   Section        0  rtc_c.o(i.RTC_C_clearInterruptFlag)
    i.RTC_C_enableInterrupt                  0x00000cc8   Section        0  rtc_c.o(i.RTC_C_enableInterrupt)
    i.RTC_C_getCalendarTime                  0x00000d04   Section        0  rtc_c.o(i.RTC_C_getCalendarTime)
    i.RTC_C_getEnabledInterruptStatus        0x00000d68   Section        0  rtc_c.o(i.RTC_C_getEnabledInterruptStatus)
    i.RTC_C_initCalendar                     0x00000dd4   Section        0  rtc_c.o(i.RTC_C_initCalendar)
    i.RTC_C_setCalendarAlarm                 0x00000e40   Section        0  rtc_c.o(i.RTC_C_setCalendarAlarm)
    i.RTC_C_setCalendarEvent                 0x00000e6c   Section        0  rtc_c.o(i.RTC_C_setCalendarEvent)
    i.RTC_C_startClock                       0x00000e98   Section        0  rtc_c.o(i.RTC_C_startClock)
    i.RtcInit                                0x00000ebc   Section        0  rtc.o(i.RtcInit)
    i.SendChar                               0x00000f18   Section        0  hmi_user_uart.o(i.SendChar)
    i.SendStrings                            0x00000f24   Section        0  hmi_driver.o(i.SendStrings)
    i.SetTextValue                           0x00000f3a   Section        0  hmi_driver.o(i.SetTextValue)
    i.SysCtl_disableNMISource                0x00000f8c   Section        0  sysctl.o(i.SysCtl_disableNMISource)
    i.SysCtl_enableNMISource                 0x00000f9c   Section        0  sysctl.o(i.SysCtl_enableNMISource)
    i.SysCtl_getNMISourceStatus              0x00000fac   Section        0  sysctl.o(i.SysCtl_getNMISourceStatus)
    i.SysCtl_getTLVInfo                      0x00000fb8   Section        0  sysctl.o(i.SysCtl_getTLVInfo)
    i.SystemClockInit                        0x00001008   Section        0  systeminit.o(i.SystemClockInit)
    i.SystemInit                             0x000010e8   Section        0  system_msp432p401r.o(i.SystemInit)
    i.TFT_Init                               0x00001154   Section        0  hmi_user_uart.o(i.TFT_Init)
    i.Usart2_Init                            0x00001160   Section        0  usart.o(i.Usart2_Init)
    i.Usart2_Init_It                         0x00001198   Section        0  usart.o(i.Usart2_Init_It)
    i.Usart2_SendByte                        0x000011d4   Section        0  usart.o(i.Usart2_SendByte)
    i.__PCM_setCoreVoltageLevelAdvanced      0x000011f0   Section        0  pcm.o(i.__PCM_setCoreVoltageLevelAdvanced)
    __PCM_setCoreVoltageLevelAdvanced        0x000011f1   Thumb Code   242  pcm.o(i.__PCM_setCoreVoltageLevelAdvanced)
    i.__PCM_setPowerModeAdvanced             0x000012f0   Section        0  pcm.o(i.__PCM_setPowerModeAdvanced)
    __PCM_setPowerModeAdvanced               0x000012f1   Thumb Code   200  pcm.o(i.__PCM_setPowerModeAdvanced)
    i.main                                   0x000013d4   Section        0  main.o(i.main)
    i.queue_find_cmd                         0x000013f4   Section        0  cmd_queue.o(i.queue_find_cmd)
    i.queue_pop                              0x00001478   Section        0  cmd_queue.o(i.queue_pop)
    queue_pop                                0x00001479   Thumb Code    48  cmd_queue.o(i.queue_pop)
    i.queue_push                             0x000014ac   Section        0  cmd_queue.o(i.queue_push)
    i.queue_reset                            0x000014dc   Section        0  cmd_queue.o(i.queue_reset)
    i.queue_size                             0x000014fc   Section        0  cmd_queue.o(i.queue_size)
    queue_size                               0x000014fd   Thumb Code    30  cmd_queue.o(i.queue_size)
    x$fpl$fpinit                             0x00001520   Section       10  fpinit.o(x$fpl$fpinit)
    $v0                                      0x00001520   Number         0  fpinit.o(x$fpl$fpinit)
    .constdata                               0x0000152c   Section       28  rtc.o(.constdata)
    .constdata                               0x00001548   Section       36  usart.o(.constdata)
    .constdata                               0x0000156c   Section      144  interrupt.o(.constdata)
    g_pulEnRegs                              0x0000156c   Data           8  interrupt.o(.constdata)
    g_pulDisRegs                             0x00001574   Data           8  interrupt.o(.constdata)
    g_pulPendRegs                            0x0000157c   Data           8  interrupt.o(.constdata)
    g_pulUnpendRegs                          0x00001584   Data           8  interrupt.o(.constdata)
    g_pulPriority                            0x0000158c   Data          32  interrupt.o(.constdata)
    g_pulRegs                                0x000015ac   Data          80  interrupt.o(.constdata)
    .data                                    0x20000000   Section        6  cmd_queue.o(.data)
    cmd_state                                0x20000000   Data           4  cmd_queue.o(.data)
    cmd_pos                                  0x20000004   Data           2  cmd_queue.o(.data)
    .data                                    0x20000008   Section        8  cs.o(.data)
    hfxtFreq                                 0x20000008   Data           4  cs.o(.data)
    lfxtFreq                                 0x2000000c   Data           4  cs.o(.data)
    .data                                    0x20000010   Section       48  gpio.o(.data)
    GPIO_PORT_TO_BASE                        0x20000010   Data          48  gpio.o(.data)
    .bss                                     0x20000040   Section       28  rtc.o(.bss)
    .bss                                     0x2000005c   Section       25  cmd_process.o(.bss)
    .bss                                     0x20000076   Section      516  cmd_queue.o(.bss)
    que                                      0x20000076   Data         516  cmd_queue.o(.bss)
    .bss                                     0x2000027c   Section       96  libspace.o(.bss)
    HEAP                                     0x200002e0   Section        0  startup_msp432p401r_uvision.o(HEAP)
    STACK                                    0x200002e0   Section      512  startup_msp432p401r_uvision.o(STACK)
    Heap_Mem                                 0x200002e0   Data           0  startup_msp432p401r_uvision.o(HEAP)
    Stack_Mem                                0x200002e0   Data         512  startup_msp432p401r_uvision.o(STACK)
    __initial_sp                             0x200004e0   Data           0  startup_msp432p401r_uvision.o(STACK)

    Global Symbols

    Symbol Name                              Value     Ov Type        Size  Object(Section)

    BuildAttributes$$THM_ISAv4$E$P$D$K$B$S$7EM$VFPi3$EXTD16$VFPS$VFMA$PE$A:L22UL41UL21$X:L11$S22US41US21$IEEE1$IW$USESV6$~STKCKD$USESV7$~SHL$OTIME$ROPI$IEEEJ$EBA8$UX$STANDARDLIB$REQ8$PRES8$EABIv2 0x00000000   Number         0  anon$$obj.o ABSOLUTE
    __ARM_use_no_argv                        0x00000000   Number         0  main.o ABSOLUTE
    __Vectors                                0x00000000   Data           4  startup_msp432p401r_uvision.o(RESET)
    _printf_flags                            0x00000000   Number         0  printf_stubs.o ABSOLUTE
    _printf_return_value                     0x00000000   Number         0  printf_stubs.o ABSOLUTE
    _printf_sizespec                         0x00000000   Number         0  printf_stubs.o ABSOLUTE
    _printf_widthprec                        0x00000000   Number         0  printf_stubs.o ABSOLUTE
    __ARM_exceptions_init                     - Undefined Weak Reference
    __alloca_initialize                       - Undefined Weak Reference
    __arm_fini_                               - Undefined Weak Reference
    __arm_preinit_                            - Undefined Weak Reference
    __cpp_initialize__aeabi_                  - Undefined Weak Reference
    __cxa_finalize                            - Undefined Weak Reference
    __sigvec_lookup                           - Undefined Weak Reference
    _atexit_init                              - Undefined Weak Reference
    _call_atexit_fns                          - Undefined Weak Reference
    _clock_init                               - Undefined Weak Reference
    _fp_trap_init                             - Undefined Weak Reference
    _fp_trap_shutdown                         - Undefined Weak Reference
    _get_lc_collate                           - Undefined Weak Reference
    _get_lc_monetary                          - Undefined Weak Reference
    _get_lc_time                              - Undefined Weak Reference
    _getenv_init                              - Undefined Weak Reference
    _handle_redirection                       - Undefined Weak Reference
    _init_alloc                               - Undefined Weak Reference
    _init_user_alloc                          - Undefined Weak Reference
    _initio                                   - Undefined Weak Reference
    _printf_mbtowc                            - Undefined Weak Reference
    _printf_wc                                - Undefined Weak Reference
    _rand_init                                - Undefined Weak Reference
    _signal_finish                            - Undefined Weak Reference
    _signal_init                              - Undefined Weak Reference
    _terminate_alloc                          - Undefined Weak Reference
    _terminate_user_alloc                     - Undefined Weak Reference
    _terminateio                              - Undefined Weak Reference
    __Vectors_End                            0x00000144   Data           0  startup_msp432p401r_uvision.o(RESET)
    __Vectors_Size                           0x00000144   Number         0  startup_msp432p401r_uvision.o ABSOLUTE
    __main                                   0x00000145   Thumb Code     8  __main.o(!!!main)
    __scatterload                            0x0000014d   Thumb Code     0  __scatter.o(!!!scatter)
    __scatterload_rt2                        0x0000014d   Thumb Code    44  __scatter.o(!!!scatter)
    __scatterload_rt2_thumb_only             0x0000014d   Thumb Code     0  __scatter.o(!!!scatter)
    __scatterload_null                       0x0000015b   Thumb Code     0  __scatter.o(!!!scatter)
    __scatterload_copy                       0x00000181   Thumb Code    26  __scatter_copy.o(!!handler_copy)
    __scatterload_zeroinit                   0x0000019d   Thumb Code    28  __scatter_zi.o(!!handler_zi)
    __rt_lib_init                            0x000001b9   Thumb Code     0  libinit.o(.ARM.Collect$$libinit$$00000000)
    __rt_lib_init_fp_1                       0x000001bb   Thumb Code     0  libinit2.o(.ARM.Collect$$libinit$$00000001)
    __rt_lib_init_alloca_1                   0x000001bf   Thumb Code     0  libinit2.o(.ARM.Collect$$libinit$$0000002E)
    __rt_lib_init_argv_1                     0x000001bf   Thumb Code     0  libinit2.o(.ARM.Collect$$libinit$$0000002C)
    __rt_lib_init_atexit_1                   0x000001bf   Thumb Code     0  libinit2.o(.ARM.Collect$$libinit$$0000001B)
    __rt_lib_init_clock_1                    0x000001bf   Thumb Code     0  libinit2.o(.ARM.Collect$$libinit$$00000021)
    __rt_lib_init_cpp_1                      0x000001bf   Thumb Code     0  libinit2.o(.ARM.Collect$$libinit$$00000032)
    __rt_lib_init_exceptions_1               0x000001bf   Thumb Code     0  libinit2.o(.ARM.Collect$$libinit$$00000030)
    __rt_lib_init_fp_trap_1                  0x000001bf   Thumb Code     0  libinit2.o(.ARM.Collect$$libinit$$0000001F)
    __rt_lib_init_getenv_1                   0x000001bf   Thumb Code     0  libinit2.o(.ARM.Collect$$libinit$$00000023)
    __rt_lib_init_heap_1                     0x000001bf   Thumb Code     0  libinit2.o(.ARM.Collect$$libinit$$0000000A)
    __rt_lib_init_lc_collate_1               0x000001bf   Thumb Code     0  libinit2.o(.ARM.Collect$$libinit$$00000011)
    __rt_lib_init_lc_ctype_1                 0x000001bf   Thumb Code     0  libinit2.o(.ARM.Collect$$libinit$$00000013)
    __rt_lib_init_lc_monetary_1              0x000001bf   Thumb Code     0  libinit2.o(.ARM.Collect$$libinit$$00000015)
    __rt_lib_init_lc_numeric_1               0x000001bf   Thumb Code     0  libinit2.o(.ARM.Collect$$libinit$$00000017)
    __rt_lib_init_lc_time_1                  0x000001bf   Thumb Code     0  libinit2.o(.ARM.Collect$$libinit$$00000019)
    __rt_lib_init_preinit_1                  0x000001bf   Thumb Code     0  libinit2.o(.ARM.Collect$$libinit$$00000004)
    __rt_lib_init_rand_1                     0x000001bf   Thumb Code     0  libinit2.o(.ARM.Collect$$libinit$$0000000E)
    __rt_lib_init_return                     0x000001bf   Thumb Code     0  libinit2.o(.ARM.Collect$$libinit$$00000033)
    __rt_lib_init_signal_1                   0x000001bf   Thumb Code     0  libinit2.o(.ARM.Collect$$libinit$$0000001D)
    __rt_lib_init_stdio_1                    0x000001bf   Thumb Code     0  libinit2.o(.ARM.Collect$$libinit$$00000025)
    __rt_lib_init_user_alloc_1               0x000001bf   Thumb Code     0  libinit2.o(.ARM.Collect$$libinit$$0000000C)
    __rt_lib_shutdown                        0x000001c1   Thumb Code     0  libshutdown.o(.ARM.Collect$$libshutdown$$00000000)
    __rt_lib_shutdown_cpp_1                  0x000001c3   Thumb Code     0  libshutdown2.o(.ARM.Collect$$libshutdown$$00000004)
    __rt_lib_shutdown_fini_1                 0x000001c3   Thumb Code     0  libshutdown2.o(.ARM.Collect$$libshutdown$$00000002)
    __rt_lib_shutdown_fp_trap_1              0x000001c3   Thumb Code     0  libshutdown2.o(.ARM.Collect$$libshutdown$$00000009)
    __rt_lib_shutdown_heap_1                 0x000001c3   Thumb Code     0  libshutdown2.o(.ARM.Collect$$libshutdown$$00000011)
    __rt_lib_shutdown_return                 0x000001c3   Thumb Code     0  libshutdown2.o(.ARM.Collect$$libshutdown$$00000012)
    __rt_lib_shutdown_signal_1               0x000001c3   Thumb Code     0  libshutdown2.o(.ARM.Collect$$libshutdown$$0000000C)
    __rt_lib_shutdown_stdio_1                0x000001c3   Thumb Code     0  libshutdown2.o(.ARM.Collect$$libshutdown$$00000006)
    __rt_lib_shutdown_user_alloc_1           0x000001c3   Thumb Code     0  libshutdown2.o(.ARM.Collect$$libshutdown$$0000000E)
    __rt_entry                               0x000001c5   Thumb Code     0  __rtentry.o(.ARM.Collect$$rtentry$$00000000)
    __rt_entry_presh_1                       0x000001c5   Thumb Code     0  __rtentry2.o(.ARM.Collect$$rtentry$$00000002)
    __rt_entry_sh                            0x000001c5   Thumb Code     0  __rtentry4.o(.ARM.Collect$$rtentry$$00000004)
    __rt_entry_li                            0x000001cb   Thumb Code     0  __rtentry2.o(.ARM.Collect$$rtentry$$0000000A)
    __rt_entry_postsh_1                      0x000001cb   Thumb Code     0  __rtentry2.o(.ARM.Collect$$rtentry$$00000009)
    __rt_entry_main                          0x000001cf   Thumb Code     0  __rtentry2.o(.ARM.Collect$$rtentry$$0000000D)
    __rt_entry_postli_1                      0x000001cf   Thumb Code     0  __rtentry2.o(.ARM.Collect$$rtentry$$0000000C)
    __rt_exit                                0x000001d7   Thumb Code     0  rtexit.o(.ARM.Collect$$rtexit$$00000000)
    __rt_exit_ls                             0x000001d9   Thumb Code     0  rtexit2.o(.ARM.Collect$$rtexit$$00000003)
    __rt_exit_prels_1                        0x000001d9   Thumb Code     0  rtexit2.o(.ARM.Collect$$rtexit$$00000002)
    __rt_exit_exit                           0x000001dd   Thumb Code     0  rtexit2.o(.ARM.Collect$$rtexit$$00000004)
    CPU_cpsid                                0x000001e5   Thumb Code     8  cpu.o(.emb_text)
    CPU_primask                              0x000001ed   Thumb Code     6  cpu.o(.emb_text)
    CPU_cpsie                                0x000001f3   Thumb Code     8  cpu.o(.emb_text)
    CPU_wfi                                  0x000001fb   Thumb Code     4  cpu.o(.emb_text)
    CPU_basepriSet                           0x000001ff   Thumb Code     6  cpu.o(.emb_text)
    CPU_basepriGet                           0x00000205   Thumb Code     6  cpu.o(.emb_text)
    Reset_Handler                            0x0000020d   Thumb Code     8  startup_msp432p401r_uvision.o(.text)
    NMI_Handler                              0x00000215   Thumb Code     2  startup_msp432p401r_uvision.o(.text)
    HardFault_Handler                        0x00000217   Thumb Code     2  startup_msp432p401r_uvision.o(.text)
    MemManage_Handler                        0x00000219   Thumb Code     2  startup_msp432p401r_uvision.o(.text)
    BusFault_Handler                         0x0000021b   Thumb Code     2  startup_msp432p401r_uvision.o(.text)
    UsageFault_Handler                       0x0000021d   Thumb Code     2  startup_msp432p401r_uvision.o(.text)
    SVC_Handler                              0x0000021f   Thumb Code     2  startup_msp432p401r_uvision.o(.text)
    DebugMon_Handler                         0x00000221   Thumb Code     2  startup_msp432p401r_uvision.o(.text)
    PendSV_Handler                           0x00000223   Thumb Code     2  startup_msp432p401r_uvision.o(.text)
    SysTick_Handler                          0x00000225   Thumb Code     2  startup_msp432p401r_uvision.o(.text)
    ADC14_IRQHandler                         0x00000227   Thumb Code     0  startup_msp432p401r_uvision.o(.text)
    AES256_IRQHandler                        0x00000227   Thumb Code     0  startup_msp432p401r_uvision.o(.text)
    COMP_E0_IRQHandler                       0x00000227   Thumb Code     0  startup_msp432p401r_uvision.o(.text)
    COMP_E1_IRQHandler                       0x00000227   Thumb Code     0  startup_msp432p401r_uvision.o(.text)
    CS_IRQHandler                            0x00000227   Thumb Code     0  startup_msp432p401r_uvision.o(.text)
    DMA_ERR_IRQHandler                       0x00000227   Thumb Code     0  startup_msp432p401r_uvision.o(.text)
    DMA_INT0_IRQHandler                      0x00000227   Thumb Code     0  startup_msp432p401r_uvision.o(.text)
    DMA_INT1_IRQHandler                      0x00000227   Thumb Code     0  startup_msp432p401r_uvision.o(.text)
    DMA_INT2_IRQHandler                      0x00000227   Thumb Code     0  startup_msp432p401r_uvision.o(.text)
    DMA_INT3_IRQHandler                      0x00000227   Thumb Code     0  startup_msp432p401r_uvision.o(.text)
    EUSCIB0_IRQHandler                       0x00000227   Thumb Code     0  startup_msp432p401r_uvision.o(.text)
    EUSCIB1_IRQHandler                       0x00000227   Thumb Code     0  startup_msp432p401r_uvision.o(.text)
    EUSCIB2_IRQHandler                       0x00000227   Thumb Code     0  startup_msp432p401r_uvision.o(.text)
    EUSCIB3_IRQHandler                       0x00000227   Thumb Code     0  startup_msp432p401r_uvision.o(.text)
    FLCTL_IRQHandler                         0x00000227   Thumb Code     0  startup_msp432p401r_uvision.o(.text)
    FPU_IRQHandler                           0x00000227   Thumb Code     0  startup_msp432p401r_uvision.o(.text)
    PCM_IRQHandler                           0x00000227   Thumb Code     0  startup_msp432p401r_uvision.o(.text)
    PORT1_IRQHandler                         0x00000227   Thumb Code     0  startup_msp432p401r_uvision.o(.text)
    PORT2_IRQHandler                         0x00000227   Thumb Code     0  startup_msp432p401r_uvision.o(.text)
    PORT3_IRQHandler                         0x00000227   Thumb Code     0  startup_msp432p401r_uvision.o(.text)
    PORT4_IRQHandler                         0x00000227   Thumb Code     0  startup_msp432p401r_uvision.o(.text)
    PORT5_IRQHandler                         0x00000227   Thumb Code     0  startup_msp432p401r_uvision.o(.text)
    PORT6_IRQHandler                         0x00000227   Thumb Code     0  startup_msp432p401r_uvision.o(.text)
    PSS_IRQHandler                           0x00000227   Thumb Code     0  startup_msp432p401r_uvision.o(.text)
    T32_INT1_IRQHandler                      0x00000227   Thumb Code     0  startup_msp432p401r_uvision.o(.text)
    T32_INT2_IRQHandler                      0x00000227   Thumb Code     0  startup_msp432p401r_uvision.o(.text)
    T32_INTC_IRQHandler                      0x00000227   Thumb Code     0  startup_msp432p401r_uvision.o(.text)
    TA0_0_IRQHandler                         0x00000227   Thumb Code     0  startup_msp432p401r_uvision.o(.text)
    TA0_N_IRQHandler                         0x00000227   Thumb Code     0  startup_msp432p401r_uvision.o(.text)
    TA1_0_IRQHandler                         0x00000227   Thumb Code     0  startup_msp432p401r_uvision.o(.text)
    TA1_N_IRQHandler                         0x00000227   Thumb Code     0  startup_msp432p401r_uvision.o(.text)
    TA2_0_IRQHandler                         0x00000227   Thumb Code     0  startup_msp432p401r_uvision.o(.text)
    TA2_N_IRQHandler                         0x00000227   Thumb Code     0  startup_msp432p401r_uvision.o(.text)
    TA3_0_IRQHandler                         0x00000227   Thumb Code     0  startup_msp432p401r_uvision.o(.text)
    TA3_N_IRQHandler                         0x00000227   Thumb Code     0  startup_msp432p401r_uvision.o(.text)
    WDT_A_IRQHandler                         0x00000227   Thumb Code     0  startup_msp432p401r_uvision.o(.text)
    __user_initial_stackheap                 0x00000229   Thumb Code    10  startup_msp432p401r_uvision.o(.text)
    __use_two_region_memory                  0x00000249   Thumb Code     2  heapauxi.o(.text)
    __rt_heap_escrow$2region                 0x0000024b   Thumb Code     2  heapauxi.o(.text)
    __rt_heap_expand$2region                 0x0000024d   Thumb Code     2  heapauxi.o(.text)
    __user_libspace                          0x00000251   Thumb Code     8  libspace.o(.text)
    __user_perproc_libspace                  0x00000251   Thumb Code     0  libspace.o(.text)
    __user_perthread_libspace                0x00000251   Thumb Code     0  libspace.o(.text)
    __user_setup_stackheap                   0x00000259   Thumb Code    74  sys_stackheap_outer.o(.text)
    exit                                     0x000002a3   Thumb Code    18  exit.o(.text)
    _sys_exit                                0x000002b5   Thumb Code     8  sys_exit.o(.text)
    __I$use$semihosting                      0x000002c1   Thumb Code     0  use_no_semi.o(.text)
    __use_no_semihosting_swi                 0x000002c1   Thumb Code     2  use_no_semi.o(.text)
    __semihosting_library_function           0x000002c3   Thumb Code     0  indicate_semi.o(.text)
    CS_initClockSignal                       0x000002c5   Thumb Code   222  cs.o(i.CS_initClockSignal)
    CS_setDCOCenteredFrequency               0x000003c1   Thumb Code    28  cs.o(i.CS_setDCOCenteredFrequency)
    CS_setDCOFrequency                       0x000003e5   Thumb Code   320  cs.o(i.CS_setDCOFrequency)
    CS_setExternalClockSourceFrequency       0x00000561   Thumb Code     8  cs.o(i.CS_setExternalClockSourceFrequency)
    CS_setReferenceOscillatorFrequency       0x0000056d   Thumb Code    20  cs.o(i.CS_setReferenceOscillatorFrequency)
    CS_startHFXT                             0x0000058d   Thumb Code     6  cs.o(i.CS_startHFXT)
    CS_startHFXTWithTimeout                  0x00000595   Thumb Code   262  cs.o(i.CS_startHFXTWithTimeout)
    CS_startLFXT                             0x000006d9   Thumb Code     6  cs.o(i.CS_startLFXT)
    CS_startLFXTWithTimeout                  0x000006e1   Thumb Code   158  cs.o(i.CS_startLFXTWithTimeout)
    CS_tuneDCOFrequency                      0x00000795   Thumb Code    72  cs.o(i.CS_tuneDCOFrequency)
    EUSCIA0_IRQHandler                       0x000007ed   Thumb Code    28  usart.o(i.EUSCIA0_IRQHandler)
    EUSCIA1_IRQHandler                       0x00000811   Thumb Code    28  usart.o(i.EUSCIA1_IRQHandler)
    EUSCIA2_IRQHandler                       0x00000835   Thumb Code    58  hmi_user_uart.o(i.EUSCIA2_IRQHandler)
    EUSCIA3_IRQHandler                       0x00000879   Thumb Code    28  usart.o(i.EUSCIA3_IRQHandler)
    FPU_enableModule                         0x0000089d   Thumb Code    12  fpu.o(i.FPU_enableModule)
    FlashCtl_setWaitState                    0x000008ad   Thumb Code    38  flash.o(i.FlashCtl_setWaitState)
    GPIO_setAsPeripheralModuleFunctionOutputPin 0x000008d9   Thumb Code    68  gpio.o(i.GPIO_setAsPeripheralModuleFunctionOutputPin)
    Interrupt_enableInterrupt                0x00000921   Thumb Code    92  interrupt.o(i.Interrupt_enableInterrupt)
    Interrupt_enableMaster                   0x00000985   Thumb Code    14  interrupt.o(i.Interrupt_enableMaster)
    NotifyButton                             0x00000995   Thumb Code    36  cmd_process.o(i.NotifyButton)
    NotifyMenu                               0x000009c5   Thumb Code     6  cmd_process.o(i.NotifyMenu)
    NotifyMeter                              0x000009cb   Thumb Code     2  cmd_process.o(i.NotifyMeter)
    NotifyProgress                           0x000009cd   Thumb Code     2  cmd_process.o(i.NotifyProgress)
    NotifyReadFlash                          0x000009cf   Thumb Code     2  cmd_process.o(i.NotifyReadFlash)
    NotifyReadRTC                            0x000009d1   Thumb Code     8  cmd_process.o(i.NotifyReadRTC)
    NotifyScreen                             0x000009d9   Thumb Code     2  cmd_process.o(i.NotifyScreen)
    NotifySelector                           0x000009db   Thumb Code     2  cmd_process.o(i.NotifySelector)
    NotifySlider                             0x000009dd   Thumb Code     2  cmd_process.o(i.NotifySlider)
    NotifyText                               0x000009df   Thumb Code     2  cmd_process.o(i.NotifyText)
    NotifyTimer                              0x000009e1   Thumb Code     2  cmd_process.o(i.NotifyTimer)
    NotifyTouchXY                            0x000009e3   Thumb Code     2  cmd_process.o(i.NotifyTouchXY)
    NotifyWriteFlash                         0x000009e5   Thumb Code     2  cmd_process.o(i.NotifyWriteFlash)
    PCM_getCoreVoltageLevel                  0x000009e9   Thumb Code    70  pcm.o(i.PCM_getCoreVoltageLevel)
    PCM_getPowerMode                         0x00000a35   Thumb Code    62  pcm.o(i.PCM_getPowerMode)
    PCM_setCoreVoltageLevel                  0x00000a79   Thumb Code     8  pcm.o(i.PCM_setCoreVoltageLevel)
    Param_Update                             0x00000a81   Thumb Code    24  hmi_user_uart.o(i.Param_Update)
    ProcessMessage                           0x00000a9d   Thumb Code   406  cmd_process.o(i.ProcessMessage)
    RTC_C_IRQHandler                         0x00000c39   Thumb Code    64  rtc.o(i.RTC_C_IRQHandler)
    RTC_C_clearInterruptFlag                 0x00000c7d   Thumb Code    68  rtc_c.o(i.RTC_C_clearInterruptFlag)
    RTC_C_enableInterrupt                    0x00000cc9   Thumb Code    52  rtc_c.o(i.RTC_C_enableInterrupt)
    RTC_C_getCalendarTime                    0x00000d05   Thumb Code    78  rtc_c.o(i.RTC_C_getCalendarTime)
    RTC_C_getEnabledInterruptStatus          0x00000d69   Thumb Code   100  rtc_c.o(i.RTC_C_getEnabledInterruptStatus)
    RTC_C_initCalendar                       0x00000dd5   Thumb Code    86  rtc_c.o(i.RTC_C_initCalendar)
    RTC_C_setCalendarAlarm                   0x00000e41   Thumb Code    34  rtc_c.o(i.RTC_C_setCalendarAlarm)
    RTC_C_setCalendarEvent                   0x00000e6d   Thumb Code    36  rtc_c.o(i.RTC_C_setCalendarEvent)
    RTC_C_startClock                         0x00000e99   Thumb Code    28  rtc_c.o(i.RTC_C_startClock)
    RtcInit                                  0x00000ebd   Thumb Code    82  rtc.o(i.RtcInit)
    SendChar                                 0x00000f19   Thumb Code    12  hmi_user_uart.o(i.SendChar)
    SendStrings                              0x00000f25   Thumb Code    22  hmi_driver.o(i.SendStrings)
    SetTextValue                             0x00000f3b   Thumb Code    82  hmi_driver.o(i.SetTextValue)
    SysCtl_disableNMISource                  0x00000f8d   Thumb Code    12  sysctl.o(i.SysCtl_disableNMISource)
    SysCtl_enableNMISource                   0x00000f9d   Thumb Code    10  sysctl.o(i.SysCtl_enableNMISource)
    SysCtl_getNMISourceStatus                0x00000fad   Thumb Code     6  sysctl.o(i.SysCtl_getNMISourceStatus)
    SysCtl_getTLVInfo                        0x00000fb9   Thumb Code    72  sysctl.o(i.SysCtl_getTLVInfo)
    SystemClockInit                          0x00001009   Thumb Code   212  systeminit.o(i.SystemClockInit)
    SystemInit                               0x000010e9   Thumb Code    86  system_msp432p401r.o(i.SystemInit)
    TFT_Init                                 0x00001155   Thumb Code    12  hmi_user_uart.o(i.TFT_Init)
    Usart2_Init                              0x00001161   Thumb Code    44  usart.o(i.Usart2_Init)
    Usart2_Init_It                           0x00001199   Thumb Code    52  usart.o(i.Usart2_Init_It)
    Usart2_SendByte                          0x000011d5   Thumb Code    18  usart.o(i.Usart2_SendByte)
    main                                     0x000013d5   Thumb Code    32  main.o(i.main)
    queue_find_cmd                           0x000013f5   Thumb Code   122  cmd_queue.o(i.queue_find_cmd)
    queue_push                               0x000014ad   Thumb Code    44  cmd_queue.o(i.queue_push)
    queue_reset                              0x000014dd   Thumb Code    18  cmd_queue.o(i.queue_reset)
    _fp_init                                 0x00001521   Thumb Code    10  fpinit.o(x$fpl$fpinit)
    __fplib_config_fpu_vfp                   0x00001529   Thumb Code     0  fpinit.o(x$fpl$fpinit)
    __fplib_config_pureend_doubles           0x00001529   Thumb Code     0  fpinit.o(x$fpl$fpinit)
    currentTime                              0x0000152c   Data          28  rtc.o(.constdata)
    uartConfig                               0x00001548   Data          36  usart.o(.constdata)
    Region$$Table$$Base                      0x000015fc   Number         0  anon$$obj.o(Region$$Table)
    Region$$Table$$Limit                     0x0000161c   Number         0  anon$$obj.o(Region$$Table)
    newTime                                  0x20000040   Data          28  rtc.o(.bss)
    cmd_buffer                               0x2000005c   Data          25  cmd_process.o(.bss)
    __libspace_start                         0x2000027c   Data          96  libspace.o(.bss)
    __temporary_stack_top$libspace           0x200002dc   Data           0  libspace.o(.bss)



==============================================================================

Memory Map of the image

  Image Entry point : 0x00000145

  Load Region LR_IROM1 (Base: 0x00000000, Size: 0x0000165c, Max: 0x00040000, ABSOLUTE)

    Execution Region ER_IROM1 (Exec base: 0x00000000, Load base: 0x00000000, Size: 0x0000161c, Max: 0x00040000, ABSOLUTE)

    Exec Addr    Load Addr    Size         Type   Attr      Idx    E Section Name        Object

    0x00000000   0x00000000   0x00000144   Data   RO         1402    RESET               startup_msp432p401r_uvision.o
    0x00000144   0x00000144   0x00000008   Code   RO         1966  * !!!main             c_w.l(__main.o)
    0x0000014c   0x0000014c   0x00000034   Code   RO         2270    !!!scatter          c_w.l(__scatter.o)
    0x00000180   0x00000180   0x0000001a   Code   RO         2272    !!handler_copy      c_w.l(__scatter_copy.o)
    0x0000019a   0x0000019a   0x00000002   PAD
    0x0000019c   0x0000019c   0x0000001c   Code   RO         2274    !!handler_zi        c_w.l(__scatter_zi.o)
    0x000001b8   0x000001b8   0x00000002   Code   RO         2138    .ARM.Collect$$libinit$$00000000  c_w.l(libinit.o)
    0x000001ba   0x000001ba   0x00000004   Code   RO         2139    .ARM.Collect$$libinit$$00000001  c_w.l(libinit2.o)
    0x000001be   0x000001be   0x00000000   Code   RO         2142    .ARM.Collect$$libinit$$00000004  c_w.l(libinit2.o)
    0x000001be   0x000001be   0x00000000   Code   RO         2145    .ARM.Collect$$libinit$$0000000A  c_w.l(libinit2.o)
    0x000001be   0x000001be   0x00000000   Code   RO         2147    .ARM.Collect$$libinit$$0000000C  c_w.l(libinit2.o)
    0x000001be   0x000001be   0x00000000   Code   RO         2149    .ARM.Collect$$libinit$$0000000E  c_w.l(libinit2.o)
    0x000001be   0x000001be   0x00000000   Code   RO         2152    .ARM.Collect$$libinit$$00000011  c_w.l(libinit2.o)
    0x000001be   0x000001be   0x00000000   Code   RO         2154    .ARM.Collect$$libinit$$00000013  c_w.l(libinit2.o)
    0x000001be   0x000001be   0x00000000   Code   RO         2156    .ARM.Collect$$libinit$$00000015  c_w.l(libinit2.o)
    0x000001be   0x000001be   0x00000000   Code   RO         2158    .ARM.Collect$$libinit$$00000017  c_w.l(libinit2.o)
    0x000001be   0x000001be   0x00000000   Code   RO         2160    .ARM.Collect$$libinit$$00000019  c_w.l(libinit2.o)
    0x000001be   0x000001be   0x00000000   Code   RO         2162    .ARM.Collect$$libinit$$0000001B  c_w.l(libinit2.o)
    0x000001be   0x000001be   0x00000000   Code   RO         2164    .ARM.Collect$$libinit$$0000001D  c_w.l(libinit2.o)
    0x000001be   0x000001be   0x00000000   Code   RO         2166    .ARM.Collect$$libinit$$0000001F  c_w.l(libinit2.o)
    0x000001be   0x000001be   0x00000000   Code   RO         2168    .ARM.Collect$$libinit$$00000021  c_w.l(libinit2.o)
    0x000001be   0x000001be   0x00000000   Code   RO         2170    .ARM.Collect$$libinit$$00000023  c_w.l(libinit2.o)
    0x000001be   0x000001be   0x00000000   Code   RO         2172    .ARM.Collect$$libinit$$00000025  c_w.l(libinit2.o)
    0x000001be   0x000001be   0x00000000   Code   RO         2176    .ARM.Collect$$libinit$$0000002C  c_w.l(libinit2.o)
    0x000001be   0x000001be   0x00000000   Code   RO         2178    .ARM.Collect$$libinit$$0000002E  c_w.l(libinit2.o)
    0x000001be   0x000001be   0x00000000   Code   RO         2180    .ARM.Collect$$libinit$$00000030  c_w.l(libinit2.o)
    0x000001be   0x000001be   0x00000000   Code   RO         2182    .ARM.Collect$$libinit$$00000032  c_w.l(libinit2.o)
    0x000001be   0x000001be   0x00000002   Code   RO         2183    .ARM.Collect$$libinit$$00000033  c_w.l(libinit2.o)
    0x000001c0   0x000001c0   0x00000002   Code   RO         2216    .ARM.Collect$$libshutdown$$00000000  c_w.l(libshutdown.o)
    0x000001c2   0x000001c2   0x00000000   Code   RO         2227    .ARM.Collect$$libshutdown$$00000002  c_w.l(libshutdown2.o)
    0x000001c2   0x000001c2   0x00000000   Code   RO         2229    .ARM.Collect$$libshutdown$$00000004  c_w.l(libshutdown2.o)
    0x000001c2   0x000001c2   0x00000000   Code   RO         2231    .ARM.Collect$$libshutdown$$00000006  c_w.l(libshutdown2.o)
    0x000001c2   0x000001c2   0x00000000   Code   RO         2234    .ARM.Collect$$libshutdown$$00000009  c_w.l(libshutdown2.o)
    0x000001c2   0x000001c2   0x00000000   Code   RO         2237    .ARM.Collect$$libshutdown$$0000000C  c_w.l(libshutdown2.o)
    0x000001c2   0x000001c2   0x00000000   Code   RO         2239    .ARM.Collect$$libshutdown$$0000000E  c_w.l(libshutdown2.o)
    0x000001c2   0x000001c2   0x00000000   Code   RO         2242    .ARM.Collect$$libshutdown$$00000011  c_w.l(libshutdown2.o)
    0x000001c2   0x000001c2   0x00000002   Code   RO         2243    .ARM.Collect$$libshutdown$$00000012  c_w.l(libshutdown2.o)
    0x000001c4   0x000001c4   0x00000000   Code   RO         1972    .ARM.Collect$$rtentry$$00000000  c_w.l(__rtentry.o)
    0x000001c4   0x000001c4   0x00000000   Code   RO         2056    .ARM.Collect$$rtentry$$00000002  c_w.l(__rtentry2.o)
    0x000001c4   0x000001c4   0x00000006   Code   RO         2068    .ARM.Collect$$rtentry$$00000004  c_w.l(__rtentry4.o)
    0x000001ca   0x000001ca   0x00000000   Code   RO         2058    .ARM.Collect$$rtentry$$00000009  c_w.l(__rtentry2.o)
    0x000001ca   0x000001ca   0x00000004   Code   RO         2059    .ARM.Collect$$rtentry$$0000000A  c_w.l(__rtentry2.o)
    0x000001ce   0x000001ce   0x00000000   Code   RO         2061    .ARM.Collect$$rtentry$$0000000C  c_w.l(__rtentry2.o)
    0x000001ce   0x000001ce   0x00000008   Code   RO         2062    .ARM.Collect$$rtentry$$0000000D  c_w.l(__rtentry2.o)
    0x000001d6   0x000001d6   0x00000002   Code   RO         2184    .ARM.Collect$$rtexit$$00000000  c_w.l(rtexit.o)
    0x000001d8   0x000001d8   0x00000000   Code   RO         2194    .ARM.Collect$$rtexit$$00000002  c_w.l(rtexit2.o)
    0x000001d8   0x000001d8   0x00000004   Code   RO         2195    .ARM.Collect$$rtexit$$00000003  c_w.l(rtexit2.o)
    0x000001dc   0x000001dc   0x00000006   Code   RO         2196    .ARM.Collect$$rtexit$$00000004  c_w.l(rtexit2.o)
    0x000001e2   0x000001e2   0x00000002   PAD
    0x000001e4   0x000001e4   0x00000026   Code   RO         1858    .emb_text           msp432p4xx_driverlib.lib(cpu.o)
    0x0000020a   0x0000020a   0x00000002   PAD
    0x0000020c   0x0000020c   0x0000003c   Code   RO         1403    .text               startup_msp432p401r_uvision.o
    0x00000248   0x00000248   0x00000006   Code   RO         1964    .text               c_w.l(heapauxi.o)
    0x0000024e   0x0000024e   0x00000002   PAD
    0x00000250   0x00000250   0x00000008   Code   RO         2122    .text               c_w.l(libspace.o)
    0x00000258   0x00000258   0x0000004a   Code   RO         2125    .text               c_w.l(sys_stackheap_outer.o)
    0x000002a2   0x000002a2   0x00000012   Code   RO         2129    .text               c_w.l(exit.o)
    0x000002b4   0x000002b4   0x0000000c   Code   RO         2206    .text               c_w.l(sys_exit.o)
    0x000002c0   0x000002c0   0x00000002   Code   RO         2217    .text               c_w.l(use_no_semi.o)
    0x000002c2   0x000002c2   0x00000000   Code   RO         2219    .text               c_w.l(indicate_semi.o)
    0x000002c2   0x000002c2   0x00000002   PAD
    0x000002c4   0x000002c4   0x000000fc   Code   RO         1463    i.CS_initClockSignal  msp432p4xx_driverlib.lib(cs.o)
    0x000003c0   0x000003c0   0x00000024   Code   RO         1466    i.CS_setDCOCenteredFrequency  msp432p4xx_driverlib.lib(cs.o)
    0x000003e4   0x000003e4   0x0000017c   Code   RO         1468    i.CS_setDCOFrequency  msp432p4xx_driverlib.lib(cs.o)
    0x00000560   0x00000560   0x0000000c   Code   RO         1469    i.CS_setExternalClockSourceFrequency  msp432p4xx_driverlib.lib(cs.o)
    0x0000056c   0x0000056c   0x00000020   Code   RO         1470    i.CS_setReferenceOscillatorFrequency  msp432p4xx_driverlib.lib(cs.o)
    0x0000058c   0x0000058c   0x00000006   Code   RO         1472    i.CS_startHFXT      msp432p4xx_driverlib.lib(cs.o)
    0x00000592   0x00000592   0x00000002   PAD
    0x00000594   0x00000594   0x00000144   Code   RO         1473    i.CS_startHFXTWithTimeout  msp432p4xx_driverlib.lib(cs.o)
    0x000006d8   0x000006d8   0x00000006   Code   RO         1474    i.CS_startLFXT      msp432p4xx_driverlib.lib(cs.o)
    0x000006de   0x000006de   0x00000002   PAD
    0x000006e0   0x000006e0   0x000000b4   Code   RO         1475    i.CS_startLFXTWithTimeout  msp432p4xx_driverlib.lib(cs.o)
    0x00000794   0x00000794   0x00000058   Code   RO         1476    i.CS_tuneDCOFrequency  msp432p4xx_driverlib.lib(cs.o)
    0x000007ec   0x000007ec   0x00000024   Code   RO          304    i.EUSCIA0_IRQHandler  usart.o
    0x00000810   0x00000810   0x00000024   Code   RO          305    i.EUSCIA1_IRQHandler  usart.o
    0x00000834   0x00000834   0x00000044   Code   RO         1358    i.EUSCIA2_IRQHandler  hmi_user_uart.o
    0x00000878   0x00000878   0x00000024   Code   RO          306    i.EUSCIA3_IRQHandler  usart.o
    0x0000089c   0x0000089c   0x00000010   Code   RO         1601    i.FPU_enableModule  msp432p4xx_driverlib.lib(fpu.o)
    0x000008ac   0x000008ac   0x0000002c   Code   RO         1543    i.FlashCtl_setWaitState  msp432p4xx_driverlib.lib(flash.o)
    0x000008d8   0x000008d8   0x00000048   Code   RO         1635    i.GPIO_setAsPeripheralModuleFunctionOutputPin  msp432p4xx_driverlib.lib(gpio.o)
    0x00000920   0x00000920   0x00000064   Code   RO         1674    i.Interrupt_enableInterrupt  msp432p4xx_driverlib.lib(interrupt.o)
    0x00000984   0x00000984   0x0000000e   Code   RO         1675    i.Interrupt_enableMaster  msp432p4xx_driverlib.lib(interrupt.o)
    0x00000992   0x00000992   0x00000002   PAD
    0x00000994   0x00000994   0x00000030   Code   RO          586    i.NotifyButton      cmd_process.o
    0x000009c4   0x000009c4   0x00000006   Code   RO          587    i.NotifyMenu        cmd_process.o
    0x000009ca   0x000009ca   0x00000002   Code   RO          588    i.NotifyMeter       cmd_process.o
    0x000009cc   0x000009cc   0x00000002   Code   RO          589    i.NotifyProgress    cmd_process.o
    0x000009ce   0x000009ce   0x00000002   Code   RO          590    i.NotifyReadFlash   cmd_process.o
    0x000009d0   0x000009d0   0x00000008   Code   RO          591    i.NotifyReadRTC     cmd_process.o
    0x000009d8   0x000009d8   0x00000002   Code   RO          592    i.NotifyScreen      cmd_process.o
    0x000009da   0x000009da   0x00000002   Code   RO          593    i.NotifySelector    cmd_process.o
    0x000009dc   0x000009dc   0x00000002   Code   RO          594    i.NotifySlider      cmd_process.o
    0x000009de   0x000009de   0x00000002   Code   RO          595    i.NotifyText        cmd_process.o
    0x000009e0   0x000009e0   0x00000002   Code   RO          596    i.NotifyTimer       cmd_process.o
    0x000009e2   0x000009e2   0x00000002   Code   RO          597    i.NotifyTouchXY     cmd_process.o
    0x000009e4   0x000009e4   0x00000002   Code   RO          598    i.NotifyWriteFlash  cmd_process.o
    0x000009e6   0x000009e6   0x00000002   PAD
    0x000009e8   0x000009e8   0x0000004c   Code   RO         1723    i.PCM_getCoreVoltageLevel  msp432p4xx_driverlib.lib(pcm.o)
    0x00000a34   0x00000a34   0x00000044   Code   RO         1726    i.PCM_getPowerMode  msp432p4xx_driverlib.lib(pcm.o)
    0x00000a78   0x00000a78   0x00000008   Code   RO         1735    i.PCM_setCoreVoltageLevel  msp432p4xx_driverlib.lib(pcm.o)
    0x00000a80   0x00000a80   0x0000001c   Code   RO         1359    i.Param_Update      hmi_user_uart.o
    0x00000a9c   0x00000a9c   0x0000019c   Code   RO          599    i.ProcessMessage    cmd_process.o
    0x00000c38   0x00000c38   0x00000044   Code   RO          263    i.RTC_C_IRQHandler  rtc.o
    0x00000c7c   0x00000c7c   0x0000004c   Code   RO         1786    i.RTC_C_clearInterruptFlag  msp432p4xx_driverlib.lib(rtc_c.o)
    0x00000cc8   0x00000cc8   0x0000003c   Code   RO         1791    i.RTC_C_enableInterrupt  msp432p4xx_driverlib.lib(rtc_c.o)
    0x00000d04   0x00000d04   0x00000064   Code   RO         1792    i.RTC_C_getCalendarTime  msp432p4xx_driverlib.lib(rtc_c.o)
    0x00000d68   0x00000d68   0x0000006c   Code   RO         1793    i.RTC_C_getEnabledInterruptStatus  msp432p4xx_driverlib.lib(rtc_c.o)
    0x00000dd4   0x00000dd4   0x0000006c   Code   RO         1797    i.RTC_C_initCalendar  msp432p4xx_driverlib.lib(rtc_c.o)
    0x00000e40   0x00000e40   0x0000002c   Code   RO         1799    i.RTC_C_setCalendarAlarm  msp432p4xx_driverlib.lib(rtc_c.o)
    0x00000e6c   0x00000e6c   0x0000002c   Code   RO         1800    i.RTC_C_setCalendarEvent  msp432p4xx_driverlib.lib(rtc_c.o)
    0x00000e98   0x00000e98   0x00000024   Code   RO         1805    i.RTC_C_startClock  msp432p4xx_driverlib.lib(rtc_c.o)
    0x00000ebc   0x00000ebc   0x0000005c   Code   RO          264    i.RtcInit           rtc.o
    0x00000f18   0x00000f18   0x0000000c   Code   RO         1360    i.SendChar          hmi_user_uart.o
    0x00000f24   0x00000f24   0x00000016   Code   RO          852    i.SendStrings       hmi_driver.o
    0x00000f3a   0x00000f3a   0x00000052   Code   RO          875    i.SetTextValue      hmi_driver.o
    0x00000f8c   0x00000f8c   0x00000010   Code   RO         1867    i.SysCtl_disableNMISource  msp432p4xx_driverlib.lib(sysctl.o)
    0x00000f9c   0x00000f9c   0x00000010   Code   RO         1872    i.SysCtl_enableNMISource  msp432p4xx_driverlib.lib(sysctl.o)
    0x00000fac   0x00000fac   0x0000000c   Code   RO         1877    i.SysCtl_getNMISourceStatus  msp432p4xx_driverlib.lib(sysctl.o)
    0x00000fb8   0x00000fb8   0x00000050   Code   RO         1879    i.SysCtl_getTLVInfo  msp432p4xx_driverlib.lib(sysctl.o)
    0x00001008   0x00001008   0x000000e0   Code   RO          236    i.SystemClockInit   systeminit.o
    0x000010e8   0x000010e8   0x0000006c   Code   RO         1411    i.SystemInit        system_msp432p401r.o
    0x00001154   0x00001154   0x0000000c   Code   RO         1361    i.TFT_Init          hmi_user_uart.o
    0x00001160   0x00001160   0x00000038   Code   RO          315    i.Usart2_Init       usart.o
    0x00001198   0x00001198   0x0000003c   Code   RO          316    i.Usart2_Init_It    usart.o
    0x000011d4   0x000011d4   0x0000001c   Code   RO          317    i.Usart2_SendByte   usart.o
    0x000011f0   0x000011f0   0x00000100   Code   RO         1746    i.__PCM_setCoreVoltageLevelAdvanced  msp432p4xx_driverlib.lib(pcm.o)
    0x000012f0   0x000012f0   0x000000e4   Code   RO         1747    i.__PCM_setPowerModeAdvanced  msp432p4xx_driverlib.lib(pcm.o)
    0x000013d4   0x000013d4   0x00000020   Code   RO            4    i.main              main.o
    0x000013f4   0x000013f4   0x00000084   Code   RO          735    i.queue_find_cmd    cmd_queue.o
    0x00001478   0x00001478   0x00000034   Code   RO          736    i.queue_pop         cmd_queue.o
    0x000014ac   0x000014ac   0x00000030   Code   RO          737    i.queue_push        cmd_queue.o
    0x000014dc   0x000014dc   0x00000020   Code   RO          738    i.queue_reset       cmd_queue.o
    0x000014fc   0x000014fc   0x00000024   Code   RO          739    i.queue_size        cmd_queue.o
    0x00001520   0x00001520   0x0000000a   Code   RO         2191    x$fpl$fpinit        fz_wm.l(fpinit.o)
    0x0000152a   0x0000152a   0x00000002   PAD
    0x0000152c   0x0000152c   0x0000001c   Data   RO          266    .constdata          rtc.o
    0x00001548   0x00001548   0x00000024   Data   RO          324    .constdata          usart.o
    0x0000156c   0x0000156c   0x00000090   Data   RO         1690    .constdata          msp432p4xx_driverlib.lib(interrupt.o)
    0x000015fc   0x000015fc   0x00000020   Data   RO         2268    Region$$Table       anon$$obj.o


    Execution Region RW_IRAM1 (Exec base: 0x20000000, Load base: 0x0000161c, Size: 0x000004e0, Max: 0x00010000, ABSOLUTE)

    Exec Addr    Load Addr    Size         Type   Attr      Idx    E Section Name        Object

    0x20000000   0x0000161c   0x00000006   Data   RW          741    .data               cmd_queue.o
    0x20000006   0x00001622   0x00000002   PAD
    0x20000008   0x00001624   0x00000008   Data   RW         1479    .data               msp432p4xx_driverlib.lib(cs.o)
    0x20000010   0x0000162c   0x00000030   Data   RW         1643    .data               msp432p4xx_driverlib.lib(gpio.o)
    0x20000040        -       0x0000001c   Zero   RW          265    .bss                rtc.o
    0x2000005c        -       0x00000019   Zero   RW          604    .bss                cmd_process.o
    0x20000075   0x0000165c   0x00000001   PAD
    0x20000076        -       0x00000204   Zero   RW          740    .bss                cmd_queue.o
    0x2000027a   0x0000165c   0x00000002   PAD
    0x2000027c        -       0x00000060   Zero   RW         2123    .bss                c_w.l(libspace.o)
    0x200002dc   0x0000165c   0x00000004   PAD
    0x200002e0        -       0x00000000   Zero   RW         1401    HEAP                startup_msp432p401r_uvision.o
    0x200002e0        -       0x00000200   Zero   RW         1400    STACK               startup_msp432p401r_uvision.o



  Load Region LR_IROM2 (Base: 0x00200000, Size: 0x00000000, Max: 0x00004000, ABSOLUTE)

    Execution Region ER_IROM2 (Exec base: 0x00200000, Load base: 0x00200000, Size: 0x00000000, Max: 0x00004000, ABSOLUTE)

    **** No section assigned to this execution region ****


==============================================================================

Image component sizes


      Code (inc. data)   RO Data    RW Data    ZI Data      Debug   Object Name

       494         30          0          0         25      15930   cmd_process.o
       300         38          0          6        516       4232   cmd_queue.o
       104          0          0          0          0       2065   hmi_driver.o
       120         14          0          0          0       2334   hmi_user_uart.o
        32          0          0          0          0      16323   main.o
       160         14         28          0         28       1791   rtc.o
        60         22        324          0        512        936   startup_msp432p401r_uvision.o
       108         22          0          0          0        541   system_msp432p401r.o
       224         12          0          0          0       3702   systeminit.o
       252         54         36          0          0       3928   usart.o

    ----------------------------------------------------------------------
      1856        206        420          8       1084      51782   Object Totals
         0          0         32          0          0          0   (incl. Generated)
         2          0          0          2          3          0   (incl. Padding)

    ----------------------------------------------------------------------

      Code (inc. data)   RO Data    RW Data    ZI Data      Debug   Library Member Name

         8          0          0          0          0         68   __main.o
         0          0          0          0          0          0   __rtentry.o
        12          0          0          0          0          0   __rtentry2.o
         6          0          0          0          0          0   __rtentry4.o
        52          8          0          0          0          0   __scatter.o
        26          0          0          0          0          0   __scatter_copy.o
        28          0          0          0          0          0   __scatter_zi.o
        18          0          0          0          0         80   exit.o
         6          0          0          0          0        152   heapauxi.o
         0          0          0          0          0          0   indicate_semi.o
         2          0          0          0          0          0   libinit.o
         6          0          0          0          0          0   libinit2.o
         2          0          0          0          0          0   libshutdown.o
         2          0          0          0          0          0   libshutdown2.o
         8          4          0          0         96         68   libspace.o
         2          0          0          0          0          0   rtexit.o
        10          0          0          0          0          0   rtexit2.o
        12          4          0          0          0         68   sys_exit.o
        74          0          0          0          0         80   sys_stackheap_outer.o
         2          0          0          0          0         68   use_no_semi.o
        10          0          0          0          0        116   fpinit.o
        38          0          0          0          0        196   cpu.o
      1316        214          0          8          0       1248   cs.o
        44          6          0          0          0        116   flash.o
        16          4          0          0          0        116   fpu.o
        72          4          0         48          0        116   gpio.o
       114          8        144          0          0        240   interrupt.o
       636        114          0          0          0        636   pcm.o
       576         94          0          0          0        956   rtc_c.o
       124         24          0          0          0        476   sysctl.o

    ----------------------------------------------------------------------
      3240        484        144         56        100       4800   Library Totals
        18          0          0          0          4          0   (incl. Padding)

    ----------------------------------------------------------------------

      Code (inc. data)   RO Data    RW Data    ZI Data      Debug   Library Name

       276         16          0          0         96        584   c_w.l
        10          0          0          0          0        116   fz_wm.l
      2936        468        144         56          0       4100   msp432p4xx_driverlib.lib

    ----------------------------------------------------------------------
      3240        484        144         56        100       4800   Library Totals

    ----------------------------------------------------------------------

==============================================================================


      Code (inc. data)   RO Data    RW Data    ZI Data      Debug   

      5096        690        564         64       1184      50326   Grand Totals
      5096        690        564         64       1184      50326   ELF Image Totals
      5096        690        564         64          0          0   ROM Totals

==============================================================================

    Total RO  Size (Code + RO Data)                 5660 (   5.53kB)
    Total RW  Size (RW Data + ZI Data)              1248 (   1.22kB)
    Total ROM Size (Code + RO Data + RW Data)       5724 (   5.59kB)

==============================================================================

