Component: ARM Compiler 5.06 update 7 (build 960) Tool: armlink [4d3601]

==============================================================================

Section Cross References

    main.o(i.main) refers to systeminit.o(i.SystemClockInit) for SystemClockInit
    main.o(i.main) refers to rtc.o(i.RtcInit) for RtcInit
    main.o(i.main) refers to delay.o(i.delay_ms) for delay_ms
    delay.o(i.delay_ms) refers to delay.o(i.delay_us) for delay_us
    delay.o(i.delay_s) refers to delay.o(i.delay_ms) for delay_ms
    delay.o(i.delay_us) refers to systick.o(i.SysTick_disableInterrupt) for SysTick_disableInterrupt
    delay.o(i.delay_us) refers to systick.o(i.SysTick_setPeriod) for SysTick_setPeriod
    delay.o(i.delay_us) refers to systick.o(i.SysTick_enableModule) for SysTick_enableModule
    delay.o(i.delay_us) refers to systick.o(i.SysTick_getValue) for SysTick_getValue
    delay.o(i.delay_us) refers to systick.o(i.SysTick_disableModule) for SysTick_disableModule
    systeminit.o(i.SystemClockInit) refers to cs.o(i.CS_setExternalClockSourceFrequency) for CS_setExternalClockSourceFrequency
    systeminit.o(i.SystemClockInit) refers to cs.o(i.CS_startLFXT) for CS_startLFXT
    systeminit.o(i.SystemClockInit) refers to gpio.o(i.GPIO_setAsPeripheralModuleFunctionOutputPin) for GPIO_setAsPeripheralModuleFunctionOutputPin
    systeminit.o(i.SystemClockInit) refers to pcm.o(i.PCM_setCoreVoltageLevel) for PCM_setCoreVoltageLevel
    systeminit.o(i.SystemClockInit) refers to flash.o(i.FlashCtl_setWaitState) for FlashCtl_setWaitState
    systeminit.o(i.SystemClockInit) refers to cs.o(i.CS_startHFXT) for CS_startHFXT
    systeminit.o(i.SystemClockInit) refers to fpu.o(i.FPU_enableModule) for FPU_enableModule
    systeminit.o(i.SystemClockInit) refers to cs.o(i.CS_setDCOFrequency) for CS_setDCOFrequency
    systeminit.o(i.SystemClockInit) refers to cs.o(i.CS_setDCOCenteredFrequency) for CS_setDCOCenteredFrequency
    systeminit.o(i.SystemClockInit) refers to cs.o(i.CS_initClockSignal) for CS_initClockSignal
    systeminit.o(i.SystemClockInit) refers to cs.o(i.CS_setReferenceOscillatorFrequency) for CS_setReferenceOscillatorFrequency
    rtc.o(i.RTC_C_IRQHandler) refers to rtc_c.o(i.RTC_C_getEnabledInterruptStatus) for RTC_C_getEnabledInterruptStatus
    rtc.o(i.RTC_C_IRQHandler) refers to rtc_c.o(i.RTC_C_clearInterruptFlag) for RTC_C_clearInterruptFlag
    rtc.o(i.RTC_C_IRQHandler) refers to rtc_c.o(i.RTC_C_getCalendarTime) for RTC_C_getCalendarTime
    rtc.o(i.RTC_C_IRQHandler) refers to rtc.o(.bss) for newTime
    rtc.o(i.RtcInit) refers to gpio.o(i.GPIO_setAsPeripheralModuleFunctionOutputPin) for GPIO_setAsPeripheralModuleFunctionOutputPin
    rtc.o(i.RtcInit) refers to cs.o(i.CS_setExternalClockSourceFrequency) for CS_setExternalClockSourceFrequency
    rtc.o(i.RtcInit) refers to cs.o(i.CS_startLFXT) for CS_startLFXT
    rtc.o(i.RtcInit) refers to rtc_c.o(i.RTC_C_initCalendar) for RTC_C_initCalendar
    rtc.o(i.RtcInit) refers to rtc_c.o(i.RTC_C_setCalendarAlarm) for RTC_C_setCalendarAlarm
    rtc.o(i.RtcInit) refers to rtc_c.o(i.RTC_C_setCalendarEvent) for RTC_C_setCalendarEvent
    rtc.o(i.RtcInit) refers to rtc_c.o(i.RTC_C_clearInterruptFlag) for RTC_C_clearInterruptFlag
    rtc.o(i.RtcInit) refers to rtc_c.o(i.RTC_C_enableInterrupt) for RTC_C_enableInterrupt
    rtc.o(i.RtcInit) refers to rtc_c.o(i.RTC_C_startClock) for RTC_C_startClock
    rtc.o(i.RtcInit) refers to interrupt.o(i.Interrupt_enableInterrupt) for Interrupt_enableInterrupt
    rtc.o(i.RtcInit) refers to interrupt.o(i.Interrupt_enableMaster) for Interrupt_enableMaster
    rtc.o(i.RtcInit) refers to rtc.o(.constdata) for currentTime
    led.o(i.LedInit) refers to gpio.o(i.GPIO_setAsOutputPin) for GPIO_setAsOutputPin
    led.o(i.LedPwm) refers to gpio.o(i.GPIO_setOutputHighOnPin) for GPIO_setOutputHighOnPin
    led.o(i.LedPwm) refers to delay.o(i.delay_us) for delay_us
    led.o(i.LedPwm) refers to gpio.o(i.GPIO_setOutputLowOnPin) for GPIO_setOutputLowOnPin
    led.o(i.LedPwm) refers to led.o(.data) for menu
    led.o(i.LedSet) refers to gpio.o(i.GPIO_setOutputHighOnPin) for GPIO_setOutputHighOnPin
    led.o(i.LedSet) refers to gpio.o(i.GPIO_setOutputLowOnPin) for GPIO_setOutputLowOnPin
    oled.o(i.OLED_Clear) refers to oled.o(i.OLED_WR_Byte) for OLED_WR_Byte
    oled.o(i.OLED_Display_Off) refers to oled.o(i.OLED_WR_Byte) for OLED_WR_Byte
    oled.o(i.OLED_Display_On) refers to oled.o(i.OLED_WR_Byte) for OLED_WR_Byte
    oled.o(i.OLED_DrawBMP) refers to oled.o(i.OLED_Set_Pos) for OLED_Set_Pos
    oled.o(i.OLED_DrawBMP) refers to oled.o(i.OLED_WR_Byte) for OLED_WR_Byte
    oled.o(i.OLED_Init) refers to gpio.o(i.GPIO_setAsOutputPin) for GPIO_setAsOutputPin
    oled.o(i.OLED_Init) refers to gpio.o(i.GPIO_setOutputHighOnPin) for GPIO_setOutputHighOnPin
    oled.o(i.OLED_Init) refers to delay.o(i.delay_ms) for delay_ms
    oled.o(i.OLED_Init) refers to gpio.o(i.GPIO_setOutputLowOnPin) for GPIO_setOutputLowOnPin
[...]
    pcm.o(i.PCM_shutdownDevice) refers to cpu.o(.emb_text) for CPU_wfi
    pcm.o(i.PCM_unregisterInterrupt) refers to interrupt.o(i.Interrupt_disableInterrupt) for Interrupt_disableInterrupt
    pcm.o(i.PCM_unregisterInterrupt) refers to interrupt.o(i.Interrupt_unregisterInterrupt) for Interrupt_unregisterInterrupt
    pcm.o(i.__PCM_setCoreVoltageLevelAdvanced) refers to pcm.o(i.PCM_getPowerMode) for PCM_getPowerMode
    pcm.o(i.__PCM_setCoreVoltageLevelAdvanced) refers to pcm.o(i.PCM_getCoreVoltageLevel) for PCM_getCoreVoltageLevel
    pcm.o(i.__PCM_setCoreVoltageLevelAdvanced) refers to pcm.o(i.__PCM_setPowerModeAdvanced) for __PCM_setPowerModeAdvanced
    pcm.o(i.__PCM_setPowerModeAdvanced) refers to pcm.o(i.PCM_getPowerMode) for PCM_getPowerMode
    pcm.o(i.__PCM_setPowerStateAdvanced) refers to pcm.o(i.__PCM_setCoreVoltageLevelAdvanced) for __PCM_setCoreVoltageLevelAdvanced
    pcm.o(i.__PCM_setPowerStateAdvanced) refers to pcm.o(i.__PCM_setPowerModeAdvanced) for __PCM_setPowerModeAdvanced
    pcm.o(i.__PCM_setPowerStateAdvanced) refers to pcm.o(i.PCM_gotoLPM0) for PCM_gotoLPM0
    pcm.o(i.__PCM_setPowerStateAdvanced) refers to pcm.o(i.PCM_gotoLPM3) for PCM_gotoLPM3
    pcm.o(i.__PCM_setPowerStateAdvanced) refers to wdt_a.o(i.WDT_A_holdTimer) for WDT_A_holdTimer
    pcm.o(i.__PCM_setPowerStateAdvanced) refers to rtc_c.o(i.RTC_C_holdClock) for RTC_C_holdClock
    pcm.o(i.__PCM_setPowerStateAdvanced) refers to cpu.o(.emb_text) for CPU_wfi
    rtc_c.o(i.RTC_C_registerInterrupt) refers to interrupt.o(i.Interrupt_registerInterrupt) for Interrupt_registerInterrupt
    rtc_c.o(i.RTC_C_registerInterrupt) refers to interrupt.o(i.Interrupt_enableInterrupt) for Interrupt_enableInterrupt
    rtc_c.o(i.RTC_C_unregisterInterrupt) refers to interrupt.o(i.Interrupt_disableInterrupt) for Interrupt_disableInterrupt
    rtc_c.o(i.RTC_C_unregisterInterrupt) refers to interrupt.o(i.Interrupt_unregisterInterrupt) for Interrupt_unregisterInterrupt
    systick.o(i.SysTick_registerInterrupt) refers to interrupt.o(i.Interrupt_registerInterrupt) for Interrupt_registerInterrupt
    systick.o(i.SysTick_unregisterInterrupt) refers to interrupt.o(i.Interrupt_unregisterInterrupt) for Interrupt_unregisterInterrupt
    wdt_a.o(i.WDT_A_registerInterrupt) refers to interrupt.o(i.Interrupt_registerInterrupt) for Interrupt_registerInterrupt
    wdt_a.o(i.WDT_A_registerInterrupt) refers to interrupt.o(i.Interrupt_enableInterrupt) for Interrupt_enableInterrupt
    wdt_a.o(i.WDT_A_setPasswordViolationReset) refers to sysctl.o(i.SysCtl_setWDTPasswordViolationResetType) for SysCtl_setWDTPasswordViolationResetType
    wdt_a.o(i.WDT_A_setTimeoutReset) refers to sysctl.o(i.SysCtl_setWDTTimeoutResetType) for SysCtl_setWDTTimeoutResetType
    wdt_a.o(i.WDT_A_unregisterInterrupt) refers to interrupt.o(i.Interrupt_disableInterrupt) for Interrupt_disableInterrupt
    wdt_a.o(i.WDT_A_unregisterInterrupt) refers to interrupt.o(i.Interrupt_unregisterInterrupt) for Interrupt_unregisterInterrupt
    __main.o(!!!main) refers to __rtentry.o(.ARM.Collect$$rtentry$$00000000) for __rt_entry
    __rtentry.o(.ARM.Collect$$rtentry$$00000000) refers (Special) to __rtentry2.o(.ARM.Collect$$rtentry$$0000000A) for __rt_entry_li
    __rtentry.o(.ARM.Collect$$rtentry$$00000000) refers (Special) to __rtentry2.o(.ARM.Collect$$rtentry$$0000000D) for __rt_entry_main
    __rtentry.o(.ARM.Collect$$rtentry$$00000000) refers (Special) to __rtentry2.o(.ARM.Collect$$rtentry$$0000000C) for __rt_entry_postli_1
    __rtentry.o(.ARM.Collect$$rtentry$$00000000) refers (Special) to __rtentry2.o(.ARM.Collect$$rtentry$$00000009) for __rt_entry_postsh_1
    __rtentry.o(.ARM.Collect$$rtentry$$00000000) refers (Special) to __rtentry2.o(.ARM.Collect$$rtentry$$00000002) for __rt_entry_presh_1
    __rtentry.o(.ARM.Collect$$rtentry$$00000000) refers (Special) to __rtentry4.o(.ARM.Collect$$rtentry$$00000004) for __rt_entry_sh
    __rtentry2.o(.ARM.Collect$$rtentry$$00000008) refers to boardinit2.o(.text) for _platform_post_stackheap_init
    __rtentry2.o(.ARM.Collect$$rtentry$$0000000A) refers to libinit.o(.ARM.Collect$$libinit$$00000000) for __rt_lib_init
    __rtentry2.o(.ARM.Collect$$rtentry$$0000000B) refers to boardinit3.o(.text) for _platform_post_lib_init
    __rtentry2.o(.ARM.Collect$$rtentry$$0000000D) refers to main.o(i.main) for main
    __rtentry2.o(.ARM.Collect$$rtentry$$0000000D) refers to exit.o(.text) for exit
    __rtentry2.o(.ARM.exidx) refers to __rtentry2.o(.ARM.Collect$$rtentry$$00000001) for .ARM.Collect$$rtentry$$00000001
    __rtentry2.o(.ARM.exidx) refers to __rtentry2.o(.ARM.Collect$$rtentry$$00000008) for .ARM.Collect$$rtentry$$00000008
    __rtentry2.o(.ARM.exidx) refers to __rtentry2.o(.ARM.Collect$$rtentry$$0000000A) for .ARM.Collect$$rtentry$$0000000A
    __rtentry2.o(.ARM.exidx) refers to __rtentry2.o(.ARM.Collect$$rtentry$$0000000B) for .ARM.Collect$$rtentry$$0000000B
    __rtentry2.o(.ARM.exidx) refers to __rtentry2.o(.ARM.Collect$$rtentry$$0000000D) for .ARM.Collect$$rtentry$$0000000D
    __rtentry4.o(.ARM.Collect$$rtentry$$00000004) refers to sys_stackheap_outer.o(.text) for __user_setup_stackheap
    __rtentry4.o(.ARM.exidx) refers to __rtentry4.o(.ARM.Collect$$rtentry$$00000004) for .ARM.Collect$$rtentry$$00000004
    sys_stackheap_outer.o(.text) refers to libspace.o(.text) for __user_perproc_libspace
    sys_stackheap_outer.o(.text) refers to startup_msp432p401r_uvision.o(.text) for __user_initial_stackheap
    exit.o(.text) refers to rtexit.o(.ARM.Collect$$rtexit$$00000000) for __rt_exit
    libinit.o(.ARM.Collect$$libinit$$00000000) refers (Special) to libinit2.o(.ARM.Collect$$libinit$$0000002E) for __rt_lib_init_alloca_1
    libinit.o(.ARM.Collect$$libinit$$00000000) refers (Special) to libinit2.o(.ARM.Collect$$libinit$$0000002C) for __rt_lib_init_argv_1
    libinit.o(.ARM.Collect$$libinit$$00000000) refers (Special) to libinit2.o(.ARM.Collect$$libinit$$0000001B) for __rt_lib_init_atexit_1
    libinit.o(.ARM.Collect$$libinit$$00000000) refers (Special) to libinit2.o(.ARM.Collect$$libinit$$00000021) for __rt_lib_init_clock_1
    libinit.o(.ARM.Collect$$libinit$$00000000) refers (Special) to libinit2.o(.ARM.Collect$$libinit$$00000032) for __rt_lib_init_cpp_1
    libinit.o(.ARM.Collect$$libinit$$00000000) refers (Special) to libinit2.o(.ARM.Collect$$libinit$$00000030) for __rt_lib_init_exceptions_1
    libinit.o(.ARM.Collect$$libinit$$00000000) refers (Special) to libinit2.o(.ARM.Collect$$libinit$$00000001) for __rt_lib_init_fp_1
    libinit.o(.ARM.Collect$$libinit$$00000000) refers (Special) to libinit2.o(.ARM.Collect$$libinit$$0000001F) for __rt_lib_init_fp_trap_1
    libinit.o(.ARM.Collect$$libinit$$00000000) refers (Special) to libinit2.o(.ARM.Collect$$libinit$$00000023) for __rt_lib_init_getenv_1
    libinit.o(.ARM.Collect$$libinit$$00000000) refers (Special) to libinit2.o(.ARM.Collect$$libinit$$0000000A) for __rt_lib_init_heap_1
    libinit.o(.ARM.Collect$$libinit$$00000000) refers (Special) to libinit2.o(.ARM.Collect$$libinit$$00000011) for __rt_lib_init_lc_collate_1
    libinit.o(.ARM.Collect$$libinit$$00000000) refers (Special) to libinit2.o(.ARM.Collect$$libinit$$00000013) for __rt_lib_init_lc_ctype_1
    libinit.o(.ARM.Collect$$libinit$$00000000) refers (Special) to libinit2.o(.ARM.Collect$$libinit$$00000015) for __rt_lib_init_lc_monetary_1
    libinit.o(.ARM.Collect$$libinit$$00000000) refers (Special) to libinit2.o(.ARM.Collect$$libinit$$00000017) for __rt_lib_init_lc_numeric_1
    libinit.o(.ARM.Collect$$libinit$$00000000) refers (Special) to libinit2.o(.ARM.Collect$$libinit$$00000019) for __rt_lib_init_lc_time_1
    libinit.o(.ARM.Collect$$libinit$$00000000) refers (Special) to libinit2.o(.ARM.Collect$$libinit$$00000004) for __rt_lib_init_preinit_1
    libinit.o(.ARM.Collect$$libinit$$00000000) refers (Special) to libinit2.o(.ARM.Collect$$libinit$$0000000E) for __rt_lib_init_rand_1
    libinit.o(.ARM.Collect$$libinit$$00000000) refers (Special) to libinit2.o(.ARM.Collect$$libinit$$00000033) for __rt_lib_init_return
    libinit.o(.ARM.Collect$$libinit$$00000000) refers (Special) to libinit2.o(.ARM.Collect$$libinit$$0000001D) for __rt_lib_init_signal_1
    libinit.o(.ARM.Collect$$libinit$$00000000) refers (Special) to libinit2.o(.ARM.Collect$$libinit$$00000025) for __rt_lib_init_stdio_1
    libinit.o(.ARM.Collect$$libinit$$00000000) refers (Special) to libinit2.o(.ARM.Collect$$libinit$$0000000C) for __rt_lib_init_user_alloc_1
    libspace.o(.text) refers to libspace.o(.bss) for __libspace_start
    rtexit.o(.ARM.Collect$$rtexit$$00000000) refers (Special) to rtexit2.o(.ARM.Collect$$rtexit$$00000004) for __rt_exit_exit
    rtexit.o(.ARM.Collect$$rtexit$$00000000) refers (Special) to rtexit2.o(.ARM.Collect$$rtexit$$00000003) for __rt_exit_ls
    rtexit.o(.ARM.Collect$$rtexit$$00000000) refers (Special) to rtexit2.o(.ARM.Collect$$rtexit$$00000002) for __rt_exit_prels_1
    rtexit.o(.ARM.exidx) refers (Special) to rtexit2.o(.ARM.Collect$$rtexit$$00000004) for __rt_exit_exit
    rtexit.o(.ARM.exidx) refers (Special) to rtexit2.o(.ARM.Collect$$rtexit$$00000003) for __rt_exit_ls
    rtexit.o(.ARM.exidx) refers (Special) to rtexit2.o(.ARM.Collect$$rtexit$$00000002) for __rt_exit_prels_1
    rtexit.o(.ARM.exidx) refers to rtexit.o(.ARM.Collect$$rtexit$$00000000) for .ARM.Collect$$rtexit$$00000000
    libinit2.o(.ARM.Collect$$libinit$$00000001) refers to fpinit.o(x$fpl$fpinit) for _fp_init
    libinit2.o(.ARM.Collect$$libinit$$00000010) refers to libinit2.o(.ARM.Collect$$libinit$$0000000F) for .ARM.Collect$$libinit$$0000000F
    libinit2.o(.ARM.Collect$$libinit$$00000012) refers to libinit2.o(.ARM.Collect$$libinit$$0000000F) for .ARM.Collect$$libinit$$0000000F
    libinit2.o(.ARM.Collect$$libinit$$00000014) refers to libinit2.o(.ARM.Collect$$libinit$$0000000F) for .ARM.Collect$$libinit$$0000000F
    libinit2.o(.ARM.Collect$$libinit$$00000016) refers to libinit2.o(.ARM.Collect$$libinit$$0000000F) for .ARM.Collect$$libinit$$0000000F
    libinit2.o(.ARM.Collect$$libinit$$00000018) refers to libinit2.o(.ARM.Collect$$libinit$$0000000F) for .ARM.Collect$$libinit$$0000000F
    libinit2.o(.ARM.Collect$$libinit$$00000026) refers to argv_veneer.o(.emb_text) for __ARM_argv_veneer
    libinit2.o(.ARM.Collect$$libinit$$00000027) refers to argv_veneer.o(.emb_text) for __ARM_argv_veneer
    rtexit2.o(.ARM.Collect$$rtexit$$00000003) refers to libshutdown.o(.ARM.Collect$$libshutdown$$00000000) for __rt_lib_shutdown
    rtexit2.o(.ARM.Collect$$rtexit$$00000004) refers to sys_exit.o(.text) for _sys_exit
    rtexit2.o(.ARM.exidx) refers to rtexit2.o(.ARM.Collect$$rtexit$$00000001) for .ARM.Collect$$rtexit$$00000001
    rtexit2.o(.ARM.exidx) refers to rtexit2.o(.ARM.Collect$$rtexit$$00000003) for .ARM.Collect$$rtexit$$00000003
    rtexit2.o(.ARM.exidx) refers to rtexit2.o(.ARM.Collect$$rtexit$$00000004) for .ARM.Collect$$rtexit$$00000004
    argv_veneer.o(.emb_text) refers to no_argv.o(.text) for __ARM_get_argv
    sys_exit.o(.text) refers (Special) to use_no_semi.o(.text) for __I$use$semihosting
    sys_exit.o(.text) refers (Special) to indicate_semi.o(.text) for __semihosting_library_function
    _get_argv_nomalloc.o(.text) refers (Special) to hrguard.o(.text) for __heap_region$guard
    _get_argv_nomalloc.o(.text) refers to defsig_rtmem_outer.o(.text) for __rt_SIGRTMEM
    _get_argv_nomalloc.o(.text) refers to sys_command.o(.text) for _sys_command_string
    libshutdown.o(.ARM.Collect$$libshutdown$$00000000) refers (Special) to libshutdown2.o(.ARM.Collect$$libshutdown$$00000004) for __rt_lib_shutdown_cpp_1
    libshutdown.o(.ARM.Collect$$libshutdown$$00000000) refers (Special) to libshutdown2.o(.ARM.Collect$$libshutdown$$00000002) for __rt_lib_shutdown_fini_1
    libshutdown.o(.ARM.Collect$$libshutdown$$00000000) refers (Special) to libshutdown2.o(.ARM.Collect$$libshutdown$$00000009) for __rt_lib_shutdown_fp_trap_1
    libshutdown.o(.ARM.Collect$$libshutdown$$00000000) refers (Special) to libshutdown2.o(.ARM.Collect$$libshutdown$$00000011) for __rt_lib_shutdown_heap_1
    libshutdown.o(.ARM.Collect$$libshutdown$$00000000) refers (Special) to libshutdown2.o(.ARM.Collect$$libshutdown$$00000012) for __rt_lib_shutdown_return
    libshutdown.o(.ARM.Collect$$libshutdown$$00000000) refers (Special) to libshutdown2.o(.ARM.Collect$$libshutdown$$0000000C) for __rt_lib_shutdown_signal_1
    libshutdown.o(.ARM.Collect$$libshutdown$$00000000) refers (Special) to libshutdown2.o(.ARM.Collect$$libshutdown$$00000006) for __rt_lib_shutdown_stdio_1
    libshutdown.o(.ARM.Collect$$libshutdown$$00000000) refers (Special) to libshutdown2.o(.ARM.Collect$$libshutdown$$0000000E) for __rt_lib_shutdown_user_alloc_1
    sys_command.o(.text) refers (Special) to use_no_semi.o(.text) for __I$use$semihosting
    sys_command.o(.text) refers (Special) to indicate_semi.o(.text) for __semihosting_library_function
    defsig_rtmem_outer.o(.text) refers to defsig_rtmem_inner.o(.text) for __rt_SIGRTMEM_inner
    defsig_rtmem_outer.o(.text) refers to defsig_exit.o(.text) for __sig_exit
    defsig_rtmem_formal.o(.text) refers to rt_raise.o(.text) for __rt_raise
    rt_raise.o(.text) refers to __raise.o(.text) for __raise
    rt_raise.o(.text) refers to sys_exit.o(.text) for _sys_exit
    defsig_exit.o(.text) refers to sys_exit.o(.text) for _sys_exit
    defsig_rtmem_inner.o(.text) refers to defsig_general.o(.text) for __default_signal_display
    __raise.o(.text) refers to defsig.o(CL$$defsig) for __default_signal_handler
    defsig_general.o(.text) refers to sys_wrch.o(.text) for _ttywrch
    sys_wrch.o(.text) refers (Special) to use_no_semi.o(.text) for __I$use$semihosting
    sys_wrch.o(.text) refers (Special) to indicate_semi.o(.text) for __semihosting_library_function
    defsig.o(CL$$defsig) refers to defsig_rtmem_inner.o(.text) for __rt_SIGRTMEM_inner
    defsig_abrt_inner.o(.text) refers to defsig_general.o(.text) for __default_signal_display
    defsig_fpe_inner.o(.text) refers to defsig_general.o(.text) for __default_signal_display
    defsig_rtred_inner.o(.text) refers to defsig_general.o(.text) for __default_signal_display
    defsig_stak_inner.o(.text) refers to defsig_general.o(.text) for __default_signal_display
    defsig_pvfn_inner.o(.text) refers to defsig_general.o(.text) for __default_signal_display
    defsig_cppl_inner.o(.text) refers to defsig_general.o(.text) for __default_signal_display
    defsig_segv_inner.o(.text) refers to defsig_general.o(.text) for __default_signal_display
    defsig_other.o(.text) refers to defsig_general.o(.text) for __default_signal_display


==============================================================================

Removing Unused input sections from the image.

    Removing main.o(.rev16_text), (4 bytes).
    Removing main.o(.revsh_text), (4 bytes).
    Removing main.o(.rrx_text), (6 bytes).
    Removing delay.o(.rev16_text), (4 bytes).
    Removing delay.o(.revsh_text), (4 bytes).
    Removing delay.o(.rrx_text), (6 bytes).
    Removing delay.o(i.delay_s), (26 bytes).
    Removing systeminit.o(.rev16_text), (4 bytes).
    Removing systeminit.o(.revsh_text), (4 bytes).
    Removing systeminit.o(.rrx_text), (6 bytes).
    Removing rtc.o(.rev16_text), (4 bytes).
    Removing rtc.o(.revsh_text), (4 bytes).
    Removing rtc.o(.rrx_text), (6 bytes).
    Removing rtc.o(.data), (4 bytes).
    Removing led.o(.rev16_text), (4 bytes).
    Removing led.o(.revsh_text), (4 bytes).
    Removing led.o(.rrx_text), (6 bytes).
    Removing led.o(i.LedInit), (28 bytes).
    Removing led.o(i.LedPwm), (208 bytes).
    Removing led.o(i.LedSet), (70 bytes).
    Removing led.o(.data), (4 bytes).
    Removing oled.o(.rev16_text), (4 bytes).
    Removing oled.o(.revsh_text), (4 bytes).
    Removing oled.o(.rrx_text), (6 bytes).
    Removing oled.o(i.OLED_Clear), (64 bytes).
    Removing oled.o(i.OLED_Display_Off), (28 bytes).
    Removing oled.o(i.OLED_Display_On), (28 bytes).
    Removing oled.o(i.OLED_DrawBMP), (118 bytes).
    Removing oled.o(i.OLED_Init), (324 bytes).
    Removing oled.o(i.OLED_Set_Pos), (46 bytes).
    Removing oled.o(i.OLED_ShowCHinese), (104 bytes).
    Removing oled.o(i.OLED_ShowChar), (112 bytes).
    Removing oled.o(i.OLED_ShowNum), (132 bytes).
    Removing oled.o(i.OLED_ShowString), (54 bytes).
    Removing oled.o(i.OLED_WR_Byte), (108 bytes).
    Removing oled.o(i.oled_pow), (22 bytes).
    Removing oled.o(.constdata), (2072 bytes).
    Removing oled.o(.data), (640 bytes).
    Removing key.o(.rev16_text), (4 bytes).
    Removing key.o(.revsh_text), (4 bytes).
    Removing key.o(.rrx_text), (6 bytes).
    Removing key.o(i.KeyInit), (62 bytes).
    Removing system_msp432p401r.o(.rev16_text), (4 bytes).
    Removing system_msp432p401r.o(.revsh_text), (4 bytes).
    Removing system_msp432p401r.o(.rrx_text), (6 bytes).
    Removing system_msp432p401r.o(i.SystemCoreClockUpdate), (628 bytes).
    Removing system_msp432p401r.o(.data), (4 bytes).
    Removing cs.o(.rev16_text), (4 bytes).
    Removing cs.o(.revsh_text), (4 bytes).
    Removing cs.o(.rrx_text), (6 bytes).
    Removing cs.o(i.CS_clearInterruptFlag), (36 bytes).
    Removing cs.o(i.CS_disableClockRequest), (40 bytes).
    Removing cs.o(i.CS_disableDCOExternalResistor), (32 bytes).
    Removing cs.o(i.CS_disableFaultCounter), (40 bytes).
    Removing cs.o(i.CS_disableInterrupt), (40 bytes).
    Removing cs.o(i.CS_enableClockRequest), (36 bytes).
    Removing cs.o(i.CS_enableDCOExternalResistor), (28 bytes).
    Removing cs.o(i.CS_enableFaultCounter), (36 bytes).
    Removing cs.o(i.CS_enableInterrupt), (36 bytes).
    Removing cs.o(i.CS_getACLK), (24 bytes).
    Removing cs.o(i.CS_getBCLK), (28 bytes).
    Removing cs.o(i.CS_getDCOFrequency), (368 bytes).
    Removing cs.o(i.CS_getEnabledInterruptStatus), (20 bytes).
    Removing cs.o(i.CS_getHSMCLK), (24 bytes).
    Removing cs.o(i.CS_getInterruptStatus), (12 bytes).
    Removing cs.o(i.CS_getMCLK), (24 bytes).
    Removing cs.o(i.CS_getSMCLK), (24 bytes).
    Removing cs.o(i.CS_registerInterrupt), (20 bytes).
    Removing cs.o(i.CS_resetFaultCounter), (36 bytes).
    Removing cs.o(i.CS_setDCOExternalResistorCalibration), (128 bytes).
    Removing cs.o(i.CS_startFaultCounter), (52 bytes).
    Removing cs.o(i.CS_unregisterInterrupt), (18 bytes).
    Removing cs.o(i._CSComputeCLKFrequency), (268 bytes).
    Removing flash.o(.rev16_text), (4 bytes).
    Removing flash.o(.revsh_text), (4 bytes).
    Removing flash.o(.rrx_text), (6 bytes).
    Removing flash.o(i.FlashCtl_clearInterruptFlag), (16 bytes).
    Removing flash.o(i.FlashCtl_clearProgramVerification), (64 bytes).
    Removing flash.o(i.FlashCtl_disableInterrupt), (20 bytes).
    Removing flash.o(i.FlashCtl_disableReadBuffering), (64 bytes).
    Removing flash.o(i.FlashCtl_disableWordProgramming), (12 bytes).
    Removing flash.o(i.FlashCtl_enableInterrupt), (16 bytes).
    Removing flash.o(i.FlashCtl_enableReadBuffering), (64 bytes).
    Removing flash.o(i.FlashCtl_enableWordProgramming), (32 bytes).
    Removing flash.o(i.FlashCtl_eraseSector), (248 bytes).
    Removing flash.o(i.FlashCtl_getEnabledInterruptStatus), (16 bytes).
    Removing flash.o(i.FlashCtl_getInterruptStatus), (12 bytes).
    Removing flash.o(i.FlashCtl_getMemoryInfo), (36 bytes).
    Removing flash.o(i.FlashCtl_getReadMode), (32 bytes).
    Removing flash.o(i.FlashCtl_getWaitState), (32 bytes).
    Removing flash.o(i.FlashCtl_initiateMassErase), (28 bytes).
    Removing flash.o(i.FlashCtl_initiateSectorErase), (100 bytes).
    Removing flash.o(i.FlashCtl_isSectorProtected), (72 bytes).
    Removing flash.o(i.FlashCtl_isWordProgrammingEnabled), (32 bytes).
    Removing flash.o(i.FlashCtl_performMassErase), (520 bytes).
    Removing flash.o(i.FlashCtl_programMemory), (656 bytes).
    Removing flash.o(i.FlashCtl_protectSector), (76 bytes).
    Removing flash.o(i.FlashCtl_registerInterrupt), (20 bytes).
    Removing flash.o(i.FlashCtl_setProgramVerification), (64 bytes).
    Removing flash.o(i.FlashCtl_setReadMode), (72 bytes).
    Removing flash.o(i.FlashCtl_unprotectSector), (84 bytes).
    Removing flash.o(i.FlashCtl_unregisterInterrupt), (18 bytes).
    Removing flash.o(i.FlashCtl_verifyMemory), (480 bytes).
    Removing flash.o(i._FlashCtl_Program32), (496 bytes).
    Removing flash.o(i._FlashCtl_Program8), (348 bytes).
    Removing flash.o(i.__FlashCtl_remaskBurstDataPost), (252 bytes).
    Removing flash.o(i.__FlashCtl_remaskBurstDataPre), (256 bytes).
    Removing flash.o(i.__FlashCtl_remaskData32Post), (172 bytes).
    Removing flash.o(i.__FlashCtl_remaskData32Pre), (176 bytes).
    Removing flash.o(i.__FlashCtl_remaskData8Post), (104 bytes).
    Removing flash.o(i.__FlashCtl_remaskData8Pre), (108 bytes).
    Removing flash.o(.data), (64 bytes).
    Removing fpu.o(.rev16_text), (4 bytes).
    Removing fpu.o(.revsh_text), (4 bytes).
    Removing fpu.o(.rrx_text), (6 bytes).
    Removing fpu.o(i.FPU_disableModule), (16 bytes).
    Removing fpu.o(i.FPU_disableStacking), (16 bytes).
    Removing fpu.o(i.FPU_enableLazyStacking), (16 bytes).
    Removing fpu.o(i.FPU_enableStacking), (20 bytes).
    Removing fpu.o(i.FPU_setFlushToZeroMode), (20 bytes).
    Removing fpu.o(i.FPU_setHalfPrecisionMode), (20 bytes).
    Removing fpu.o(i.FPU_setNaNMode), (20 bytes).
    Removing fpu.o(i.FPU_setRoundingMode), (20 bytes).
    Removing gpio.o(.rev16_text), (4 bytes).
    Removing gpio.o(.revsh_text), (4 bytes).
    Removing gpio.o(.rrx_text), (6 bytes).
    Removing gpio.o(i.GPIO_disableInterrupt), (20 bytes).
    Removing gpio.o(i.GPIO_enableInterrupt), (20 bytes).
    Removing gpio.o(i.GPIO_getInterruptStatus), (16 bytes).
    Removing gpio.o(i.GPIO_interruptEdgeSelect), (28 bytes).
    Removing gpio.o(i.GPIO_registerInterrupt), (28 bytes).
    Removing gpio.o(i.GPIO_setAsInputPin), (40 bytes).
    Removing gpio.o(i.GPIO_setAsInputPinWithPullDownResistor), (44 bytes).
    Removing gpio.o(i.GPIO_setAsOutputPin), (32 bytes).
    Removing gpio.o(i.GPIO_setAsPeripheralModuleFunctionInputPin), (72 bytes).
    Removing gpio.o(i.GPIO_setDriveStrengthHigh), (20 bytes).
    Removing gpio.o(i.GPIO_setDriveStrengthLow), (20 bytes).
    Removing gpio.o(i.GPIO_setOutputHighOnPin), (20 bytes).
    Removing gpio.o(i.GPIO_setOutputLowOnPin), (20 bytes).
    Removing gpio.o(i.GPIO_unregisterInterrupt), (28 bytes).
    Removing gpio.o(.constdata), (28 bytes).
    Removing interrupt.o(.rev16_text), (4 bytes).
    Removing interrupt.o(.revsh_text), (4 bytes).
    Removing interrupt.o(.rrx_text), (6 bytes).
    Removing interrupt.o(i.IntDefaultHandler), (2 bytes).
    Removing interrupt.o(i.Interrupt_disableInterrupt), (100 bytes).
    Removing interrupt.o(i.Interrupt_disableMaster), (14 bytes).
    Removing interrupt.o(i.Interrupt_disableSleepOnIsrExit), (16 bytes).
    Removing interrupt.o(i.Interrupt_enableSleepOnIsrExit), (16 bytes).
    Removing interrupt.o(i.Interrupt_getPriority), (28 bytes).
    Removing interrupt.o(i.Interrupt_getPriorityGrouping), (36 bytes).
    Removing interrupt.o(i.Interrupt_getPriorityMask), (10 bytes).
    Removing interrupt.o(i.Interrupt_getVectorTableAddress), (12 bytes).
    Removing interrupt.o(i.Interrupt_isEnabled), (104 bytes).
    Removing interrupt.o(i.Interrupt_pendInterrupt), (84 bytes).
    Removing interrupt.o(i.Interrupt_registerInterrupt), (52 bytes).
    Removing interrupt.o(i.Interrupt_setPriority), (40 bytes).
    Removing interrupt.o(i.Interrupt_setPriorityGrouping), (28 bytes).
    Removing interrupt.o(i.Interrupt_setPriorityMask), (4 bytes).
    Removing interrupt.o(i.Interrupt_setVectorTableAddress), (12 bytes).
    Removing interrupt.o(i.Interrupt_unpendInterrupt), (68 bytes).
    Removing interrupt.o(i.Interrupt_unregisterInterrupt), (20 bytes).
    Removing interrupt.o(vtable), (228 bytes).
    Removing pcm.o(.rev16_text), (4 bytes).
    Removing pcm.o(.revsh_text), (4 bytes).
    Removing pcm.o(.rrx_text), (6 bytes).
    Removing pcm.o(i.PCM_clearInterruptFlag), (16 bytes).
    Removing pcm.o(i.PCM_disableInterrupt), (16 bytes).
    Removing pcm.o(i.PCM_disableRudeMode), (28 bytes).
    Removing pcm.o(i.PCM_enableInterrupt), (16 bytes).
    Removing pcm.o(i.PCM_enableRudeMode), (24 bytes).
    Removing pcm.o(i.PCM_getEnabledInterruptStatus), (16 bytes).
    Removing pcm.o(i.PCM_getInterruptStatus), (12 bytes).
    Removing pcm.o(i.PCM_getPowerState), (12 bytes).
    Removing pcm.o(i.PCM_gotoLPM0), (44 bytes).
    Removing pcm.o(i.PCM_gotoLPM0InterruptSafe), (24 bytes).
    Removing pcm.o(i.PCM_gotoLPM3), (136 bytes).
    Removing pcm.o(i.PCM_gotoLPM3InterruptSafe), (24 bytes).
    Removing pcm.o(i.PCM_gotoLPM4), (18 bytes).
    Removing pcm.o(i.PCM_gotoLPM4InterruptSafe), (32 bytes).
    Removing pcm.o(i.PCM_registerInterrupt), (20 bytes).
    Removing pcm.o(i.PCM_setCoreVoltageLevelNonBlocking), (8 bytes).
    Removing pcm.o(i.PCM_setCoreVoltageLevelWithTimeout), (6 bytes).
    Removing pcm.o(i.PCM_setPowerMode), (8 bytes).
    Removing pcm.o(i.PCM_setPowerModeNonBlocking), (8 bytes).
    Removing pcm.o(i.PCM_setPowerModeWithTimeout), (6 bytes).
    Removing pcm.o(i.PCM_setPowerState), (8 bytes).
    Removing pcm.o(i.PCM_setPowerStateNonBlocking), (8 bytes).
    Removing pcm.o(i.PCM_setPowerStateWithTimeout), (6 bytes).
    Removing pcm.o(i.PCM_shutdownDevice), (76 bytes).
    Removing pcm.o(i.PCM_unregisterInterrupt), (18 bytes).
    Removing pcm.o(i.__PCM_setPowerStateAdvanced), (580 bytes).
    Removing rtc_c.o(.rev16_text), (4 bytes).
    Removing rtc_c.o(.revsh_text), (4 bytes).
    Removing rtc_c.o(.rrx_text), (6 bytes).
    Removing rtc_c.o(i.RTC_C_convertBCDToBinary), (12 bytes).
    Removing rtc_c.o(i.RTC_C_convertBinaryToBCD), (12 bytes).
    Removing rtc_c.o(i.RTC_C_definePrescaleEvent), (30 bytes).
    Removing rtc_c.o(i.RTC_C_disableInterrupt), (72 bytes).
    Removing rtc_c.o(i.RTC_C_getInterruptStatus), (44 bytes).
    Removing rtc_c.o(i.RTC_C_getPrescaleValue), (28 bytes).
    Removing rtc_c.o(i.RTC_C_holdClock), (40 bytes).
    Removing rtc_c.o(i.RTC_C_registerInterrupt), (20 bytes).
    Removing rtc_c.o(i.RTC_C_setCalibrationData), (40 bytes).
    Removing rtc_c.o(i.RTC_C_setCalibrationFrequency), (44 bytes).
    Removing rtc_c.o(i.RTC_C_setPrescaleValue), (68 bytes).
    Removing rtc_c.o(i.RTC_C_setTemperatureCompensation), (36 bytes).
    Removing rtc_c.o(i.RTC_C_unregisterInterrupt), (18 bytes).
    Removing systick.o(.rev16_text), (4 bytes).
    Removing systick.o(.revsh_text), (4 bytes).
    Removing systick.o(.rrx_text), (6 bytes).
    Removing systick.o(i.SysTick_enableInterrupt), (14 bytes).
    Removing systick.o(i.SysTick_getPeriod), (10 bytes).
    Removing systick.o(i.SysTick_registerInterrupt), (8 bytes).
    Removing systick.o(i.SysTick_unregisterInterrupt), (6 bytes).
    Removing cpu.o(.rev16_text), (4 bytes).
    Removing cpu.o(.revsh_text), (4 bytes).
    Removing cpu.o(.rrx_text), (6 bytes).
    Removing sysctl.o(.rev16_text), (4 bytes).
    Removing sysctl.o(.revsh_text), (4 bytes).
    Removing sysctl.o(.rrx_text), (6 bytes).
    Removing sysctl.o(i.SysCtl_disableGlitchFilter), (16 bytes).
    Removing sysctl.o(i.SysCtl_disablePeripheralAtCPUHalt), (16 bytes).
    Removing sysctl.o(i.SysCtl_disableSRAMBank), (84 bytes).
    Removing sysctl.o(i.SysCtl_disableSRAMBankRetention), (24 bytes).
    Removing sysctl.o(i.SysCtl_enableGlitchFilter), (16 bytes).
    Removing sysctl.o(i.SysCtl_enablePeripheralAtCPUHalt), (16 bytes).
    Removing sysctl.o(i.SysCtl_enableSRAMBank), (24 bytes).
    Removing sysctl.o(i.SysCtl_enableSRAMBankRetention), (24 bytes).
    Removing sysctl.o(i.SysCtl_getFlashSize), (12 bytes).
    Removing sysctl.o(i.SysCtl_getSRAMSize), (12 bytes).
    Removing sysctl.o(i.SysCtl_getTempCalibrationConstant), (14 bytes).
    Removing sysctl.o(i.SysCtl_rebootDevice), (16 bytes).
    Removing sysctl.o(i.SysCtl_setWDTPasswordViolationResetType), (24 bytes).
    Removing sysctl.o(i.SysCtl_setWDTTimeoutResetType), (24 bytes).
    Removing wdt_a.o(.rev16_text), (4 bytes).
    Removing wdt_a.o(.revsh_text), (4 bytes).
    Removing wdt_a.o(.rrx_text), (6 bytes).
    Removing wdt_a.o(i.WDT_A_clearTimer), (24 bytes).
    Removing wdt_a.o(i.WDT_A_holdTimer), (24 bytes).
    Removing wdt_a.o(i.WDT_A_initIntervalTimer), (20 bytes).
    Removing wdt_a.o(i.WDT_A_initWatchdogTimer), (20 bytes).
    Removing wdt_a.o(i.WDT_A_registerInterrupt), (20 bytes).
    Removing wdt_a.o(i.WDT_A_setPasswordViolationReset), (4 bytes).
    Removing wdt_a.o(i.WDT_A_setTimeoutReset), (4 bytes).
    Removing wdt_a.o(i.WDT_A_startTimer), (20 bytes).
    Removing wdt_a.o(i.WDT_A_unregisterInterrupt), (18 bytes).

247 unused section(s) (total 14990 bytes) removed from the image.

==============================================================================

Image Symbol Table

    Local Symbols

    Symbol Name                              Value     Ov Type        Size  Object(Section)

    RESET                                    0x00000000   Section      324  startup_msp432p401r_uvision.o(RESET)
    ../clib/angel/boardlib.s                 0x00000000   Number         0  boardinit1.o ABSOLUTE
    ../clib/angel/boardlib.s                 0x00000000   Number         0  boardinit2.o ABSOLUTE
    ../clib/angel/boardlib.s                 0x00000000   Number         0  boardshut.o ABSOLUTE
    ../clib/angel/boardlib.s                 0x00000000   Number         0  boardinit3.o ABSOLUTE
    ../clib/angel/handlers.s                 0x00000000   Number         0  __scatter_zi.o ABSOLUTE
    ../clib/angel/handlers.s                 0x00000000   Number         0  __scatter_copy.o ABSOLUTE
    ../clib/angel/kernel.s                   0x00000000   Number         0  __rtentry4.o ABSOLUTE
    ../clib/angel/kernel.s                   0x00000000   Number         0  rtexit2.o ABSOLUTE
    ../clib/angel/kernel.s                   0x00000000   Number         0  rtexit.o ABSOLUTE
    ../clib/angel/kernel.s                   0x00000000   Number         0  __rtentry.o ABSOLUTE
    ../clib/angel/kernel.s                   0x00000000   Number         0  __rtentry2.o ABSOLUTE
    ../clib/angel/rt.s                       0x00000000   Number         0  rt_raise.o ABSOLUTE
    ../clib/angel/scatter.s                  0x00000000   Number         0  __scatter.o ABSOLUTE
    ../clib/angel/startup.s                  0x00000000   Number         0  __main.o ABSOLUTE
    ../clib/angel/sys.s                      0x00000000   Number         0  sys_stackheap_outer.o ABSOLUTE
    ../clib/angel/sys.s                      0x00000000   Number         0  indicate_semi.o ABSOLUTE
    ../clib/angel/sys.s                      0x00000000   Number         0  use_no_semi.o ABSOLUTE
    ../clib/angel/sys.s                      0x00000000   Number         0  libspace.o ABSOLUTE
    ../clib/angel/sysapp.c                   0x00000000   Number         0  sys_command.o ABSOLUTE
    ../clib/angel/sysapp.c                   0x00000000   Number         0  sys_exit.o ABSOLUTE
    ../clib/angel/sysapp.c                   0x00000000   Number         0  sys_wrch.o ABSOLUTE
    ../clib/armsys.c                         0x00000000   Number         0  no_argv.o ABSOLUTE
    ../clib/armsys.c                         0x00000000   Number         0  _get_argv_nomalloc.o ABSOLUTE
    ../clib/armsys.c                         0x00000000   Number         0  argv_veneer.o ABSOLUTE
    ../clib/armsys.c                         0x00000000   Number         0  argv_veneer.o ABSOLUTE
    ../clib/heapalloc.c                      0x00000000   Number         0  hrguard.o ABSOLUTE
    ../clib/heapaux.c                        0x00000000   Number         0  heapauxi.o ABSOLUTE
    ../clib/libinit.s                        0x00000000   Number         0  libshutdown2.o ABSOLUTE
    ../clib/libinit.s                        0x00000000   Number         0  libinit.o ABSOLUTE
    ../clib/libinit.s                        0x00000000   Number         0  libshutdown.o ABSOLUTE
    ../clib/libinit.s                        0x00000000   Number         0  libinit2.o ABSOLUTE
    ../clib/signal.c                         0x00000000   Number         0  defsig_rtred_inner.o ABSOLUTE
    ../clib/signal.c                         0x00000000   Number         0  defsig_rtmem_inner.o ABSOLUTE
    ../clib/signal.c                         0x00000000   Number         0  defsig_exit.o ABSOLUTE
    ../clib/signal.c                         0x00000000   Number         0  defsig_rtmem_formal.o ABSOLUTE
    ../clib/signal.c                         0x00000000   Number         0  defsig_other.o ABSOLUTE
    ../clib/signal.c                         0x00000000   Number         0  defsig_segv_inner.o ABSOLUTE
    ../clib/signal.c                         0x00000000   Number         0  defsig_rtmem_outer.o ABSOLUTE
    ../clib/signal.c                         0x00000000   Number         0  __raise.o ABSOLUTE
    ../clib/signal.c                         0x00000000   Number         0  defsig_cppl_inner.o ABSOLUTE
    ../clib/signal.c                         0x00000000   Number         0  defsig_abrt_inner.o ABSOLUTE
    ../clib/signal.c                         0x00000000   Number         0  defsig_general.o ABSOLUTE
    ../clib/signal.c                         0x00000000   Number         0  defsig_pvfn_inner.o ABSOLUTE
    ../clib/signal.c                         0x00000000   Number         0  defsig_stak_inner.o ABSOLUTE
    ../clib/signal.c                         0x00000000   Number         0  defsig_fpe_inner.o ABSOLUTE
    ../clib/signal.s                         0x00000000   Number         0  defsig.o ABSOLUTE
    ../clib/stdlib.c                         0x00000000   Number         0  exit.o ABSOLUTE
    ../fplib/fpinit.s                        0x00000000   Number         0  fpinit.o ABSOLUTE
    ..\Basic\Delay\delay.c                   0x00000000   Number         0  delay.o ABSOLUTE
    ..\Basic\RTC\rtc.c                       0x00000000   Number         0  rtc.o ABSOLUTE
    ..\Basic\SystemInit\SystemInit.c         0x00000000   Number         0  systeminit.o ABSOLUTE
    ..\Hardware\Button\key.c                 0x00000000   Number         0  key.o ABSOLUTE
    ..\Hardware\LED\LED.c                    0x00000000   Number         0  led.o ABSOLUTE
    ..\Hardware\OLED\oled.c                  0x00000000   Number         0  oled.o ABSOLUTE
    ..\User\main.c                           0x00000000   Number         0  main.o ABSOLUTE
    ..\\Basic\\Delay\\delay.c                0x00000000   Number         0  delay.o ABSOLUTE
    ..\\Basic\\RTC\\rtc.c                    0x00000000   Number         0  rtc.o ABSOLUTE
    ..\\Basic\\SystemInit\\SystemInit.c      0x00000000   Number         0  systeminit.o ABSOLUTE
    ..\\Hardware\\Button\\key.c              0x00000000   Number         0  key.o ABSOLUTE
    ..\\Hardware\\LED\\LED.c                 0x00000000   Number         0  led.o ABSOLUTE
    ..\\Hardware\\OLED\\oled.c               0x00000000   Number         0  oled.o ABSOLUTE
    ..\\User\\main.c                         0x00000000   Number         0  main.o ABSOLUTE
    RTE\Device\MSP432P401R\startup_msp432p401r_uvision.s 0x00000000   Number         0  startup_msp432p401r_uvision.o ABSOLUTE
    RTE\Device\MSP432P401R\system_msp432p401r.c 0x00000000   Number         0  system_msp432p401r.o ABSOLUTE
    RTE\\Device\\MSP432P401R\\system_msp432p401r.c 0x00000000   Number         0  system_msp432p401r.o ABSOLUTE
    cpu.c                                    0x00000000   Number         0  cpu.o ABSOLUTE
    cpu.c                                    0x00000000   Number         0  cpu.o ABSOLUTE
    cs.c                                     0x00000000   Number         0  cs.o ABSOLUTE
    cs.c                                     0x00000000   Number         0  cs.o ABSOLUTE
    dc.s                                     0x00000000   Number         0  dc.o ABSOLUTE
    flash.c                                  0x00000000   Number         0  flash.o ABSOLUTE
    flash.c                                  0x00000000   Number         0  flash.o ABSOLUTE
    fpu.c                                    0x00000000   Number         0  fpu.o ABSOLUTE
    fpu.c                                    0x00000000   Number         0  fpu.o ABSOLUTE
    gpio.c                                   0x00000000   Number         0  gpio.o ABSOLUTE
    gpio.c                                   0x00000000   Number         0  gpio.o ABSOLUTE
    interrupt.c                              0x00000000   Number         0  interrupt.o ABSOLUTE
    interrupt.c                              0x00000000   Number         0  interrupt.o ABSOLUTE
    pcm.c                                    0x00000000   Number         0  pcm.o ABSOLUTE
    pcm.c                                    0x00000000   Number         0  pcm.o ABSOLUTE
    rtc_c.c                                  0x00000000   Number         0  rtc_c.o ABSOLUTE
    rtc_c.c                                  0x00000000   Number         0  rtc_c.o ABSOLUTE
    sysctl.c                                 0x00000000   Number         0  sysctl.o ABSOLUTE
    sysctl.c                                 0x00000000   Number         0  sysctl.o ABSOLUTE
    systick.c                                0x00000000   Number         0  systick.o ABSOLUTE
    systick.c                                0x00000000   Number         0  systick.o ABSOLUTE
    wdt_a.c                                  0x00000000   Number         0  wdt_a.o ABSOLUTE
    wdt_a.c                                  0x00000000   Number         0  wdt_a.o ABSOLUTE
    !!!main                                  0x00000144   Section        8  __main.o(!!!main)
    !!!scatter                               0x0000014c   Section       52  __scatter.o(!!!scatter)
    !!handler_copy                           0x00000180   Section       26  __scatter_copy.o(!!handler_copy)
    !!handler_zi                             0x0000019c   Section       28  __scatter_zi.o(!!handler_zi)
    .ARM.Collect$$libinit$$00000000          0x000001b8   Section        2  libinit.o(.ARM.Collect$$libinit$$00000000)
    .ARM.Collect$$libinit$$00000001          0x000001ba   Section        4  libinit2.o(.ARM.Collect$$libinit$$00000001)
    .ARM.Collect$$libinit$$00000004          0x000001be   Section        0  libinit2.o(.ARM.Collect$$libinit$$00000004)
    .ARM.Collect$$libinit$$0000000A          0x000001be   Section        0  libinit2.o(.ARM.Collect$$libinit$$0000000A)
    .ARM.Collect$$libinit$$0000000C          0x000001be   Section        0  libinit2.o(.ARM.Collect$$libinit$$0000000C)
    .ARM.Collect$$libinit$$0000000E          0x000001be   Section        0  libinit2.o(.ARM.Collect$$libinit$$0000000E)
    .ARM.Collect$$libinit$$00000011          0x000001be   Section        0  libinit2.o(.ARM.Collect$$libinit$$00000011)
    .ARM.Collect$$libinit$$00000013          0x000001be   Section        0  libinit2.o(.ARM.Collect$$libinit$$00000013)
    .ARM.Collect$$libinit$$00000015          0x000001be   Section        0  libinit2.o(.ARM.Collect$$libinit$$00000015)
    .ARM.Collect$$libinit$$00000017          0x000001be   Section        0  libinit2.o(.ARM.Collect$$libinit$$00000017)
    .ARM.Collect$$libinit$$00000019          0x000001be   Section        0  libinit2.o(.ARM.Collect$$libinit$$00000019)
    .ARM.Collect$$libinit$$0000001B          0x000001be   Section        0  libinit2.o(.ARM.Collect$$libinit$$0000001B)
    .ARM.Collect$$libinit$$0000001D          0x000001be   Section        0  libinit2.o(.ARM.Collect$$libinit$$0000001D)
    .ARM.Collect$$libinit$$0000001F          0x000001be   Section        0  libinit2.o(.ARM.Collect$$libinit$$0000001F)
    .ARM.Collect$$libinit$$00000021          0x000001be   Section        0  libinit2.o(.ARM.Collect$$libinit$$00000021)
    .ARM.Collect$$libinit$$00000023          0x000001be   Section        0  libinit2.o(.ARM.Collect$$libinit$$00000023)
    .ARM.Collect$$libinit$$00000025          0x000001be   Section        0  libinit2.o(.ARM.Collect$$libinit$$00000025)
    .ARM.Collect$$libinit$$0000002C          0x000001be   Section        0  libinit2.o(.ARM.Collect$$libinit$$0000002C)
    .ARM.Collect$$libinit$$0000002E          0x000001be   Section        0  libinit2.o(.ARM.Collect$$libinit$$0000002E)
    .ARM.Collect$$libinit$$00000030          0x000001be   Section        0  libinit2.o(.ARM.Collect$$libinit$$00000030)
    .ARM.Collect$$libinit$$00000032          0x000001be   Section        0  libinit2.o(.ARM.Collect$$libinit$$00000032)
    .ARM.Collect$$libinit$$00000033          0x000001be   Section        2  libinit2.o(.ARM.Collect$$libinit$$00000033)
    .ARM.Collect$$libshutdown$$00000000      0x000001c0   Section        2  libshutdown.o(.ARM.Collect$$libshutdown$$00000000)
    .ARM.Collect$$libshutdown$$00000002      0x000001c2   Section        0  libshutdown2.o(.ARM.Collect$$libshutdown$$00000002)
    .ARM.Collect$$libshutdown$$00000004      0x000001c2   Section        0  libshutdown2.o(.ARM.Collect$$libshutdown$$00000004)
    .ARM.Collect$$libshutdown$$00000006      0x000001c2   Section        0  libshutdown2.o(.ARM.Collect$$libshutdown$$00000006)
    .ARM.Collect$$libshutdown$$00000009      0x000001c2   Section        0  libshutdown2.o(.ARM.Collect$$libshutdown$$00000009)
    .ARM.Collect$$libshutdown$$0000000C      0x000001c2   Section        0  libshutdown2.o(.ARM.Collect$$libshutdown$$0000000C)
    .ARM.Collect$$libshutdown$$0000000E      0x000001c2   Section        0  libshutdown2.o(.ARM.Collect$$libshutdown$$0000000E)
    .ARM.Collect$$libshutdown$$00000011      0x000001c2   Section        0  libshutdown2.o(.ARM.Collect$$libshutdown$$00000011)
    .ARM.Collect$$libshutdown$$00000012      0x000001c2   Section        2  libshutdown2.o(.ARM.Collect$$libshutdown$$00000012)
    .ARM.Collect$$rtentry$$00000000          0x000001c4   Section        0  __rtentry.o(.ARM.Collect$$rtentry$$00000000)
    .ARM.Collect$$rtentry$$00000002          0x000001c4   Section        0  __rtentry2.o(.ARM.Collect$$rtentry$$00000002)
    .ARM.Collect$$rtentry$$00000004          0x000001c4   Section        6  __rtentry4.o(.ARM.Collect$$rtentry$$00000004)
    .ARM.Collect$$rtentry$$00000009          0x000001ca   Section        0  __rtentry2.o(.ARM.Collect$$rtentry$$00000009)
    .ARM.Collect$$rtentry$$0000000A          0x000001ca   Section        4  __rtentry2.o(.ARM.Collect$$rtentry$$0000000A)
    .ARM.Collect$$rtentry$$0000000C          0x000001ce   Section        0  __rtentry2.o(.ARM.Collect$$rtentry$$0000000C)
    .ARM.Collect$$rtentry$$0000000D          0x000001ce   Section        8  __rtentry2.o(.ARM.Collect$$rtentry$$0000000D)
    .ARM.Collect$$rtexit$$00000000           0x000001d6   Section        2  rtexit.o(.ARM.Collect$$rtexit$$00000000)
    .ARM.Collect$$rtexit$$00000002           0x000001d8   Section        0  rtexit2.o(.ARM.Collect$$rtexit$$00000002)
    .ARM.Collect$$rtexit$$00000003           0x000001d8   Section        4  rtexit2.o(.ARM.Collect$$rtexit$$00000003)
    .ARM.Collect$$rtexit$$00000004           0x000001dc   Section        6  rtexit2.o(.ARM.Collect$$rtexit$$00000004)
    .emb_text                                0x000001e4   Section       38  cpu.o(.emb_text)
    $v0                                      0x000001e4   Number         0  cpu.o(.emb_text)
    .text                                    0x0000020c   Section       60  startup_msp432p401r_uvision.o(.text)
    $v0                                      0x0000020c   Number         0  startup_msp432p401r_uvision.o(.text)
    .text                                    0x00000248   Section        0  heapauxi.o(.text)
    .text                                    0x0000024e   Section       74  sys_stackheap_outer.o(.text)
    .text                                    0x00000298   Section        0  exit.o(.text)
    .text                                    0x000002ac   Section        8  libspace.o(.text)
    .text                                    0x000002b4   Section        0  sys_exit.o(.text)
    .text                                    0x000002c0   Section        2  use_no_semi.o(.text)
    .text                                    0x000002c2   Section        0  indicate_semi.o(.text)
    i.CS_initClockSignal                     0x000002c4   Section        0  cs.o(i.CS_initClockSignal)
    i.CS_setDCOCenteredFrequency             0x000003c0   Section        0  cs.o(i.CS_setDCOCenteredFrequency)
    i.CS_setDCOFrequency                     0x000003e4   Section        0  cs.o(i.CS_setDCOFrequency)
    i.CS_setExternalClockSourceFrequency     0x00000560   Section        0  cs.o(i.CS_setExternalClockSourceFrequency)
    i.CS_setReferenceOscillatorFrequency     0x0000056c   Section        0  cs.o(i.CS_setReferenceOscillatorFrequency)
    i.CS_startHFXT                           0x0000058c   Section        0  cs.o(i.CS_startHFXT)
    i.CS_startHFXTWithTimeout                0x00000594   Section        0  cs.o(i.CS_startHFXTWithTimeout)
    i.CS_startLFXT                           0x000006d8   Section        0  cs.o(i.CS_startLFXT)
    i.CS_startLFXTWithTimeout                0x000006e0   Section        0  cs.o(i.CS_startLFXTWithTimeout)
    i.CS_tuneDCOFrequency                    0x00000794   Section        0  cs.o(i.CS_tuneDCOFrequency)
    i.FPU_enableModule                       0x000007ec   Section        0  fpu.o(i.FPU_enableModule)
    i.FlashCtl_setWaitState                  0x000007fc   Section        0  flash.o(i.FlashCtl_setWaitState)
    i.GPIO_clearInterruptFlag                0x00000828   Section        0  gpio.o(i.GPIO_clearInterruptFlag)
    i.GPIO_getEnabledInterruptStatus         0x0000083c   Section        0  gpio.o(i.GPIO_getEnabledInterruptStatus)
    i.GPIO_getInputPinValue                  0x00000870   Section        0  gpio.o(i.GPIO_getInputPinValue)
    i.GPIO_setAsInputPinWithPullUpResistor   0x00000884   Section        0  gpio.o(i.GPIO_setAsInputPinWithPullUpResistor)
    i.GPIO_setAsPeripheralModuleFunctionOutputPin 0x000008b0   Section        0  gpio.o(i.GPIO_setAsPeripheralModuleFunctionOutputPin)
    i.GPIO_toggleOutputOnPin                 0x000008f8   Section        0  gpio.o(i.GPIO_toggleOutputOnPin)
    i.Interrupt_enableInterrupt              0x0000090c   Section        0  interrupt.o(i.Interrupt_enableInterrupt)
    i.Interrupt_enableMaster                 0x00000970   Section        0  interrupt.o(i.Interrupt_enableMaster)
    i.PCM_getCoreVoltageLevel                0x00000980   Section        0  pcm.o(i.PCM_getCoreVoltageLevel)
    i.PCM_getPowerMode                       0x000009cc   Section        0  pcm.o(i.PCM_getPowerMode)
    i.PCM_setCoreVoltageLevel                0x00000a10   Section        0  pcm.o(i.PCM_setCoreVoltageLevel)
    i.PORT1_IRQHandler                       0x00000a18   Section        0  key.o(i.PORT1_IRQHandler)
    i.RTC_C_IRQHandler                       0x00000a68   Section        0  rtc.o(i.RTC_C_IRQHandler)
    i.RTC_C_clearInterruptFlag               0x00000aac   Section        0  rtc_c.o(i.RTC_C_clearInterruptFlag)
    i.RTC_C_enableInterrupt                  0x00000af8   Section        0  rtc_c.o(i.RTC_C_enableInterrupt)
    i.RTC_C_getCalendarTime                  0x00000b34   Section        0  rtc_c.o(i.RTC_C_getCalendarTime)
    i.RTC_C_getEnabledInterruptStatus        0x00000b98   Section        0  rtc_c.o(i.RTC_C_getEnabledInterruptStatus)
    i.RTC_C_initCalendar                     0x00000c04   Section        0  rtc_c.o(i.RTC_C_initCalendar)
    i.RTC_C_setCalendarAlarm                 0x00000c70   Section        0  rtc_c.o(i.RTC_C_setCalendarAlarm)
    i.RTC_C_setCalendarEvent                 0x00000c9c   Section        0  rtc_c.o(i.RTC_C_setCalendarEvent)
    i.RTC_C_startClock                       0x00000cc8   Section        0  rtc_c.o(i.RTC_C_startClock)
    i.RtcInit                                0x00000cec   Section        0  rtc.o(i.RtcInit)
    i.SysCtl_disableNMISource                0x00000d48   Section        0  sysctl.o(i.SysCtl_disableNMISource)
    i.SysCtl_enableNMISource                 0x00000d58   Section        0  sysctl.o(i.SysCtl_enableNMISource)
    i.SysCtl_getNMISourceStatus              0x00000d68   Section        0  sysctl.o(i.SysCtl_getNMISourceStatus)
    i.SysCtl_getTLVInfo                      0x00000d74   Section        0  sysctl.o(i.SysCtl_getTLVInfo)
    i.SysTick_disableInterrupt               0x00000dc4   Section        0  systick.o(i.SysTick_disableInterrupt)
    i.SysTick_disableModule                  0x00000dd2   Section        0  systick.o(i.SysTick_disableModule)
    i.SysTick_enableModule                   0x00000de0   Section        0  systick.o(i.SysTick_enableModule)
    i.SysTick_getValue                       0x00000dee   Section        0  systick.o(i.SysTick_getValue)
    i.SysTick_setPeriod                      0x00000df6   Section        0  systick.o(i.SysTick_setPeriod)
    i.SystemClockInit                        0x00000e00   Section        0  systeminit.o(i.SystemClockInit)
    i.SystemInit                             0x00000ee0   Section        0  system_msp432p401r.o(i.SystemInit)
    i.__PCM_setCoreVoltageLevelAdvanced      0x00000f4c   Section        0  pcm.o(i.__PCM_setCoreVoltageLevelAdvanced)
    __PCM_setCoreVoltageLevelAdvanced        0x00000f4d   Thumb Code   242  pcm.o(i.__PCM_setCoreVoltageLevelAdvanced)
    i.__PCM_setPowerModeAdvanced             0x0000104c   Section        0  pcm.o(i.__PCM_setPowerModeAdvanced)
    __PCM_setPowerModeAdvanced               0x0000104d   Thumb Code   200  pcm.o(i.__PCM_setPowerModeAdvanced)
    i.delay_ms                               0x00001130   Section        0  delay.o(i.delay_ms)
    i.delay_us                               0x0000114a   Section        0  delay.o(i.delay_us)
    i.main                                   0x00001188   Section        0  main.o(i.main)
    x$fpl$fpinit                             0x000011c0   Section       10  fpinit.o(x$fpl$fpinit)
    $v0                                      0x000011c0   Number         0  fpinit.o(x$fpl$fpinit)
    .constdata                               0x000011cc   Section       28  rtc.o(.constdata)
    .constdata                               0x000011e8   Section      144  interrupt.o(.constdata)
    g_pulEnRegs                              0x000011e8   Data           8  interrupt.o(.constdata)
    g_pulDisRegs                             0x000011f0   Data           8  interrupt.o(.constdata)
    g_pulPendRegs                            0x000011f8   Data           8  interrupt.o(.constdata)
    g_pulUnpendRegs                          0x00001200   Data           8  interrupt.o(.constdata)
    g_pulPriority                            0x00001208   Data          32  interrupt.o(.constdata)
    g_pulRegs                                0x00001228   Data          80  interrupt.o(.constdata)
    .data                                    0x20000000   Section        8  cs.o(.data)
    hfxtFreq                                 0x20000000   Data           4  cs.o(.data)
    lfxtFreq                                 0x20000004   Data           4  cs.o(.data)
    .data                                    0x20000008   Section       48  gpio.o(.data)
    GPIO_PORT_TO_BASE                        0x20000008   Data          48  gpio.o(.data)
    .bss                                     0x20000038   Section       28  rtc.o(.bss)
    .bss                                     0x20000054   Section       96  libspace.o(.bss)
    HEAP                                     0x200000b8   Section        0  startup_msp432p401r_uvision.o(HEAP)
    STACK                                    0x200000b8   Section      512  startup_msp432p401r_uvision.o(STACK)
    Heap_Mem                                 0x200000b8   Data           0  startup_msp432p401r_uvision.o(HEAP)
    Stack_Mem                                0x200000b8   Data         512  startup_msp432p401r_uvision.o(STACK)
    __initial_sp                             0x200002b8   Data           0  startup_msp432p401r_uvision.o(STACK)

    Global Symbols

    Symbol Name                              Value     Ov Type        Size  Object(Section)

    BuildAttributes$$THM_ISAv4$E$P$D$K$B$S$7EM$VFPi3$EXTD16$VFPS$VFMA$PE$A:L22UL41UL21$X:L11$S22US41US21$IEEE1$IW$USESV6$~STKCKD$USESV7$~SHL$OTIME$ROPI$EBA8$UX$STANDARDLIB$REQ8$PRES8$EABIv2 0x00000000   Number         0  anon$$obj.o ABSOLUTE
    __ARM_use_no_argv                        0x00000000   Number         0  main.o ABSOLUTE
    __Vectors                                0x00000000   Data           4  startup_msp432p401r_uvision.o(RESET)
    __ARM_exceptions_init                     - Undefined Weak Reference
    __alloca_initialize                       - Undefined Weak Reference
    __arm_fini_                               - Undefined Weak Reference
    __arm_preinit_                            - Undefined Weak Reference
    __cpp_initialize__aeabi_                  - Undefined Weak Reference
    __cxa_finalize                            - Undefined Weak Reference
    __rt_locale                               - Undefined Weak Reference
    __sigvec_lookup                           - Undefined Weak Reference
    _atexit_init                              - Undefined Weak Reference
    _call_atexit_fns                          - Undefined Weak Reference
    _clock_init                               - Undefined Weak Reference
    _fp_trap_init                             - Undefined Weak Reference
    _fp_trap_shutdown                         - Undefined Weak Reference
    _get_lc_collate                           - Undefined Weak Reference
    _get_lc_ctype                             - Undefined Weak Reference
    _get_lc_monetary                          - Undefined Weak Reference
    _get_lc_numeric                           - Undefined Weak Reference
    _get_lc_time                              - Undefined Weak Reference
    _getenv_init                              - Undefined Weak Reference
    _handle_redirection                       - Undefined Weak Reference
    _init_alloc                               - Undefined Weak Reference
    _init_user_alloc                          - Undefined Weak Reference
    _initio                                   - Undefined Weak Reference
    _rand_init                                - Undefined Weak Reference
    _signal_finish                            - Undefined Weak Reference
    _signal_init                              - Undefined Weak Reference
    _terminate_alloc                          - Undefined Weak Reference
    _terminate_user_alloc                     - Undefined Weak Reference
    _terminateio                              - Undefined Weak Reference
    __Vectors_End                            0x00000144   Data           0  startup_msp432p401r_uvision.o(RESET)
    __Vectors_Size                           0x00000144   Number         0  startup_msp432p401r_uvision.o ABSOLUTE
    __main                                   0x00000145   Thumb Code     8  __main.o(!!!main)
    __scatterload                            0x0000014d   Thumb Code     0  __scatter.o(!!!scatter)
    __scatterload_rt2                        0x0000014d   Thumb Code    44  __scatter.o(!!!scatter)
    __scatterload_rt2_thumb_only             0x0000014d   Thumb Code     0  __scatter.o(!!!scatter)
    __scatterload_null                       0x0000015b   Thumb Code     0  __scatter.o(!!!scatter)
    __scatterload_copy                       0x00000181   Thumb Code    26  __scatter_copy.o(!!handler_copy)
    __scatterload_zeroinit                   0x0000019d   Thumb Code    28  __scatter_zi.o(!!handler_zi)
    __rt_lib_init                            0x000001b9   Thumb Code     0  libinit.o(.ARM.Collect$$libinit$$00000000)
    __rt_lib_init_fp_1                       0x000001bb   Thumb Code     0  libinit2.o(.ARM.Collect$$libinit$$00000001)
    __rt_lib_init_alloca_1                   0x000001bf   Thumb Code     0  libinit2.o(.ARM.Collect$$libinit$$0000002E)
    __rt_lib_init_argv_1                     0x000001bf   Thumb Code     0  libinit2.o(.ARM.Collect$$libinit$$0000002C)
    __rt_lib_init_atexit_1                   0x000001bf   Thumb Code     0  libinit2.o(.ARM.Collect$$libinit$$0000001B)
    __rt_lib_init_clock_1                    0x000001bf   Thumb Code     0  libinit2.o(.ARM.Collect$$libinit$$00000021)
    __rt_lib_init_cpp_1                      0x000001bf   Thumb Code     0  libinit2.o(.ARM.Collect$$libinit$$00000032)
    __rt_lib_init_exceptions_1               0x000001bf   Thumb Code     0  libinit2.o(.ARM.Collect$$libinit$$00000030)
    __rt_lib_init_fp_trap_1                  0x000001bf   Thumb Code     0  libinit2.o(.ARM.Collect$$libinit$$0000001F)
    __rt_lib_init_getenv_1                   0x000001bf   Thumb Code     0  libinit2.o(.ARM.Collect$$libinit$$00000023)
    __rt_lib_init_heap_1                     0x000001bf   Thumb Code     0  libinit2.o(.ARM.Collect$$libinit$$0000000A)
    __rt_lib_init_lc_collate_1               0x000001bf   Thumb Code     0  libinit2.o(.ARM.Collect$$libinit$$00000011)
    __rt_lib_init_lc_ctype_1                 0x000001bf   Thumb Code     0  libinit2.o(.ARM.Collect$$libinit$$00000013)
    __rt_lib_init_lc_monetary_1              0x000001bf   Thumb Code     0  libinit2.o(.ARM.Collect$$libinit$$00000015)
    __rt_lib_init_lc_numeric_1               0x000001bf   Thumb Code     0  libinit2.o(.ARM.Collect$$libinit$$00000017)
    __rt_lib_init_lc_time_1                  0x000001bf   Thumb Code     0  libinit2.o(.ARM.Collect$$libinit$$00000019)
    __rt_lib_init_preinit_1                  0x000001bf   Thumb Code     0  libinit2.o(.ARM.Collect$$libinit$$00000004)
    __rt_lib_init_rand_1                     0x000001bf   Thumb Code     0  libinit2.o(.ARM.Collect$$libinit$$0000000E)
    __rt_lib_init_return                     0x000001bf   Thumb Code     0  libinit2.o(.ARM.Collect$$libinit$$00000033)
    __rt_lib_init_signal_1                   0x000001bf   Thumb Code     0  libinit2.o(.ARM.Collect$$libinit$$0000001D)
    __rt_lib_init_stdio_1                    0x000001bf   Thumb Code     0  libinit2.o(.ARM.Collect$$libinit$$00000025)
    __rt_lib_init_user_alloc_1               0x000001bf   Thumb Code     0  libinit2.o(.ARM.Collect$$libinit$$0000000C)
    __rt_lib_shutdown                        0x000001c1   Thumb Code     0  libshutdown.o(.ARM.Collect$$libshutdown$$00000000)
    __rt_lib_shutdown_cpp_1                  0x000001c3   Thumb Code     0  libshutdown2.o(.ARM.Collect$$libshutdown$$00000004)
    __rt_lib_shutdown_fini_1                 0x000001c3   Thumb Code     0  libshutdown2.o(.ARM.Collect$$libshutdown$$00000002)
    __rt_lib_shutdown_fp_trap_1              0x000001c3   Thumb Code     0  libshutdown2.o(.ARM.Collect$$libshutdown$$00000009)
    __rt_lib_shutdown_heap_1                 0x000001c3   Thumb Code     0  libshutdown2.o(.ARM.Collect$$libshutdown$$00000011)
    __rt_lib_shutdown_return                 0x000001c3   Thumb Code     0  libshutdown2.o(.ARM.Collect$$libshutdown$$00000012)
    __rt_lib_shutdown_signal_1               0x000001c3   Thumb Code     0  libshutdown2.o(.ARM.Collect$$libshutdown$$0000000C)
    __rt_lib_shutdown_stdio_1                0x000001c3   Thumb Code     0  libshutdown2.o(.ARM.Collect$$libshutdown$$00000006)
    __rt_lib_shutdown_user_alloc_1           0x000001c3   Thumb Code     0  libshutdown2.o(.ARM.Collect$$libshutdown$$0000000E)
    __rt_entry                               0x000001c5   Thumb Code     0  __rtentry.o(.ARM.Collect$$rtentry$$00000000)
    __rt_entry_presh_1                       0x000001c5   Thumb Code     0  __rtentry2.o(.ARM.Collect$$rtentry$$00000002)
    __rt_entry_sh                            0x000001c5   Thumb Code     0  __rtentry4.o(.ARM.Collect$$rtentry$$00000004)
    __rt_entry_li                            0x000001cb   Thumb Code     0  __rtentry2.o(.ARM.Collect$$rtentry$$0000000A)
    __rt_entry_postsh_1                      0x000001cb   Thumb Code     0  __rtentry2.o(.ARM.Collect$$rtentry$$00000009)
    __rt_entry_main                          0x000001cf   Thumb Code     0  __rtentry2.o(.ARM.Collect$$rtentry$$0000000D)
    __rt_entry_postli_1                      0x000001cf   Thumb Code     0  __rtentry2.o(.ARM.Collect$$rtentry$$0000000C)
    __rt_exit                                0x000001d7   Thumb Code     0  rtexit.o(.ARM.Collect$$rtexit$$00000000)
    __rt_exit_ls                             0x000001d9   Thumb Code     0  rtexit2.o(.ARM.Collect$$rtexit$$00000003)
    __rt_exit_prels_1                        0x000001d9   Thumb Code     0  rtexit2.o(.ARM.Collect$$rtexit$$00000002)
    __rt_exit_exit                           0x000001dd   Thumb Code     0  rtexit2.o(.ARM.Collect$$rtexit$$00000004)
    CPU_cpsid                                0x000001e5   Thumb Code     8  cpu.o(.emb_text)
    CPU_primask                              0x000001ed   Thumb Code     6  cpu.o(.emb_text)
    CPU_cpsie                                0x000001f3   Thumb Code     8  cpu.o(.emb_text)
    CPU_wfi                                  0x000001fb   Thumb Code     4  cpu.o(.emb_text)
    CPU_basepriSet                           0x000001ff   Thumb Code     6  cpu.o(.emb_text)
    CPU_basepriGet                           0x00000205   Thumb Code     6  cpu.o(.emb_text)
    Reset_Handler                            0x0000020d   Thumb Code     8  startup_msp432p401r_uvision.o(.text)
    NMI_Handler                              0x00000215   Thumb Code     2  startup_msp432p401r_uvision.o(.text)
    HardFault_Handler                        0x00000217   Thumb Code     2  startup_msp432p401r_uvision.o(.text)
    MemManage_Handler                        0x00000219   Thumb Code     2  startup_msp432p401r_uvision.o(.text)
    BusFault_Handler                         0x0000021b   Thumb Code     2  startup_msp432p401r_uvision.o(.text)
    UsageFault_Handler                       0x0000021d   Thumb Code     2  startup_msp432p401r_uvision.o(.text)
    SVC_Handler                              0x0000021f   Thumb Code     2  startup_msp432p401r_uvision.o(.text)
    DebugMon_Handler                         0x00000221   Thumb Code     2  startup_msp432p401r_uvision.o(.text)
    PendSV_Handler                           0x00000223   Thumb Code     2  startup_msp432p401r_uvision.o(.text)
    SysTick_Handler                          0x00000225   Thumb Code     2  startup_msp432p401r_uvision.o(.text)
    ADC14_IRQHandler                         0x00000227   Thumb Code     0  startup_msp432p401r_uvision.o(.text)
    AES256_IRQHandler                        0x00000227   Thumb Code     0  startup_msp432p401r_uvision.o(.text)
    COMP_E0_IRQHandler                       0x00000227   Thumb Code     0  startup_msp432p401r_uvision.o(.text)
    COMP_E1_IRQHandler                       0x00000227   Thumb Code     0  startup_msp432p401r_uvision.o(.text)
    CS_IRQHandler                            0x00000227   Thumb Code     0  startup_msp432p401r_uvision.o(.text)
    DMA_ERR_IRQHandler                       0x00000227   Thumb Code     0  startup_msp432p401r_uvision.o(.text)
    DMA_INT0_IRQHandler                      0x00000227   Thumb Code     0  startup_msp432p401r_uvision.o(.text)
    DMA_INT1_IRQHandler                      0x00000227   Thumb Code     0  startup_msp432p401r_uvision.o(.text)
    DMA_INT2_IRQHandler                      0x00000227   Thumb Code     0  startup_msp432p401r_uvision.o(.text)
    DMA_INT3_IRQHandler                      0x00000227   Thumb Code     0  startup_msp432p401r_uvision.o(.text)
    EUSCIA0_IRQHandler                       0x00000227   Thumb Code     0  startup_msp432p401r_uvision.o(.text)
    EUSCIA1_IRQHandler                       0x00000227   Thumb Code     0  startup_msp432p401r_uvision.o(.text)
    EUSCIA2_IRQHandler                       0x00000227   Thumb Code     0  startup_msp432p401r_uvision.o(.text)
    EUSCIA3_IRQHandler                       0x00000227   Thumb Code     0  startup_msp432p401r_uvision.o(.text)
    EUSCIB0_IRQHandler                       0x00000227   Thumb Code     0  startup_msp432p401r_uvision.o(.text)
    EUSCIB1_IRQHandler                       0x00000227   Thumb Code     0  startup_msp432p401r_uvision.o(.text)
    EUSCIB2_IRQHandler                       0x00000227   Thumb Code     0  startup_msp432p401r_uvision.o(.text)
    EUSCIB3_IRQHandler                       0x00000227   Thumb Code     0  startup_msp432p401r_uvision.o(.text)
    FLCTL_IRQHandler                         0x00000227   Thumb Code     0  startup_msp432p401r_uvision.o(.text)
    FPU_IRQHandler                           0x00000227   Thumb Code     0  startup_msp432p401r_uvision.o(.text)
    PCM_IRQHandler                           0x00000227   Thumb Code     0  startup_msp432p401r_uvision.o(.text)
    PORT2_IRQHandler                         0x00000227   Thumb Code     0  startup_msp432p401r_uvision.o(.text)
    PORT3_IRQHandler                         0x00000227   Thumb Code     0  startup_msp432p401r_uvision.o(.text)
    PORT4_IRQHandler                         0x00000227   Thumb Code     0  startup_msp432p401r_uvision.o(.text)
    PORT5_IRQHandler                         0x00000227   Thumb Code     0  startup_msp432p401r_uvision.o(.text)
    PORT6_IRQHandler                         0x00000227   Thumb Code     0  startup_msp432p401r_uvision.o(.text)
    PSS_IRQHandler                           0x00000227   Thumb Code     0  startup_msp432p401r_uvision.o(.text)
    T32_INT1_IRQHandler                      0x00000227   Thumb Code     0  startup_msp432p401r_uvision.o(.text)
    T32_INT2_IRQHandler                      0x00000227   Thumb Code     0  startup_msp432p401r_uvision.o(.text)
    T32_INTC_IRQHandler                      0x00000227   Thumb Code     0  startup_msp432p401r_uvision.o(.text)
    TA0_0_IRQHandler                         0x00000227   Thumb Code     0  startup_msp432p401r_uvision.o(.text)
    TA0_N_IRQHandler                         0x00000227   Thumb Code     0  startup_msp432p401r_uvision.o(.text)
    TA1_0_IRQHandler                         0x00000227   Thumb Code     0  startup_msp432p401r_uvision.o(.text)
    TA1_N_IRQHandler                         0x00000227   Thumb Code     0  startup_msp432p401r_uvision.o(.text)
    TA2_0_IRQHandler                         0x00000227   Thumb Code     0  startup_msp432p401r_uvision.o(.text)
    TA2_N_IRQHandler                         0x00000227   Thumb Code     0  startup_msp432p401r_uvision.o(.text)
    TA3_0_IRQHandler                         0x00000227   Thumb Code     0  startup_msp432p401r_uvision.o(.text)
    TA3_N_IRQHandler                         0x00000227   Thumb Code     0  startup_msp432p401r_uvision.o(.text)
    WDT_A_IRQHandler                         0x00000227   Thumb Code     0  startup_msp432p401r_uvision.o(.text)
    __user_initial_stackheap                 0x00000229   Thumb Code    10  startup_msp432p401r_uvision.o(.text)
    __use_two_region_memory                  0x00000249   Thumb Code     2  heapauxi.o(.text)
    __rt_heap_escrow$2region                 0x0000024b   Thumb Code     2  heapauxi.o(.text)
    __rt_heap_expand$2region                 0x0000024d   Thumb Code     2  heapauxi.o(.text)
    __user_setup_stackheap                   0x0000024f   Thumb Code    74  sys_stackheap_outer.o(.text)
    exit                                     0x00000299   Thumb Code    18  exit.o(.text)
    __user_libspace                          0x000002ad   Thumb Code     8  libspace.o(.text)
    __user_perproc_libspace                  0x000002ad   Thumb Code     0  libspace.o(.text)
    __user_perthread_libspace                0x000002ad   Thumb Code     0  libspace.o(.text)
    _sys_exit                                0x000002b5   Thumb Code     8  sys_exit.o(.text)
    __I$use$semihosting                      0x000002c1   Thumb Code     0  use_no_semi.o(.text)
    __use_no_semihosting_swi                 0x000002c1   Thumb Code     2  use_no_semi.o(.text)
    __semihosting_library_function           0x000002c3   Thumb Code     0  indicate_semi.o(.text)
    CS_initClockSignal                       0x000002c5   Thumb Code   222  cs.o(i.CS_initClockSignal)
    CS_setDCOCenteredFrequency               0x000003c1   Thumb Code    28  cs.o(i.CS_setDCOCenteredFrequency)
    CS_setDCOFrequency                       0x000003e5   Thumb Code   320  cs.o(i.CS_setDCOFrequency)
    CS_setExternalClockSourceFrequency       0x00000561   Thumb Code     8  cs.o(i.CS_setExternalClockSourceFrequency)
    CS_setReferenceOscillatorFrequency       0x0000056d   Thumb Code    20  cs.o(i.CS_setReferenceOscillatorFrequency)
    CS_startHFXT                             0x0000058d   Thumb Code     6  cs.o(i.CS_startHFXT)
    CS_startHFXTWithTimeout                  0x00000595   Thumb Code   262  cs.o(i.CS_startHFXTWithTimeout)
    CS_startLFXT                             0x000006d9   Thumb Code     6  cs.o(i.CS_startLFXT)
    CS_startLFXTWithTimeout                  0x000006e1   Thumb Code   158  cs.o(i.CS_startLFXTWithTimeout)
    CS_tuneDCOFrequency                      0x00000795   Thumb Code    72  cs.o(i.CS_tuneDCOFrequency)
    FPU_enableModule                         0x000007ed   Thumb Code    12  fpu.o(i.FPU_enableModule)
    FlashCtl_setWaitState                    0x000007fd   Thumb Code    38  flash.o(i.FlashCtl_setWaitState)
    GPIO_clearInterruptFlag                  0x00000829   Thumb Code    16  gpio.o(i.GPIO_clearInterruptFlag)
    GPIO_getEnabledInterruptStatus           0x0000083d   Thumb Code    48  gpio.o(i.GPIO_getEnabledInterruptStatus)
    GPIO_getInputPinValue                    0x00000871   Thumb Code    16  gpio.o(i.GPIO_getInputPinValue)
    GPIO_setAsInputPinWithPullUpResistor     0x00000885   Thumb Code    38  gpio.o(i.GPIO_setAsInputPinWithPullUpResistor)
    GPIO_setAsPeripheralModuleFunctionOutputPin 0x000008b1   Thumb Code    68  gpio.o(i.GPIO_setAsPeripheralModuleFunctionOutputPin)
    GPIO_toggleOutputOnPin                   0x000008f9   Thumb Code    14  gpio.o(i.GPIO_toggleOutputOnPin)
    Interrupt_enableInterrupt                0x0000090d   Thumb Code    92  interrupt.o(i.Interrupt_enableInterrupt)
    Interrupt_enableMaster                   0x00000971   Thumb Code    14  interrupt.o(i.Interrupt_enableMaster)
    PCM_getCoreVoltageLevel                  0x00000981   Thumb Code    70  pcm.o(i.PCM_getCoreVoltageLevel)
    PCM_getPowerMode                         0x000009cd   Thumb Code    62  pcm.o(i.PCM_getPowerMode)
    PCM_setCoreVoltageLevel                  0x00000a11   Thumb Code     8  pcm.o(i.PCM_setCoreVoltageLevel)
    PORT1_IRQHandler                         0x00000a19   Thumb Code    80  key.o(i.PORT1_IRQHandler)
    RTC_C_IRQHandler                         0x00000a69   Thumb Code    64  rtc.o(i.RTC_C_IRQHandler)
    RTC_C_clearInterruptFlag                 0x00000aad   Thumb Code    68  rtc_c.o(i.RTC_C_clearInterruptFlag)
    RTC_C_enableInterrupt                    0x00000af9   Thumb Code    52  rtc_c.o(i.RTC_C_enableInterrupt)
    RTC_C_getCalendarTime                    0x00000b35   Thumb Code    78  rtc_c.o(i.RTC_C_getCalendarTime)
    RTC_C_getEnabledInterruptStatus          0x00000b99   Thumb Code   100  rtc_c.o(i.RTC_C_getEnabledInterruptStatus)
    RTC_C_initCalendar                       0x00000c05   Thumb Code    86  rtc_c.o(i.RTC_C_initCalendar)
    RTC_C_setCalendarAlarm                   0x00000c71   Thumb Code    34  rtc_c.o(i.RTC_C_setCalendarAlarm)
    RTC_C_setCalendarEvent                   0x00000c9d   Thumb Code    36  rtc_c.o(i.RTC_C_setCalendarEvent)
    RTC_C_startClock                         0x00000cc9   Thumb Code    28  rtc_c.o(i.RTC_C_startClock)
    RtcInit                                  0x00000ced   Thumb Code    82  rtc.o(i.RtcInit)
    SysCtl_disableNMISource                  0x00000d49   Thumb Code    12  sysctl.o(i.SysCtl_disableNMISource)
    SysCtl_enableNMISource                   0x00000d59   Thumb Code    10  sysctl.o(i.SysCtl_enableNMISource)
    SysCtl_getNMISourceStatus                0x00000d69   Thumb Code     6  sysctl.o(i.SysCtl_getNMISourceStatus)
    SysCtl_getTLVInfo                        0x00000d75   Thumb Code    72  sysctl.o(i.SysCtl_getTLVInfo)
    SysTick_disableInterrupt                 0x00000dc5   Thumb Code    14  systick.o(i.SysTick_disableInterrupt)
    SysTick_disableModule                    0x00000dd3   Thumb Code    14  systick.o(i.SysTick_disableModule)
    SysTick_enableModule                     0x00000de1   Thumb Code    14  systick.o(i.SysTick_enableModule)
    SysTick_getValue                         0x00000def   Thumb Code     8  systick.o(i.SysTick_getValue)
    SysTick_setPeriod                        0x00000df7   Thumb Code    10  systick.o(i.SysTick_setPeriod)
    SystemClockInit                          0x00000e01   Thumb Code   212  systeminit.o(i.SystemClockInit)
    SystemInit                               0x00000ee1   Thumb Code    86  system_msp432p401r.o(i.SystemInit)
    delay_ms                                 0x00001131   Thumb Code    26  delay.o(i.delay_ms)
    delay_us                                 0x0000114b   Thumb Code    60  delay.o(i.delay_us)
    main                                     0x00001189   Thumb Code    50  main.o(i.main)
    _fp_init                                 0x000011c1   Thumb Code    10  fpinit.o(x$fpl$fpinit)
    __fplib_config_fpu_vfp                   0x000011c9   Thumb Code     0  fpinit.o(x$fpl$fpinit)
    __fplib_config_pureend_doubles           0x000011c9   Thumb Code     0  fpinit.o(x$fpl$fpinit)
    currentTime                              0x000011cc   Data          28  rtc.o(.constdata)
    Region$$Table$$Base                      0x00001278   Number         0  anon$$obj.o(Region$$Table)
    Region$$Table$$Limit                     0x00001298   Number         0  anon$$obj.o(Region$$Table)
    newTime                                  0x20000038   Data          28  rtc.o(.bss)
    __libspace_start                         0x20000054   Data          96  libspace.o(.bss)
    __temporary_stack_top$libspace           0x200000b4   Data           0  libspace.o(.bss)



==============================================================================

Memory Map of the image

  Image Entry point : 0x00000145

  Load Region LR_IROM1 (Base: 0x00000000, Size: 0x000012d0, Max: 0x00040000, ABSOLUTE)

    Execution Region ER_IROM1 (Exec base: 0x00000000, Load base: 0x00000000, Size: 0x00001298, Max: 0x00040000, ABSOLUTE)

    Exec Addr    Load Addr    Size         Type   Attr      Idx    E Section Name        Object

    0x00000000   0x00000000   0x00000144   Data   RO          462    RESET               startup_msp432p401r_uvision.o
    0x00000144   0x00000144   0x00000008   Code   RO          993  * !!!main             c_w.l(__main.o)
    0x0000014c   0x0000014c   0x00000034   Code   RO         1152    !!!scatter          c_w.l(__scatter.o)
    0x00000180   0x00000180   0x0000001a   Code   RO         1154    !!handler_copy      c_w.l(__scatter_copy.o)
    0x0000019a   0x0000019a   0x00000002   PAD
    0x0000019c   0x0000019c   0x0000001c   Code   RO         1156    !!handler_zi        c_w.l(__scatter_zi.o)
    0x000001b8   0x000001b8   0x00000002   Code   RO         1020    .ARM.Collect$$libinit$$00000000  c_w.l(libinit.o)
    0x000001ba   0x000001ba   0x00000004   Code   RO         1026    .ARM.Collect$$libinit$$00000001  c_w.l(libinit2.o)
    0x000001be   0x000001be   0x00000000   Code   RO         1029    .ARM.Collect$$libinit$$00000004  c_w.l(libinit2.o)
    0x000001be   0x000001be   0x00000000   Code   RO         1032    .ARM.Collect$$libinit$$0000000A  c_w.l(libinit2.o)
    0x000001be   0x000001be   0x00000000   Code   RO         1034    .ARM.Collect$$libinit$$0000000C  c_w.l(libinit2.o)
    0x000001be   0x000001be   0x00000000   Code   RO         1036    .ARM.Collect$$libinit$$0000000E  c_w.l(libinit2.o)
    0x000001be   0x000001be   0x00000000   Code   RO         1039    .ARM.Collect$$libinit$$00000011  c_w.l(libinit2.o)
    0x000001be   0x000001be   0x00000000   Code   RO         1041    .ARM.Collect$$libinit$$00000013  c_w.l(libinit2.o)
    0x000001be   0x000001be   0x00000000   Code   RO         1043    .ARM.Collect$$libinit$$00000015  c_w.l(libinit2.o)
    0x000001be   0x000001be   0x00000000   Code   RO         1045    .ARM.Collect$$libinit$$00000017  c_w.l(libinit2.o)
    0x000001be   0x000001be   0x00000000   Code   RO         1047    .ARM.Collect$$libinit$$00000019  c_w.l(libinit2.o)
    0x000001be   0x000001be   0x00000000   Code   RO         1049    .ARM.Collect$$libinit$$0000001B  c_w.l(libinit2.o)
    0x000001be   0x000001be   0x00000000   Code   RO         1051    .ARM.Collect$$libinit$$0000001D  c_w.l(libinit2.o)
    0x000001be   0x000001be   0x00000000   Code   RO         1053    .ARM.Collect$$libinit$$0000001F  c_w.l(libinit2.o)
    0x000001be   0x000001be   0x00000000   Code   RO         1055    .ARM.Collect$$libinit$$00000021  c_w.l(libinit2.o)
    0x000001be   0x000001be   0x00000000   Code   RO         1057    .ARM.Collect$$libinit$$00000023  c_w.l(libinit2.o)
    0x000001be   0x000001be   0x00000000   Code   RO         1059    .ARM.Collect$$libinit$$00000025  c_w.l(libinit2.o)
    0x000001be   0x000001be   0x00000000   Code   RO         1063    .ARM.Collect$$libinit$$0000002C  c_w.l(libinit2.o)
    0x000001be   0x000001be   0x00000000   Code   RO         1065    .ARM.Collect$$libinit$$0000002E  c_w.l(libinit2.o)
    0x000001be   0x000001be   0x00000000   Code   RO         1067    .ARM.Collect$$libinit$$00000030  c_w.l(libinit2.o)
    0x000001be   0x000001be   0x00000000   Code   RO         1069    .ARM.Collect$$libinit$$00000032  c_w.l(libinit2.o)
    0x000001be   0x000001be   0x00000002   Code   RO         1070    .ARM.Collect$$libinit$$00000033  c_w.l(libinit2.o)
    0x000001c0   0x000001c0   0x00000002   Code   RO         1090    .ARM.Collect$$libshutdown$$00000000  c_w.l(libshutdown.o)
    0x000001c2   0x000001c2   0x00000000   Code   RO         1103    .ARM.Collect$$libshutdown$$00000002  c_w.l(libshutdown2.o)
    0x000001c2   0x000001c2   0x00000000   Code   RO         1105    .ARM.Collect$$libshutdown$$00000004  c_w.l(libshutdown2.o)
    0x000001c2   0x000001c2   0x00000000   Code   RO         1107    .ARM.Collect$$libshutdown$$00000006  c_w.l(libshutdown2.o)
    0x000001c2   0x000001c2   0x00000000   Code   RO         1110    .ARM.Collect$$libshutdown$$00000009  c_w.l(libshutdown2.o)
    0x000001c2   0x000001c2   0x00000000   Code   RO         1113    .ARM.Collect$$libshutdown$$0000000C  c_w.l(libshutdown2.o)
    0x000001c2   0x000001c2   0x00000000   Code   RO         1115    .ARM.Collect$$libshutdown$$0000000E  c_w.l(libshutdown2.o)
    0x000001c2   0x000001c2   0x00000000   Code   RO         1118    .ARM.Collect$$libshutdown$$00000011  c_w.l(libshutdown2.o)
    0x000001c2   0x000001c2   0x00000002   Code   RO         1119    .ARM.Collect$$libshutdown$$00000012  c_w.l(libshutdown2.o)
    0x000001c4   0x000001c4   0x00000000   Code   RO          995    .ARM.Collect$$rtentry$$00000000  c_w.l(__rtentry.o)
    0x000001c4   0x000001c4   0x00000000   Code   RO          997    .ARM.Collect$$rtentry$$00000002  c_w.l(__rtentry2.o)
    0x000001c4   0x000001c4   0x00000006   Code   RO         1009    .ARM.Collect$$rtentry$$00000004  c_w.l(__rtentry4.o)
    0x000001ca   0x000001ca   0x00000000   Code   RO          999    .ARM.Collect$$rtentry$$00000009  c_w.l(__rtentry2.o)
    0x000001ca   0x000001ca   0x00000004   Code   RO         1000    .ARM.Collect$$rtentry$$0000000A  c_w.l(__rtentry2.o)
    0x000001ce   0x000001ce   0x00000000   Code   RO         1002    .ARM.Collect$$rtentry$$0000000C  c_w.l(__rtentry2.o)
    0x000001ce   0x000001ce   0x00000008   Code   RO         1003    .ARM.Collect$$rtentry$$0000000D  c_w.l(__rtentry2.o)
    0x000001d6   0x000001d6   0x00000002   Code   RO         1024    .ARM.Collect$$rtexit$$00000000  c_w.l(rtexit.o)
    0x000001d8   0x000001d8   0x00000000   Code   RO         1072    .ARM.Collect$$rtexit$$00000002  c_w.l(rtexit2.o)
    0x000001d8   0x000001d8   0x00000004   Code   RO         1073    .ARM.Collect$$rtexit$$00000003  c_w.l(rtexit2.o)
    0x000001dc   0x000001dc   0x00000006   Code   RO         1074    .ARM.Collect$$rtexit$$00000004  c_w.l(rtexit2.o)
    0x000001e2   0x000001e2   0x00000002   PAD
    0x000001e4   0x000001e4   0x00000026   Code   RO          918    .emb_text           msp432p4xx_driverlib.lib(cpu.o)
    0x0000020a   0x0000020a   0x00000002   PAD
    0x0000020c   0x0000020c   0x0000003c   Code   RO          463    .text               startup_msp432p401r_uvision.o
    0x00000248   0x00000248   0x00000006   Code   RO          991    .text               c_w.l(heapauxi.o)
    0x0000024e   0x0000024e   0x0000004a   Code   RO         1011    .text               c_w.l(sys_stackheap_outer.o)
    0x00000298   0x00000298   0x00000012   Code   RO         1013    .text               c_w.l(exit.o)
    0x000002aa   0x000002aa   0x00000002   PAD
    0x000002ac   0x000002ac   0x00000008   Code   RO         1021    .text               c_w.l(libspace.o)
    0x000002b4   0x000002b4   0x0000000c   Code   RO         1082    .text               c_w.l(sys_exit.o)
    0x000002c0   0x000002c0   0x00000002   Code   RO         1093    .text               c_w.l(use_no_semi.o)
    0x000002c2   0x000002c2   0x00000000   Code   RO         1095    .text               c_w.l(indicate_semi.o)
    0x000002c2   0x000002c2   0x00000002   PAD
    0x000002c4   0x000002c4   0x000000fc   Code   RO          523    i.CS_initClockSignal  msp432p4xx_driverlib.lib(cs.o)
    0x000003c0   0x000003c0   0x00000024   Code   RO          526    i.CS_setDCOCenteredFrequency  msp432p4xx_driverlib.lib(cs.o)
    0x000003e4   0x000003e4   0x0000017c   Code   RO          528    i.CS_setDCOFrequency  msp432p4xx_driverlib.lib(cs.o)
    0x00000560   0x00000560   0x0000000c   Code   RO          529    i.CS_setExternalClockSourceFrequency  msp432p4xx_driverlib.lib(cs.o)
    0x0000056c   0x0000056c   0x00000020   Code   RO          530    i.CS_setReferenceOscillatorFrequency  msp432p4xx_driverlib.lib(cs.o)
    0x0000058c   0x0000058c   0x00000006   Code   RO          532    i.CS_startHFXT      msp432p4xx_driverlib.lib(cs.o)
    0x00000592   0x00000592   0x00000002   PAD
    0x00000594   0x00000594   0x00000144   Code   RO          533    i.CS_startHFXTWithTimeout  msp432p4xx_driverlib.lib(cs.o)
    0x000006d8   0x000006d8   0x00000006   Code   RO          534    i.CS_startLFXT      msp432p4xx_driverlib.lib(cs.o)
    0x000006de   0x000006de   0x00000002   PAD
    0x000006e0   0x000006e0   0x000000b4   Code   RO          535    i.CS_startLFXTWithTimeout  msp432p4xx_driverlib.lib(cs.o)
    0x00000794   0x00000794   0x00000058   Code   RO          536    i.CS_tuneDCOFrequency  msp432p4xx_driverlib.lib(cs.o)
    0x000007ec   0x000007ec   0x00000010   Code   RO          661    i.FPU_enableModule  msp432p4xx_driverlib.lib(fpu.o)
    0x000007fc   0x000007fc   0x0000002c   Code   RO          603    i.FlashCtl_setWaitState  msp432p4xx_driverlib.lib(flash.o)
    0x00000828   0x00000828   0x00000014   Code   RO          682    i.GPIO_clearInterruptFlag  msp432p4xx_driverlib.lib(gpio.o)
    0x0000083c   0x0000083c   0x00000034   Code   RO          685    i.GPIO_getEnabledInterruptStatus  msp432p4xx_driverlib.lib(gpio.o)
    0x00000870   0x00000870   0x00000014   Code   RO          686    i.GPIO_getInputPinValue  msp432p4xx_driverlib.lib(gpio.o)
    0x00000884   0x00000884   0x0000002c   Code   RO          692    i.GPIO_setAsInputPinWithPullUpResistor  msp432p4xx_driverlib.lib(gpio.o)
    0x000008b0   0x000008b0   0x00000048   Code   RO          695    i.GPIO_setAsPeripheralModuleFunctionOutputPin  msp432p4xx_driverlib.lib(gpio.o)
    0x000008f8   0x000008f8   0x00000014   Code   RO          700    i.GPIO_toggleOutputOnPin  msp432p4xx_driverlib.lib(gpio.o)
    0x0000090c   0x0000090c   0x00000064   Code   RO          734    i.Interrupt_enableInterrupt  msp432p4xx_driverlib.lib(interrupt.o)
    0x00000970   0x00000970   0x0000000e   Code   RO          735    i.Interrupt_enableMaster  msp432p4xx_driverlib.lib(interrupt.o)
    0x0000097e   0x0000097e   0x00000002   PAD
    0x00000980   0x00000980   0x0000004c   Code   RO          783    i.PCM_getCoreVoltageLevel  msp432p4xx_driverlib.lib(pcm.o)
    0x000009cc   0x000009cc   0x00000044   Code   RO          786    i.PCM_getPowerMode  msp432p4xx_driverlib.lib(pcm.o)
    0x00000a10   0x00000a10   0x00000008   Code   RO          795    i.PCM_setCoreVoltageLevel  msp432p4xx_driverlib.lib(pcm.o)
    0x00000a18   0x00000a18   0x00000050   Code   RO          431    i.PORT1_IRQHandler  key.o
    0x00000a68   0x00000a68   0x00000044   Code   RO          247    i.RTC_C_IRQHandler  rtc.o
    0x00000aac   0x00000aac   0x0000004c   Code   RO          846    i.RTC_C_clearInterruptFlag  msp432p4xx_driverlib.lib(rtc_c.o)
    0x00000af8   0x00000af8   0x0000003c   Code   RO          851    i.RTC_C_enableInterrupt  msp432p4xx_driverlib.lib(rtc_c.o)
    0x00000b34   0x00000b34   0x00000064   Code   RO          852    i.RTC_C_getCalendarTime  msp432p4xx_driverlib.lib(rtc_c.o)
    0x00000b98   0x00000b98   0x0000006c   Code   RO          853    i.RTC_C_getEnabledInterruptStatus  msp432p4xx_driverlib.lib(rtc_c.o)
    0x00000c04   0x00000c04   0x0000006c   Code   RO          857    i.RTC_C_initCalendar  msp432p4xx_driverlib.lib(rtc_c.o)
    0x00000c70   0x00000c70   0x0000002c   Code   RO          859    i.RTC_C_setCalendarAlarm  msp432p4xx_driverlib.lib(rtc_c.o)
    0x00000c9c   0x00000c9c   0x0000002c   Code   RO          860    i.RTC_C_setCalendarEvent  msp432p4xx_driverlib.lib(rtc_c.o)
    0x00000cc8   0x00000cc8   0x00000024   Code   RO          865    i.RTC_C_startClock  msp432p4xx_driverlib.lib(rtc_c.o)
    0x00000cec   0x00000cec   0x0000005c   Code   RO          248    i.RtcInit           rtc.o
    0x00000d48   0x00000d48   0x00000010   Code   RO          927    i.SysCtl_disableNMISource  msp432p4xx_driverlib.lib(sysctl.o)
    0x00000d58   0x00000d58   0x00000010   Code   RO          932    i.SysCtl_enableNMISource  msp432p4xx_driverlib.lib(sysctl.o)
    0x00000d68   0x00000d68   0x0000000c   Code   RO          937    i.SysCtl_getNMISourceStatus  msp432p4xx_driverlib.lib(sysctl.o)
    0x00000d74   0x00000d74   0x00000050   Code   RO          939    i.SysCtl_getTLVInfo  msp432p4xx_driverlib.lib(sysctl.o)
    0x00000dc4   0x00000dc4   0x0000000e   Code   RO          894    i.SysTick_disableInterrupt  msp432p4xx_driverlib.lib(systick.o)
    0x00000dd2   0x00000dd2   0x0000000e   Code   RO          895    i.SysTick_disableModule  msp432p4xx_driverlib.lib(systick.o)
    0x00000de0   0x00000de0   0x0000000e   Code   RO          897    i.SysTick_enableModule  msp432p4xx_driverlib.lib(systick.o)
    0x00000dee   0x00000dee   0x00000008   Code   RO          899    i.SysTick_getValue  msp432p4xx_driverlib.lib(systick.o)
    0x00000df6   0x00000df6   0x0000000a   Code   RO          901    i.SysTick_setPeriod  msp432p4xx_driverlib.lib(systick.o)
    0x00000e00   0x00000e00   0x000000e0   Code   RO          220    i.SystemClockInit   systeminit.o
    0x00000ee0   0x00000ee0   0x0000006c   Code   RO          471    i.SystemInit        system_msp432p401r.o
    0x00000f4c   0x00000f4c   0x00000100   Code   RO          806    i.__PCM_setCoreVoltageLevelAdvanced  msp432p4xx_driverlib.lib(pcm.o)
    0x0000104c   0x0000104c   0x000000e4   Code   RO          807    i.__PCM_setPowerModeAdvanced  msp432p4xx_driverlib.lib(pcm.o)
    0x00001130   0x00001130   0x0000001a   Code   RO          181    i.delay_ms          delay.o
    0x0000114a   0x0000114a   0x0000003c   Code   RO          183    i.delay_us          delay.o
    0x00001186   0x00001186   0x00000002   PAD
    0x00001188   0x00001188   0x00000038   Code   RO            4    i.main              main.o
    0x000011c0   0x000011c0   0x0000000a   Code   RO         1080    x$fpl$fpinit        fz_wm.l(fpinit.o)
    0x000011ca   0x000011ca   0x00000002   PAD
    0x000011cc   0x000011cc   0x0000001c   Data   RO          250    .constdata          rtc.o
    0x000011e8   0x000011e8   0x00000090   Data   RO          750    .constdata          msp432p4xx_driverlib.lib(interrupt.o)
    0x00001278   0x00001278   0x00000020   Data   RO         1150    Region$$Table       anon$$obj.o


    Execution Region RW_IRAM1 (Exec base: 0x20000000, Load base: 0x00001298, Size: 0x000002b8, Max: 0x00010000, ABSOLUTE)

    Exec Addr    Load Addr    Size         Type   Attr      Idx    E Section Name        Object

    0x20000000   0x00001298   0x00000008   Data   RW          539    .data               msp432p4xx_driverlib.lib(cs.o)
    0x20000008   0x000012a0   0x00000030   Data   RW          703    .data               msp432p4xx_driverlib.lib(gpio.o)
    0x20000038        -       0x0000001c   Zero   RW          249    .bss                rtc.o
    0x20000054        -       0x00000060   Zero   RW         1022    .bss                c_w.l(libspace.o)
    0x200000b4   0x000012d0   0x00000004   PAD
    0x200000b8        -       0x00000000   Zero   RW          461    HEAP                startup_msp432p401r_uvision.o
    0x200000b8        -       0x00000200   Zero   RW          460    STACK               startup_msp432p401r_uvision.o



  Load Region LR_IROM2 (Base: 0x00200000, Size: 0x00000000, Max: 0x00004000, ABSOLUTE)

    Execution Region ER_IROM2 (Exec base: 0x00200000, Load base: 0x00200000, Size: 0x00000000, Max: 0x00004000, ABSOLUTE)

    **** No section assigned to this execution region ****


==============================================================================

Image component sizes


      Code (inc. data)   RO Data    RW Data    ZI Data      Debug   Object Name

        86          0          0          0          0       3534   delay.o
        80          0          0          0          0        951   key.o
        56          6          0          0          0       9031   main.o
       160         14         28          0         28       1755   rtc.o
        60         22        324          0        512        936   startup_msp432p401r_uvision.o
       108         22          0          0          0        545   system_msp432p401r.o
       224         12          0          0          0       3126   systeminit.o

    ----------------------------------------------------------------------
       776         76        384          0        540      19878   Object Totals
         0          0         32          0          0          0   (incl. Generated)
         2          0          0          0          0          0   (incl. Padding)

    ----------------------------------------------------------------------

      Code (inc. data)   RO Data    RW Data    ZI Data      Debug   Library Member Name

         8          0          0          0          0         68   __main.o
         0          0          0          0          0          0   __rtentry.o
        12          0          0          0          0          0   __rtentry2.o
         6          0          0          0          0          0   __rtentry4.o
        52          8          0          0          0          0   __scatter.o
        26          0          0          0          0          0   __scatter_copy.o
        28          0          0          0          0          0   __scatter_zi.o
        18          0          0          0          0         80   exit.o
         6          0          0          0          0        152   heapauxi.o
         0          0          0          0          0          0   indicate_semi.o
         2          0          0          0          0          0   libinit.o
         6          0          0          0          0          0   libinit2.o
         2          0          0          0          0          0   libshutdown.o
         2          0          0          0          0          0   libshutdown2.o
         8          4          0          0         96         68   libspace.o
         2          0          0          0          0          0   rtexit.o
        10          0          0          0          0          0   rtexit2.o
        12          4          0          0          0         68   sys_exit.o
        74          0          0          0          0         80   sys_stackheap_outer.o
         2          0          0          0          0         68   use_no_semi.o
        10          0          0          0          0        116   fpinit.o
        38          0          0          0          0        196   cpu.o
      1316        214          0          8          0       1248   cs.o
        44          6          0          0          0        116   flash.o
        16          4          0          0          0        116   fpu.o
       228         40          0         48          0        696   gpio.o
       114          8        144          0          0        240   interrupt.o
       636        114          0          0          0        636   pcm.o
       576         94          0          0          0        956   rtc_c.o
       124         24          0          0          0        476   sysctl.o
        60          0          0          0          0        580   systick.o

    ----------------------------------------------------------------------
      3456        520        144         56        100       5960   Library Totals
        18          0          0          0          4          0   (incl. Padding)

    ----------------------------------------------------------------------

      Code (inc. data)   RO Data    RW Data    ZI Data      Debug   Library Name

       276         16          0          0         96        584   c_w.l
        10          0          0          0          0        116   fz_wm.l
      3152        504        144         56          0       5260   msp432p4xx_driverlib.lib

    ----------------------------------------------------------------------
      3456        520        144         56        100       5960   Library Totals

    ----------------------------------------------------------------------

==============================================================================


      Code (inc. data)   RO Data    RW Data    ZI Data      Debug   

      4232        596        528         56        640      21282   Grand Totals
      4232        596        528         56        640      21282   ELF Image Totals
      4232        596        528         56          0          0   ROM Totals

==============================================================================

    Total RO  Size (Code + RO Data)                 4760 (   4.65kB)
    Total RW  Size (RW Data + ZI Data)               696 (   0.68kB)
    Total ROM Size (Code + RO Data + RW Data)       4816 (   4.70kB)

==============================================================================

