<!doctype html public "-//w3c//dtd html 4.0 transitional//en">
<html><head>
<title>Static Call Graph - [.\Objects\MSP432.axf]</title></head>
<body><HR>
<H1>Static Call Graph for image .\Objects\MSP432.axf</H1><HR>
<BR><P>#&#060CALLGRAPH&#062# ARM Linker, 5060960: Last Updated: Tue Jul 04 14:09:56 2023
<BR><P>
<H3>Maximum Stack Usage =        144 bytes + Unknown(Cycles, Untraceable Function Pointers)</H3><H3>
Call chain for Maximum Stack Depth:</H3>
EUSCIA2_IRQHandler &rArr; Param_Update &rArr; ProcessMessage &rArr; NotifyButton &rArr; SetTextValue &rArr; SendStrings &rArr; SendChar &rArr; Usart2_SendByte
<P>
<H3>
Mutually Recursive functions
</H3> <LI><a href="#[4]">NMI_Handler</a>&nbsp;&nbsp;&nbsp;&rArr;&nbsp;&nbsp;&nbsp;<a href="#[4]">NMI_Handler</a><BR>
 <LI><a href="#[5]">HardFault_Handler</a>&nbsp;&nbsp;&nbsp;&rArr;&nbsp;&nbsp;&nbsp;<a href="#[5]">HardFault_Handler</a><BR>
 <LI><a href="#[6]">MemManage_Handler</a>&nbsp;&nbsp;&nbsp;&rArr;&nbsp;&nbsp;&nbsp;<a href="#[6]">MemManage_Handler</a><BR>
 <LI><a href="#[7]">BusFault_Handler</a>&nbsp;&nbsp;&nbsp;&rArr;&nbsp;&nbsp;&nbsp;<a href="#[7]">BusFault_Handler</a><BR>
 <LI><a href="#[8]">UsageFault_Handler</a>&nbsp;&nbsp;&nbsp;&rArr;&nbsp;&nbsp;&nbsp;<a href="#[8]">UsageFault_Handler</a><BR>
 <LI><a href="#[9]">SVC_Handler</a>&nbsp;&nbsp;&nbsp;&rArr;&nbsp;&nbsp;&nbsp;<a href="#[9]">SVC_Handler</a><BR>
 <LI><a href="#[a]">DebugMon_Handler</a>&nbsp;&nbsp;&nbsp;&rArr;&nbsp;&nbsp;&nbsp;<a href="#[a]">DebugMon_Handler</a><BR>
 <LI><a href="#[b]">PendSV_Handler</a>&nbsp;&nbsp;&nbsp;&rArr;&nbsp;&nbsp;&nbsp;<a href="#[b]">PendSV_Handler</a><BR>
 <LI><a href="#[c]">SysTick_Handler</a>&nbsp;&nbsp;&nbsp;&rArr;&nbsp;&nbsp;&nbsp;<a href="#[c]">SysTick_Handler</a><BR>
 <LI><a href="#[25]">ADC14_IRQHandler</a>&nbsp;&nbsp;&nbsp;&rArr;&nbsp;&nbsp;&nbsp;<a href="#[25]">ADC14_IRQHandler</a><BR>
</UL>
<P>
<H3>
Function Pointers
</H3><UL>
 <LI><a href="#[25]">ADC14_IRQHandler</a> from startup_msp432p401r_uvision.o(.text) referenced from startup_msp432p401r_uvision.o(RESET)
 <LI><a href="#[29]">AES256_IRQHandler</a> from startup_msp432p401r_uvision.o(.text) referenced from startup_msp432p401r_uvision.o(RESET)
 <LI><a href="#[7]">BusFault_Handler</a> from startup_msp432p401r_uvision.o(.text) referenced from startup_msp432p401r_uvision.o(RESET)
 <LI><a href="#[13]">COMP_E0_IRQHandler</a> from startup_msp432p401r_uvision.o(.text) referenced from startup_msp432p401r_uvision.o(RESET)
 <LI><a href="#[14]">COMP_E1_IRQHandler</a> from startup_msp432p401r_uvision.o(.text) referenced from startup_msp432p401r_uvision.o(RESET)
 <LI><a href="#[e]">CS_IRQHandler</a> from startup_msp432p401r_uvision.o(.text) referenced from startup_msp432p401r_uvision.o(RESET)
 <LI><a href="#[2b]">DMA_ERR_IRQHandler</a> from startup_msp432p401r_uvision.o(.text) referenced from startup_msp432p401r_uvision.o(RESET)
 <LI><a href="#[2f]">DMA_INT0_IRQHandler</a> from startup_msp432p401r_uvision.o(.text) referenced from startup_msp432p401r_uvision.o(RESET)
 <LI><a href="#[2e]">DMA_INT1_IRQHandler</a> from startup_msp432p401r_uvision.o(.text) referenced from startup_msp432p401r_uvision.o(RESET)
 <LI><a href="#[2d]">DMA_INT2_IRQHandler</a> from startup_msp432p401r_uvision.o(.text) referenced from startup_msp432p401r_uvision.o(RESET)
 <LI><a href="#[2c]">DMA_INT3_IRQHandler</a> from startup_msp432p401r_uvision.o(.text) referenced from startup_msp432p401r_uvision.o(RESET)
 <LI><a href="#[a]">DebugMon_Handler</a> from startup_msp432p401r_uvision.o(.text) referenced from startup_msp432p401r_uvision.o(RESET)
 <LI><a href="#[1d]">EUSCIA0_IRQHandler</a> from usart.o(i.EUSCIA0_IRQHandler) referenced from startup_msp432p401r_uvision.o(RESET)
 <LI><a href="#[1e]">EUSCIA1_IRQHandler</a> from usart.o(i.EUSCIA1_IRQHandler) referenced from startup_msp432p401r_uvision.o(RESET)
 <LI><a href="#[1f]">EUSCIA2_IRQHandler</a> from hmi_user_uart.o(i.EUSCIA2_IRQHandler) referenced from startup_msp432p401r_uvision.o(RESET)
 <LI><a href="#[20]">EUSCIA3_IRQHandler</a> from usart.o(i.EUSCIA3_IRQHandler) referenced from startup_msp432p401r_uvision.o(RESET)
 <LI><a href="#[21]">EUSCIB0_IRQHandler</a> from startup_msp432p401r_uvision.o(.text) referenced from startup_msp432p401r_uvision.o(RESET)
 <LI><a href="#[22]">EUSCIB1_IRQHandler</a> from startup_msp432p401r_uvision.o(.text) referenced from startup_msp432p401r_uvision.o(RESET)
 <LI><a href="#[23]">EUSCIB2_IRQHandler</a> from startup_msp432p401r_uvision.o(.text) referenced from startup_msp432p401r_uvision.o(RESET)
 <LI><a href="#[24]">EUSCIB3_IRQHandler</a> from startup_msp432p401r_uvision.o(.text) referenced from startup_msp432p401r_uvision.o(RESET)
 <LI><a href="#[12]">FLCTL_IRQHandler</a> from startup_msp432p401r_uvision.o(.text) referenced from startup_msp432p401r_uvision.o(RESET)
 <LI><a href="#[11]">FPU_IRQHandler</a> from startup_msp432p401r_uvision.o(.text) referenced from startup_msp432p401r_uvision.o(RESET)
 <LI><a href="#[5]">HardFault_Handler</a> from startup_msp432p401r_uvision.o(.text) referenced from startup_msp432p401r_uvision.o(RESET)
 <LI><a href="#[6]">MemManage_Handler</a> from startup_msp432p401r_uvision.o(.text) referenced from startup_msp432p401r_uvision.o(RESET)
 <LI><a href="#[4]">NMI_Handler</a> from startup_msp432p401r_uvision.o(.text) referenced from startup_msp432p401r_uvision.o(RESET)
 <LI><a href="#[f]">PCM_IRQHandler</a> from startup_msp432p401r_uvision.o(.text) referenced from startup_msp432p401r_uvision.o(RESET)
 <LI><a href="#[30]">PORT1_IRQHandler</a> from startup_msp432p401r_uvision.o(.text) referenced from startup_msp432p401r_uvision.o(RESET)
 <LI><a href="#[31]">PORT2_IRQHandler</a> from startup_msp432p401r_uvision.o(.text) referenced from startup_msp432p401r_uvision.o(RESET)
 <LI><a href="#[32]">PORT3_IRQHandler</a> from startup_msp432p401r_uvision.o(.text) referenced from startup_msp432p401r_uvision.o(RESET)
 <LI><a href="#[33]">PORT4_IRQHandler</a> from startup_msp432p401r_uvision.o(.text) referenced from startup_msp432p401r_uvision.o(RESET)
 <LI><a href="#[34]">PORT5_IRQHandler</a> from startup_msp432p401r_uvision.o(.text) referenced from startup_msp432p401r_uvision.o(RESET)
 <LI><a href="#[35]">PORT6_IRQHandler</a> from startup_msp432p401r_uvision.o(.text) referenced from startup_msp432p401r_uvision.o(RESET)
 <LI><a href="#[d]">PSS_IRQHandler</a> from startup_msp432p401r_uvision.o(.text) referenced from startup_msp432p401r_uvision.o(RESET)
 <LI><a href="#[b]">PendSV_Handler</a> from startup_msp432p401r_uvision.o(.text) referenced from startup_msp432p401r_uvision.o(RESET)
 <LI><a href="#[2a]">RTC_C_IRQHandler</a> from startup_msp432p401r_uvision.o(.text) referenced from startup_msp432p401r_uvision.o(RESET)
 <LI><a href="#[3]">Reset_Handler</a> from startup_msp432p401r_uvision.o(.text) referenced from startup_msp432p401r_uvision.o(RESET)
 <LI><a href="#[9]">SVC_Handler</a> from startup_msp432p401r_uvision.o(.text) referenced from startup_msp432p401r_uvision.o(RESET)
 <LI><a href="#[c]">SysTick_Handler</a> from startup_msp432p401r_uvision.o(.text) referenced from startup_msp432p401r_uvision.o(RESET)
 <LI><a href="#[36]">SystemInit</a> from system_msp432p401r.o(i.SystemInit) referenced from startup_msp432p401r_uvision.o(.text)
 <LI><a href="#[26]">T32_INT1_IRQHandler</a> from startup_msp432p401r_uvision.o(.text) referenced from startup_msp432p401r_uvision.o(RESET)
 <LI><a href="#[27]">T32_INT2_IRQHandler</a> from startup_msp432p401r_uvision.o(.text) referenced from startup_msp432p401r_uvision.o(RESET)
 <LI><a href="#[28]">T32_INTC_IRQHandler</a> from startup_msp432p401r_uvision.o(.text) referenced from startup_msp432p401r_uvision.o(RESET)
 <LI><a href="#[15]">TA0_0_IRQHandler</a> from tima.o(i.TA0_0_IRQHandler) referenced from startup_msp432p401r_uvision.o(RESET)
 <LI><a href="#[16]">TA0_N_IRQHandler</a> from startup_msp432p401r_uvision.o(.text) referenced from startup_msp432p401r_uvision.o(RESET)
 <LI><a href="#[17]">TA1_0_IRQHandler</a> from tima.o(i.TA1_0_IRQHandler) referenced from startup_msp432p401r_uvision.o(RESET)
 <LI><a href="#[18]">TA1_N_IRQHandler</a> from startup_msp432p401r_uvision.o(.text) referenced from startup_msp432p401r_uvision.o(RESET)
 <LI><a href="#[19]">TA2_0_IRQHandler</a> from tima.o(i.TA2_0_IRQHandler) referenced from startup_msp432p401r_uvision.o(RESET)
 <LI><a href="#[1a]">TA2_N_IRQHandler</a> from startup_msp432p401r_uvision.o(.text) referenced from startup_msp432p401r_uvision.o(RESET)
 <LI><a href="#[1b]">TA3_0_IRQHandler</a> from tima.o(i.TA3_0_IRQHandler) referenced from startup_msp432p401r_uvision.o(RESET)
 <LI><a href="#[1c]">TA3_N_IRQHandler</a> from startup_msp432p401r_uvision.o(.text) referenced from startup_msp432p401r_uvision.o(RESET)
 <LI><a href="#[8]">UsageFault_Handler</a> from startup_msp432p401r_uvision.o(.text) referenced from startup_msp432p401r_uvision.o(RESET)
 <LI><a href="#[10]">WDT_A_IRQHandler</a> from startup_msp432p401r_uvision.o(.text) referenced from startup_msp432p401r_uvision.o(RESET)
 <LI><a href="#[38]">__main</a> from __main.o(!!!main) referenced from startup_msp432p401r_uvision.o(.text)
</UL>
<P>
<H3>
Global Symbols
</H3>
<P><STRONG><a name="[38]"></a>__main</STRONG> (Thumb, 8 bytes, Stack size 0 bytes, __main.o(!!!main))
<BR><BR>[Calls]<UL><LI><a href="#[3a]">&gt;&gt;</a>&nbsp;&nbsp;&nbsp;__rt_entry
<LI><a href="#[39]">&gt;&gt;</a>&nbsp;&nbsp;&nbsp;__scatterload
</UL>

<P><STRONG><a name="[39]"></a>__scatterload</STRONG> (Thumb, 0 bytes, Stack size unknown bytes, __scatter.o(!!!scatter))
<BR><BR>[Called By]<UL><LI><a href="#[38]">&gt;&gt;</a>&nbsp;&nbsp;&nbsp;__main
</UL>

<P><STRONG><a name="[3b]"></a>__scatterload_rt2</STRONG> (Thumb, 44 bytes, Stack size unknown bytes, __scatter.o(!!!scatter), UNUSED)
<BR><BR>[Calls]<UL><LI><a href="#[3a]">&gt;&gt;</a>&nbsp;&nbsp;&nbsp;__rt_entry
</UL>

<P><STRONG><a name="[89]"></a>__scatterload_rt2_thumb_only</STRONG> (Thumb, 0 bytes, Stack size unknown bytes, __scatter.o(!!!scatter), UNUSED)

<P><STRONG><a name="[8a]"></a>__scatterload_null</STRONG> (Thumb, 0 bytes, Stack size unknown bytes, __scatter.o(!!!scatter), UNUSED)

<P><STRONG><a name="[3c]"></a>__scatterload_copy</STRONG> (Thumb, 26 bytes, Stack size unknown bytes, __scatter_copy.o(!!handler_copy), UNUSED)
<BR><BR>[Calls]<UL><LI><a href="#[3c]">&gt;&gt;</a>&nbsp;&nbsp;&nbsp;__scatterload_copy
</UL>
<BR>[Called By]<UL><LI><a href="#[3c]">&gt;&gt;</a>&nbsp;&nbsp;&nbsp;__scatterload_copy
</UL>

<P><STRONG><a name="[8b]"></a>__scatterload_zeroinit</STRONG> (Thumb, 28 bytes, Stack size unknown bytes, __scatter_zi.o(!!handler_zi), UNUSED)

<P><STRONG><a name="[42]"></a>__rt_lib_init</STRONG> (Thumb, 0 bytes, Stack size unknown bytes, libinit.o(.ARM.Collect$$libinit$$00000000))
<BR><BR>[Called By]<UL><LI><a href="#[41]">&gt;&gt;</a>&nbsp;&nbsp;&nbsp;__rt_entry_li
</UL>

<P><STRONG><a name="[3d]"></a>__rt_lib_init_fp_1</STRONG> (Thumb, 0 bytes, Stack size unknown bytes, libinit2.o(.ARM.Collect$$libinit$$00000001))
<BR><BR>[Calls]<UL><LI><a href="#[3e]">&gt;&gt;</a>&nbsp;&nbsp;&nbsp;_fp_init
</UL>

<P><STRONG><a name="[8c]"></a>__rt_lib_init_alloca_1</STRONG> (Thumb, 0 bytes, Stack size unknown bytes, libinit2.o(.ARM.Collect$$libinit$$0000002E))

<P><STRONG><a name="[8d]"></a>__rt_lib_init_argv_1</STRONG> (Thumb, 0 bytes, Stack size unknown bytes, libinit2.o(.ARM.Collect$$libinit$$0000002C))

<P><STRONG><a name="[8e]"></a>__rt_lib_init_atexit_1</STRONG> (Thumb, 0 bytes, Stack size unknown bytes, libinit2.o(.ARM.Collect$$libinit$$0000001B))

<P><STRONG><a name="[8f]"></a>__rt_lib_init_clock_1</STRONG> (Thumb, 0 bytes, Stack size unknown bytes, libinit2.o(.ARM.Collect$$libinit$$00000021))

<P><STRONG><a name="[90]"></a>__rt_lib_init_cpp_1</STRONG> (Thumb, 0 bytes, Stack size unknown bytes, libinit2.o(.ARM.Collect$$libinit$$00000032))

<P><STRONG><a name="[91]"></a>__rt_lib_init_exceptions_1</STRONG> (Thumb, 0 bytes, Stack size unknown bytes, libinit2.o(.ARM.Collect$$libinit$$00000030))

<P><STRONG><a name="[92]"></a>__rt_lib_init_fp_trap_1</STRONG> (Thumb, 0 bytes, Stack size unknown bytes, libinit2.o(.ARM.Collect$$libinit$$0000001F))

<P><STRONG><a name="[93]"></a>__rt_lib_init_getenv_1</STRONG> (Thumb, 0 bytes, Stack size unknown bytes, libinit2.o(.ARM.Collect$$libinit$$00000023))

<P><STRONG><a name="[94]"></a>__rt_lib_init_heap_1</STRONG> (Thumb, 0 bytes, Stack size unknown bytes, libinit2.o(.ARM.Collect$$libinit$$0000000A))

<P><STRONG><a name="[95]"></a>__rt_lib_init_lc_collate_1</STRONG> (Thumb, 0 bytes, Stack size unknown bytes, libinit2.o(.ARM.Collect$$libinit$$00000011))

<P><STRONG><a name="[96]"></a>__rt_lib_init_lc_ctype_1</STRONG> (Thumb, 0 bytes, Stack size unknown bytes, libinit2.o(.ARM.Collect$$libinit$$00000013))

<P><STRONG><a name="[97]"></a>__rt_lib_init_lc_monetary_1</STRONG> (Thumb, 0 bytes, Stack size unknown bytes, libinit2.o(.ARM.Collect$$libinit$$00000015))

<P><STRONG><a name="[98]"></a>__rt_lib_init_lc_numeric_1</STRONG> (Thumb, 0 bytes, Stack size unknown bytes, libinit2.o(.ARM.Collect$$libinit$$00000017))

<P><STRONG><a name="[99]"></a>__rt_lib_init_lc_time_1</STRONG> (Thumb, 0 bytes, Stack size unknown bytes, libinit2.o(.ARM.Collect$$libinit$$00000019))

<P><STRONG><a name="[9a]"></a>__rt_lib_init_preinit_1</STRONG> (Thumb, 0 bytes, Stack size unknown bytes, libinit2.o(.ARM.Collect$$libinit$$00000004))

<P><STRONG><a name="[9b]"></a>__rt_lib_init_rand_1</STRONG> (Thumb, 0 bytes, Stack size unknown bytes, libinit2.o(.ARM.Collect$$libinit$$0000000E))

<P><STRONG><a name="[9c]"></a>__rt_lib_init_return</STRONG> (Thumb, 0 bytes, Stack size unknown bytes, libinit2.o(.ARM.Collect$$libinit$$00000033))

<P><STRONG><a name="[9d]"></a>__rt_lib_init_signal_1</STRONG> (Thumb, 0 bytes, Stack size unknown bytes, libinit2.o(.ARM.Collect$$libinit$$0000001D))

<P><STRONG><a name="[9e]"></a>__rt_lib_init_stdio_1</STRONG> (Thumb, 0 bytes, Stack size unknown bytes, libinit2.o(.ARM.Collect$$libinit$$00000025))

<P><STRONG><a name="[9f]"></a>__rt_lib_init_user_alloc_1</STRONG> (Thumb, 0 bytes, Stack size unknown bytes, libinit2.o(.ARM.Collect$$libinit$$0000000C))

<P><STRONG><a name="[47]"></a>__rt_lib_shutdown</STRONG> (Thumb, 0 bytes, Stack size unknown bytes, libshutdown.o(.ARM.Collect$$libshutdown$$00000000))
<BR><BR>[Called By]<UL><LI><a href="#[46]">&gt;&gt;</a>&nbsp;&nbsp;&nbsp;__rt_exit_ls
</UL>

<P><STRONG><a name="[a0]"></a>__rt_lib_shutdown_cpp_1</STRONG> (Thumb, 0 bytes, Stack size unknown bytes, libshutdown2.o(.ARM.Collect$$libshutdown$$00000004))

<P><STRONG><a name="[a1]"></a>__rt_lib_shutdown_fini_1</STRONG> (Thumb, 0 bytes, Stack size unknown bytes, libshutdown2.o(.ARM.Collect$$libshutdown$$00000002))

<P><STRONG><a name="[a2]"></a>__rt_lib_shutdown_fp_trap_1</STRONG> (Thumb, 0 bytes, Stack size unknown bytes, libshutdown2.o(.ARM.Collect$$libshutdown$$00000009))

<P><STRONG><a name="[a3]"></a>__rt_lib_shutdown_heap_1</STRONG> (Thumb, 0 bytes, Stack size unknown bytes, libshutdown2.o(.ARM.Collect$$libshutdown$$00000011))

<P><STRONG><a name="[a4]"></a>__rt_lib_shutdown_return</STRONG> (Thumb, 0 bytes, Stack size unknown bytes, libshutdown2.o(.ARM.Collect$$libshutdown$$00000012))

<P><STRONG><a name="[a5]"></a>__rt_lib_shutdown_signal_1</STRONG> (Thumb, 0 bytes, Stack size unknown bytes, libshutdown2.o(.ARM.Collect$$libshutdown$$0000000C))

<P><STRONG><a name="[a6]"></a>__rt_lib_shutdown_stdio_1</STRONG> (Thumb, 0 bytes, Stack size unknown bytes, libshutdown2.o(.ARM.Collect$$libshutdown$$00000006))

<P><STRONG><a name="[a7]"></a>__rt_lib_shutdown_user_alloc_1</STRONG> (Thumb, 0 bytes, Stack size unknown bytes, libshutdown2.o(.ARM.Collect$$libshutdown$$0000000E))

<P><STRONG><a name="[3a]"></a>__rt_entry</STRONG> (Thumb, 0 bytes, Stack size unknown bytes, __rtentry.o(.ARM.Collect$$rtentry$$00000000))
<BR><BR>[Called By]<UL><LI><a href="#[38]">&gt;&gt;</a>&nbsp;&nbsp;&nbsp;__main
<LI><a href="#[3b]">&gt;&gt;</a>&nbsp;&nbsp;&nbsp;__scatterload_rt2
</UL>

<P><STRONG><a name="[a8]"></a>__rt_entry_presh_1</STRONG> (Thumb, 0 bytes, Stack size unknown bytes, __rtentry2.o(.ARM.Collect$$rtentry$$00000002))

<P><STRONG><a name="[3f]"></a>__rt_entry_sh</STRONG> (Thumb, 0 bytes, Stack size unknown bytes, __rtentry4.o(.ARM.Collect$$rtentry$$00000004))
<BR><BR>[Stack]<UL><LI>Max Depth = 8 + Unknown Stack Size
<LI>Call Chain = __rt_entry_sh &rArr; __user_setup_stackheap
</UL>
<BR>[Calls]<UL><LI><a href="#[40]">&gt;&gt;</a>&nbsp;&nbsp;&nbsp;__user_setup_stackheap
</UL>

<P><STRONG><a name="[41]"></a>__rt_entry_li</STRONG> (Thumb, 0 bytes, Stack size unknown bytes, __rtentry2.o(.ARM.Collect$$rtentry$$0000000A))
<BR><BR>[Calls]<UL><LI><a href="#[42]">&gt;&gt;</a>&nbsp;&nbsp;&nbsp;__rt_lib_init
</UL>

<P><STRONG><a name="[a9]"></a>__rt_entry_postsh_1</STRONG> (Thumb, 0 bytes, Stack size unknown bytes, __rtentry2.o(.ARM.Collect$$rtentry$$00000009))

<P><STRONG><a name="[43]"></a>__rt_entry_main</STRONG> (Thumb, 0 bytes, Stack size unknown bytes, __rtentry2.o(.ARM.Collect$$rtentry$$0000000D))
<BR><BR>[Stack]<UL><LI>Max Depth = 96 + Unknown Stack Size
<LI>Call Chain = __rt_entry_main &rArr; main &rArr; Init_AD9959 &rArr; Write_frequence &rArr; WriteData_AD9959 &rArr; IO_Update
</UL>
<BR>[Calls]<UL><LI><a href="#[44]">&gt;&gt;</a>&nbsp;&nbsp;&nbsp;main
<LI><a href="#[45]">&gt;&gt;</a>&nbsp;&nbsp;&nbsp;exit
</UL>

<P><STRONG><a name="[aa]"></a>__rt_entry_postli_1</STRONG> (Thumb, 0 bytes, Stack size unknown bytes, __rtentry2.o(.ARM.Collect$$rtentry$$0000000C))

<P><STRONG><a name="[4c]"></a>__rt_exit</STRONG> (Thumb, 0 bytes, Stack size unknown bytes, rtexit.o(.ARM.Collect$$rtexit$$00000000))
<BR><BR>[Called By]<UL><LI><a href="#[45]">&gt;&gt;</a>&nbsp;&nbsp;&nbsp;exit
</UL>

<P><STRONG><a name="[46]"></a>__rt_exit_ls</STRONG> (Thumb, 0 bytes, Stack size unknown bytes, rtexit2.o(.ARM.Collect$$rtexit$$00000003))
<BR><BR>[Calls]<UL><LI><a href="#[47]">&gt;&gt;</a>&nbsp;&nbsp;&nbsp;__rt_lib_shutdown
</UL>

<P><STRONG><a name="[ab]"></a>__rt_exit_prels_1</STRONG> (Thumb, 0 bytes, Stack size unknown bytes, rtexit2.o(.ARM.Collect$$rtexit$$00000002))

<P><STRONG><a name="[48]"></a>__rt_exit_exit</STRONG> (Thumb, 0 bytes, Stack size unknown bytes, rtexit2.o(.ARM.Collect$$rtexit$$00000004))
<BR><BR>[Calls]<UL><LI><a href="#[49]">&gt;&gt;</a>&nbsp;&nbsp;&nbsp;_sys_exit
</UL>

<P><STRONG><a name="[3]"></a>Reset_Handler</STRONG> (Thumb, 8 bytes, Stack size 0 bytes, startup_msp432p401r_uvision.o(.text))
<BR>[Address Reference Count : 1]<UL><LI> startup_msp432p401r_uvision.o(RESET)
</UL>
<P><STRONG><a name="[4]"></a>NMI_Handler</STRONG> (Thumb, 2 bytes, Stack size 0 bytes, startup_msp432p401r_uvision.o(.text))
<BR><BR>[Calls]<UL><LI><a href="#[4]">&gt;&gt;</a>&nbsp;&nbsp;&nbsp;NMI_Handler
</UL>
<BR>[Called By]<UL><LI><a href="#[4]">&gt;&gt;</a>&nbsp;&nbsp;&nbsp;NMI_Handler
</UL>
<BR>[Address Reference Count : 1]<UL><LI> startup_msp432p401r_uvision.o(RESET)
</UL>
<P><STRONG><a name="[5]"></a>HardFault_Handler</STRONG> (Thumb, 2 bytes, Stack size 0 bytes, startup_msp432p401r_uvision.o(.text))
<BR><BR>[Calls]<UL><LI><a href="#[5]">&gt;&gt;</a>&nbsp;&nbsp;&nbsp;HardFault_Handler
</UL>
<BR>[Called By]<UL><LI><a href="#[5]">&gt;&gt;</a>&nbsp;&nbsp;&nbsp;HardFault_Handler
</UL>
<BR>[Address Reference Count : 1]<UL><LI> startup_msp432p401r_uvision.o(RESET)
</UL>
<P><STRONG><a name="[6]"></a>MemManage_Handler</STRONG> (Thumb, 2 bytes, Stack size 0 bytes, startup_msp432p401r_uvision.o(.text))
<BR><BR>[Calls]<UL><LI><a href="#[6]">&gt;&gt;</a>&nbsp;&nbsp;&nbsp;MemManage_Handler
</UL>
<BR>[Called By]<UL><LI><a href="#[6]">&gt;&gt;</a>&nbsp;&nbsp;&nbsp;MemManage_Handler
</UL>
<BR>[Address Reference Count : 1]<UL><LI> startup_msp432p401r_uvision.o(RESET)
</UL>
<P><STRONG><a name="[7]"></a>BusFault_Handler</STRONG> (Thumb, 2 bytes, Stack size 0 bytes, startup_msp432p401r_uvision.o(.text))
<BR><BR>[Calls]<UL><LI><a href="#[7]">&gt;&gt;</a>&nbsp;&nbsp;&nbsp;BusFault_Handler
</UL>
<BR>[Called By]<UL><LI><a href="#[7]">&gt;&gt;</a>&nbsp;&nbsp;&nbsp;BusFault_Handler
</UL>
<BR>[Address Reference Count : 1]<UL><LI> startup_msp432p401r_uvision.o(RESET)
</UL>
<P><STRONG><a name="[8]"></a>UsageFault_Handler</STRONG> (Thumb, 2 bytes, Stack size 0 bytes, startup_msp432p401r_uvision.o(.text))
<BR><BR>[Calls]<UL><LI><a href="#[8]">&gt;&gt;</a>&nbsp;&nbsp;&nbsp;UsageFault_Handler
</UL>
<BR>[Called By]<UL><LI><a href="#[8]">&gt;&gt;</a>&nbsp;&nbsp;&nbsp;UsageFault_Handler
</UL>
<BR>[Address Reference Count : 1]<UL><LI> startup_msp432p401r_uvision.o(RESET)
</UL>
<P><STRONG><a name="[9]"></a>SVC_Handler</STRONG> (Thumb, 2 bytes, Stack size 0 bytes, startup_msp432p401r_uvision.o(.text))
<BR><BR>[Calls]<UL><LI><a href="#[9]">&gt;&gt;</a>&nbsp;&nbsp;&nbsp;SVC_Handler
</UL>
<BR>[Called By]<UL><LI><a href="#[9]">&gt;&gt;</a>&nbsp;&nbsp;&nbsp;SVC_Handler
</UL>
<BR>[Address Reference Count : 1]<UL><LI> startup_msp432p401r_uvision.o(RESET)
</UL>
<P><STRONG><a name="[a]"></a>DebugMon_Handler</STRONG> (Thumb, 2 bytes, Stack size 0 bytes, startup_msp432p401r_uvision.o(.text))
<BR><BR>[Calls]<UL><LI><a href="#[a]">&gt;&gt;</a>&nbsp;&nbsp;&nbsp;DebugMon_Handler
</UL>
<BR>[Called By]<UL><LI><a href="#[a]">&gt;&gt;</a>&nbsp;&nbsp;&nbsp;DebugMon_Handler
</UL>
<BR>[Address Reference Count : 1]<UL><LI> startup_msp432p401r_uvision.o(RESET)
</UL>
<P><STRONG><a name="[b]"></a>PendSV_Handler</STRONG> (Thumb, 2 bytes, Stack size 0 bytes, startup_msp432p401r_uvision.o(.text))
<BR><BR>[Calls]<UL><LI><a href="#[b]">&gt;&gt;</a>&nbsp;&nbsp;&nbsp;PendSV_Handler
</UL>
<BR>[Called By]<UL><LI><a href="#[b]">&gt;&gt;</a>&nbsp;&nbsp;&nbsp;PendSV_Handler
</UL>
<BR>[Address Reference Count : 1]<UL><LI> startup_msp432p401r_uvision.o(RESET)
</UL>
<P><STRONG><a name="[c]"></a>SysTick_Handler</STRONG> (Thumb, 2 bytes, Stack size 0 bytes, startup_msp432p401r_uvision.o(.text))
<BR><BR>[Calls]<UL><LI><a href="#[c]">&gt;&gt;</a>&nbsp;&nbsp;&nbsp;SysTick_Handler
</UL>
<BR>[Called By]<UL><LI><a href="#[c]">&gt;&gt;</a>&nbsp;&nbsp;&nbsp;SysTick_Handler
</UL>
<BR>[Address Reference Count : 1]<UL><LI> startup_msp432p401r_uvision.o(RESET)
</UL>
<P><STRONG><a name="[25]"></a>ADC14_IRQHandler</STRONG> (Thumb, 0 bytes, Stack size 0 bytes, startup_msp432p401r_uvision.o(.text))
<BR><BR>[Calls]<UL><LI><a href="#[25]">&gt;&gt;</a>&nbsp;&nbsp;&nbsp;ADC14_IRQHandler
</UL>
<BR>[Called By]<UL><LI><a href="#[25]">&gt;&gt;</a>&nbsp;&nbsp;&nbsp;ADC14_IRQHandler
</UL>
<BR>[Address Reference Count : 1]<UL><LI> startup_msp432p401r_uvision.o(RESET)
</UL>
<P><STRONG><a name="[29]"></a>AES256_IRQHandler</STRONG> (Thumb, 0 bytes, Stack size 0 bytes, startup_msp432p401r_uvision.o(.text))
<BR>[Address Reference Count : 1]<UL><LI> startup_msp432p401r_uvision.o(RESET)
</UL>
<P><STRONG><a name="[13]"></a>COMP_E0_IRQHandler</STRONG> (Thumb, 0 bytes, Stack size 0 bytes, startup_msp432p401r_uvision.o(.text))
<BR>[Address Reference Count : 1]<UL><LI> startup_msp432p401r_uvision.o(RESET)
</UL>
<P><STRONG><a name="[14]"></a>COMP_E1_IRQHandler</STRONG> (Thumb, 0 bytes, Stack size 0 bytes, startup_msp432p401r_uvision.o(.text))
<BR>[Address Reference Count : 1]<UL><LI> startup_msp432p401r_uvision.o(RESET)
</UL>
<P><STRONG><a name="[e]"></a>CS_IRQHandler</STRONG> (Thumb, 0 bytes, Stack size 0 bytes, startup_msp432p401r_uvision.o(.text))
<BR>[Address Reference Count : 1]<UL><LI> startup_msp432p401r_uvision.o(RESET)
</UL>
<P><STRONG><a name="[2b]"></a>DMA_ERR_IRQHandler</STRONG> (Thumb, 0 bytes, Stack size 0 bytes, startup_msp432p401r_uvision.o(.text))
<BR>[Address Reference Count : 1]<UL><LI> startup_msp432p401r_uvision.o(RESET)
</UL>
<P><STRONG><a name="[2f]"></a>DMA_INT0_IRQHandler</STRONG> (Thumb, 0 bytes, Stack size 0 bytes, startup_msp432p401r_uvision.o(.text))
<BR>[Address Reference Count : 1]<UL><LI> startup_msp432p401r_uvision.o(RESET)
</UL>
<P><STRONG><a name="[2e]"></a>DMA_INT1_IRQHandler</STRONG> (Thumb, 0 bytes, Stack size 0 bytes, startup_msp432p401r_uvision.o(.text))
<BR>[Address Reference Count : 1]<UL><LI> startup_msp432p401r_uvision.o(RESET)
</UL>
<P><STRONG><a name="[2d]"></a>DMA_INT2_IRQHandler</STRONG> (Thumb, 0 bytes, Stack size 0 bytes, startup_msp432p401r_uvision.o(.text))
<BR>[Address Reference Count : 1]<UL><LI> startup_msp432p401r_uvision.o(RESET)
</UL>
<P><STRONG><a name="[2c]"></a>DMA_INT3_IRQHandler</STRONG> (Thumb, 0 bytes, Stack size 0 bytes, startup_msp432p401r_uvision.o(.text))
<BR>[Address Reference Count : 1]<UL><LI> startup_msp432p401r_uvision.o(RESET)
</UL>
<P><STRONG><a name="[21]"></a>EUSCIB0_IRQHandler</STRONG> (Thumb, 0 bytes, Stack size 0 bytes, startup_msp432p401r_uvision.o(.text))
<BR>[Address Reference Count : 1]<UL><LI> startup_msp432p401r_uvision.o(RESET)
</UL>
<P><STRONG><a name="[22]"></a>EUSCIB1_IRQHandler</STRONG> (Thumb, 0 bytes, Stack size 0 bytes, startup_msp432p401r_uvision.o(.text))
<BR>[Address Reference Count : 1]<UL><LI> startup_msp432p401r_uvision.o(RESET)
</UL>
<P><STRONG><a name="[23]"></a>EUSCIB2_IRQHandler</STRONG> (Thumb, 0 bytes, Stack size 0 bytes, startup_msp432p401r_uvision.o(.text))
<BR>[Address Reference Count : 1]<UL><LI> startup_msp432p401r_uvision.o(RESET)
</UL>
<P><STRONG><a name="[24]"></a>EUSCIB3_IRQHandler</STRONG> (Thumb, 0 bytes, Stack size 0 bytes, startup_msp432p401r_uvision.o(.text))
<BR>[Address Reference Count : 1]<UL><LI> startup_msp432p401r_uvision.o(RESET)
</UL>
<P><STRONG><a name="[12]"></a>FLCTL_IRQHandler</STRONG> (Thumb, 0 bytes, Stack size 0 bytes, startup_msp432p401r_uvision.o(.text))
<BR>[Address Reference Count : 1]<UL><LI> startup_msp432p401r_uvision.o(RESET)
</UL>
<P><STRONG><a name="[11]"></a>FPU_IRQHandler</STRONG> (Thumb, 0 bytes, Stack size 0 bytes, startup_msp432p401r_uvision.o(.text))
<BR>[Address Reference Count : 1]<UL><LI> startup_msp432p401r_uvision.o(RESET)
</UL>
<P><STRONG><a name="[f]"></a>PCM_IRQHandler</STRONG> (Thumb, 0 bytes, Stack size 0 bytes, startup_msp432p401r_uvision.o(.text))
<BR>[Address Reference Count : 1]<UL><LI> startup_msp432p401r_uvision.o(RESET)
</UL>
<P><STRONG><a name="[30]"></a>PORT1_IRQHandler</STRONG> (Thumb, 0 bytes, Stack size 0 bytes, startup_msp432p401r_uvision.o(.text))
<BR>[Address Reference Count : 1]<UL><LI> startup_msp432p401r_uvision.o(RESET)
</UL>
<P><STRONG><a name="[31]"></a>PORT2_IRQHandler</STRONG> (Thumb, 0 bytes, Stack size 0 bytes, startup_msp432p401r_uvision.o(.text))
<BR>[Address Reference Count : 1]<UL><LI> startup_msp432p401r_uvision.o(RESET)
</UL>
<P><STRONG><a name="[32]"></a>PORT3_IRQHandler</STRONG> (Thumb, 0 bytes, Stack size 0 bytes, startup_msp432p401r_uvision.o(.text))
<BR>[Address Reference Count : 1]<UL><LI> startup_msp432p401r_uvision.o(RESET)
</UL>
<P><STRONG><a name="[33]"></a>PORT4_IRQHandler</STRONG> (Thumb, 0 bytes, Stack size 0 bytes, startup_msp432p401r_uvision.o(.text))
<BR>[Address Reference Count : 1]<UL><LI> startup_msp432p401r_uvision.o(RESET)
</UL>
<P><STRONG><a name="[34]"></a>PORT5_IRQHandler</STRONG> (Thumb, 0 bytes, Stack size 0 bytes, startup_msp432p401r_uvision.o(.text))
<BR>[Address Reference Count : 1]<UL><LI> startup_msp432p401r_uvision.o(RESET)
</UL>
<P><STRONG><a name="[35]"></a>PORT6_IRQHandler</STRONG> (Thumb, 0 bytes, Stack size 0 bytes, startup_msp432p401r_uvision.o(.text))
<BR>[Address Reference Count : 1]<UL><LI> startup_msp432p401r_uvision.o(RESET)
</UL>
<P><STRONG><a name="[d]"></a>PSS_IRQHandler</STRONG> (Thumb, 0 bytes, Stack size 0 bytes, startup_msp432p401r_uvision.o(.text))
<BR>[Address Reference Count : 1]<UL><LI> startup_msp432p401r_uvision.o(RESET)
</UL>
<P><STRONG><a name="[2a]"></a>RTC_C_IRQHandler</STRONG> (Thumb, 0 bytes, Stack size 0 bytes, startup_msp432p401r_uvision.o(.text))
<BR>[Address Reference Count : 1]<UL><LI> startup_msp432p401r_uvision.o(RESET)
</UL>
<P><STRONG><a name="[26]"></a>T32_INT1_IRQHandler</STRONG> (Thumb, 0 bytes, Stack size 0 bytes, startup_msp432p401r_uvision.o(.text))
<BR>[Address Reference Count : 1]<UL><LI> startup_msp432p401r_uvision.o(RESET)
</UL>
<P><STRONG><a name="[27]"></a>T32_INT2_IRQHandler</STRONG> (Thumb, 0 bytes, Stack size 0 bytes, startup_msp432p401r_uvision.o(.text))
<BR>[Address Reference Count : 1]<UL><LI> startup_msp432p401r_uvision.o(RESET)
</UL>
<P><STRONG><a name="[28]"></a>T32_INTC_IRQHandler</STRONG> (Thumb, 0 bytes, Stack size 0 bytes, startup_msp432p401r_uvision.o(.text))
<BR>[Address Reference Count : 1]<UL><LI> startup_msp432p401r_uvision.o(RESET)
</UL>
<P><STRONG><a name="[16]"></a>TA0_N_IRQHandler</STRONG> (Thumb, 0 bytes, Stack size 0 bytes, startup_msp432p401r_uvision.o(.text))
<BR>[Address Reference Count : 1]<UL><LI> startup_msp432p401r_uvision.o(RESET)
</UL>
<P><STRONG><a name="[18]"></a>TA1_N_IRQHandler</STRONG> (Thumb, 0 bytes, Stack size 0 bytes, startup_msp432p401r_uvision.o(.text))
<BR>[Address Reference Count : 1]<UL><LI> startup_msp432p401r_uvision.o(RESET)
</UL>
<P><STRONG><a name="[1a]"></a>TA2_N_IRQHandler</STRONG> (Thumb, 0 bytes, Stack size 0 bytes, startup_msp432p401r_uvision.o(.text))
<BR>[Address Reference Count : 1]<UL><LI> startup_msp432p401r_uvision.o(RESET)
</UL>
<P><STRONG><a name="[1c]"></a>TA3_N_IRQHandler</STRONG> (Thumb, 0 bytes, Stack size 0 bytes, startup_msp432p401r_uvision.o(.text))
<BR>[Address Reference Count : 1]<UL><LI> startup_msp432p401r_uvision.o(RESET)
</UL>
<P><STRONG><a name="[10]"></a>WDT_A_IRQHandler</STRONG> (Thumb, 0 bytes, Stack size 0 bytes, startup_msp432p401r_uvision.o(.text))
<BR>[Address Reference Count : 1]<UL><LI> startup_msp432p401r_uvision.o(RESET)
</UL>
<P><STRONG><a name="[4b]"></a>__user_initial_stackheap</STRONG> (Thumb, 10 bytes, Stack size 0 bytes, startup_msp432p401r_uvision.o(.text))
<BR><BR>[Called By]<UL><LI><a href="#[40]">&gt;&gt;</a>&nbsp;&nbsp;&nbsp;__user_setup_stackheap
</UL>

<P><STRONG><a name="[7d]"></a>__aeabi_memclr4</STRONG> (Thumb, 0 bytes, Stack size 4 bytes, rt_memclr_w.o(.text))
<BR><BR>[Stack]<UL><LI>Max Depth = 4<LI>Call Chain = __aeabi_memclr4
</UL>
<BR>[Called By]<UL><LI><a href="#[7c]">&gt;&gt;</a>&nbsp;&nbsp;&nbsp;TimA3_Init_IT
</UL>

<P><STRONG><a name="[ac]"></a>__aeabi_memclr8</STRONG> (Thumb, 0 bytes, Stack size 4 bytes, rt_memclr_w.o(.text), UNUSED)

<P><STRONG><a name="[ad]"></a>__rt_memclr_w</STRONG> (Thumb, 78 bytes, Stack size 4 bytes, rt_memclr_w.o(.text), UNUSED)

<P><STRONG><a name="[ae]"></a>_memset_w</STRONG> (Thumb, 0 bytes, Stack size unknown bytes, rt_memclr_w.o(.text), UNUSED)

<P><STRONG><a name="[af]"></a>__use_two_region_memory</STRONG> (Thumb, 2 bytes, Stack size 0 bytes, heapauxi.o(.text), UNUSED)

<P><STRONG><a name="[b0]"></a>__rt_heap_escrow$2region</STRONG> (Thumb, 2 bytes, Stack size 0 bytes, heapauxi.o(.text), UNUSED)

<P><STRONG><a name="[b1]"></a>__rt_heap_expand$2region</STRONG> (Thumb, 2 bytes, Stack size 0 bytes, heapauxi.o(.text), UNUSED)

<P><STRONG><a name="[b2]"></a>__user_libspace</STRONG> (Thumb, 8 bytes, Stack size 0 bytes, libspace.o(.text), UNUSED)

<P><STRONG><a name="[4a]"></a>__user_perproc_libspace</STRONG> (Thumb, 0 bytes, Stack size 0 bytes, libspace.o(.text))
<BR><BR>[Called By]<UL><LI><a href="#[40]">&gt;&gt;</a>&nbsp;&nbsp;&nbsp;__user_setup_stackheap
</UL>

<P><STRONG><a name="[b3]"></a>__user_perthread_libspace</STRONG> (Thumb, 0 bytes, Stack size 0 bytes, libspace.o(.text), UNUSED)

<P><STRONG><a name="[40]"></a>__user_setup_stackheap</STRONG> (Thumb, 74 bytes, Stack size 8 bytes, sys_stackheap_outer.o(.text))
<BR><BR>[Stack]<UL><LI>Max Depth = 8<LI>Call Chain = __user_setup_stackheap
</UL>
<BR>[Calls]<UL><LI><a href="#[4b]">&gt;&gt;</a>&nbsp;&nbsp;&nbsp;__user_initial_stackheap
<LI><a href="#[4a]">&gt;&gt;</a>&nbsp;&nbsp;&nbsp;__user_perproc_libspace
</UL>
<BR>[Called By]<UL><LI><a href="#[3f]">&gt;&gt;</a>&nbsp;&nbsp;&nbsp;__rt_entry_sh
</UL>

<P><STRONG><a name="[45]"></a>exit</STRONG> (Thumb, 18 bytes, Stack size 8 bytes, exit.o(.text))
<BR><BR>[Stack]<UL><LI>Max Depth = 8 + Unknown Stack Size
<LI>Call Chain = exit
</UL>
<BR>[Calls]<UL><LI><a href="#[4c]">&gt;&gt;</a>&nbsp;&nbsp;&nbsp;__rt_exit
</UL>
<BR>[Called By]<UL><LI><a href="#[43]">&gt;&gt;</a>&nbsp;&nbsp;&nbsp;__rt_entry_main
</UL>

<P><STRONG><a name="[49]"></a>_sys_exit</STRONG> (Thumb, 8 bytes, Stack size 0 bytes, sys_exit.o(.text))
<BR><BR>[Called By]<UL><LI><a href="#[48]">&gt;&gt;</a>&nbsp;&nbsp;&nbsp;__rt_exit_exit
</UL>

<P><STRONG><a name="[b4]"></a>__I$use$semihosting</STRONG> (Thumb, 0 bytes, Stack size 0 bytes, use_no_semi.o(.text), UNUSED)

<P><STRONG><a name="[b5]"></a>__use_no_semihosting_swi</STRONG> (Thumb, 2 bytes, Stack size 0 bytes, use_no_semi.o(.text), UNUSED)

<P><STRONG><a name="[b6]"></a>__semihosting_library_function</STRONG> (Thumb, 0 bytes, Stack size unknown bytes, indicate_semi.o(.text), UNUSED)

<P><STRONG><a name="[82]"></a>CS_setDCOCenteredFrequency</STRONG> (Thumb, 28 bytes, Stack size 0 bytes, cs.o(i.CS_setDCOCenteredFrequency))
<BR><BR>[Called By]<UL><LI><a href="#[44]">&gt;&gt;</a>&nbsp;&nbsp;&nbsp;main
</UL>

<P><STRONG><a name="[78]"></a>CS_setExternalClockSourceFrequency</STRONG> (Thumb, 8 bytes, Stack size 0 bytes, cs.o(i.CS_setExternalClockSourceFrequency))
<BR><BR>[Called By]<UL><LI><a href="#[77]">&gt;&gt;</a>&nbsp;&nbsp;&nbsp;SysInit
</UL>

<P><STRONG><a name="[4d]"></a>CS_startHFXT</STRONG> (Thumb, 6 bytes, Stack size 0 bytes, cs.o(i.CS_startHFXT))
<BR><BR>[Stack]<UL><LI>Max Depth = 32<LI>Call Chain = CS_startHFXT &rArr; CS_startHFXTWithTimeout
</UL>
<BR>[Calls]<UL><LI><a href="#[4e]">&gt;&gt;</a>&nbsp;&nbsp;&nbsp;CS_startHFXTWithTimeout
</UL>
<BR>[Called By]<UL><LI><a href="#[77]">&gt;&gt;</a>&nbsp;&nbsp;&nbsp;SysInit
</UL>

<P><STRONG><a name="[4e]"></a>CS_startHFXTWithTimeout</STRONG> (Thumb, 262 bytes, Stack size 32 bytes, cs.o(i.CS_startHFXTWithTimeout))
<BR><BR>[Stack]<UL><LI>Max Depth = 32<LI>Call Chain = CS_startHFXTWithTimeout
</UL>
<BR>[Calls]<UL><LI><a href="#[4f]">&gt;&gt;</a>&nbsp;&nbsp;&nbsp;SysCtl_getNMISourceStatus
<LI><a href="#[51]">&gt;&gt;</a>&nbsp;&nbsp;&nbsp;SysCtl_enableNMISource
<LI><a href="#[50]">&gt;&gt;</a>&nbsp;&nbsp;&nbsp;SysCtl_disableNMISource
</UL>
<BR>[Called By]<UL><LI><a href="#[4d]">&gt;&gt;</a>&nbsp;&nbsp;&nbsp;CS_startHFXT
</UL>

<P><STRONG><a name="[52]"></a>CS_startLFXT</STRONG> (Thumb, 6 bytes, Stack size 0 bytes, cs.o(i.CS_startLFXT))
<BR><BR>[Stack]<UL><LI>Max Depth = 32<LI>Call Chain = CS_startLFXT &rArr; CS_startLFXTWithTimeout
</UL>
<BR>[Calls]<UL><LI><a href="#[53]">&gt;&gt;</a>&nbsp;&nbsp;&nbsp;CS_startLFXTWithTimeout
</UL>
<BR>[Called By]<UL><LI><a href="#[77]">&gt;&gt;</a>&nbsp;&nbsp;&nbsp;SysInit
</UL>

<P><STRONG><a name="[53]"></a>CS_startLFXTWithTimeout</STRONG> (Thumb, 158 bytes, Stack size 32 bytes, cs.o(i.CS_startLFXTWithTimeout))
<BR><BR>[Stack]<UL><LI>Max Depth = 32<LI>Call Chain = CS_startLFXTWithTimeout
</UL>
<BR>[Calls]<UL><LI><a href="#[4f]">&gt;&gt;</a>&nbsp;&nbsp;&nbsp;SysCtl_getNMISourceStatus
<LI><a href="#[51]">&gt;&gt;</a>&nbsp;&nbsp;&nbsp;SysCtl_enableNMISource
<LI><a href="#[50]">&gt;&gt;</a>&nbsp;&nbsp;&nbsp;SysCtl_disableNMISource
</UL>
<BR>[Called By]<UL><LI><a href="#[52]">&gt;&gt;</a>&nbsp;&nbsp;&nbsp;CS_startLFXT
</UL>

<P><STRONG><a name="[1d]"></a>EUSCIA0_IRQHandler</STRONG> (Thumb, 28 bytes, Stack size 8 bytes, usart.o(i.EUSCIA0_IRQHandler))
<BR><BR>[Stack]<UL><LI>Max Depth = 8<LI>Call Chain = EUSCIA0_IRQHandler
</UL>
<BR>[Address Reference Count : 1]<UL><LI> startup_msp432p401r_uvision.o(RESET)
</UL>
<P><STRONG><a name="[1e]"></a>EUSCIA1_IRQHandler</STRONG> (Thumb, 28 bytes, Stack size 8 bytes, usart.o(i.EUSCIA1_IRQHandler))
<BR><BR>[Stack]<UL><LI>Max Depth = 8<LI>Call Chain = EUSCIA1_IRQHandler
</UL>
<BR>[Address Reference Count : 1]<UL><LI> startup_msp432p401r_uvision.o(RESET)
</UL>
<P><STRONG><a name="[1f]"></a>EUSCIA2_IRQHandler</STRONG> (Thumb, 58 bytes, Stack size 16 bytes, hmi_user_uart.o(i.EUSCIA2_IRQHandler))
<BR><BR>[Stack]<UL><LI>Max Depth = 144<LI>Call Chain = EUSCIA2_IRQHandler &rArr; Param_Update &rArr; ProcessMessage &rArr; NotifyButton &rArr; SetTextValue &rArr; SendStrings &rArr; SendChar &rArr; Usart2_SendByte
</UL>
<BR>[Calls]<UL><LI><a href="#[54]">&gt;&gt;</a>&nbsp;&nbsp;&nbsp;queue_push
<LI><a href="#[55]">&gt;&gt;</a>&nbsp;&nbsp;&nbsp;Param_Update
</UL>
<BR>[Address Reference Count : 1]<UL><LI> startup_msp432p401r_uvision.o(RESET)
</UL>
<P><STRONG><a name="[20]"></a>EUSCIA3_IRQHandler</STRONG> (Thumb, 28 bytes, Stack size 8 bytes, usart.o(i.EUSCIA3_IRQHandler))
<BR><BR>[Stack]<UL><LI>Max Depth = 8<LI>Call Chain = EUSCIA3_IRQHandler
</UL>
<BR>[Address Reference Count : 1]<UL><LI> startup_msp432p401r_uvision.o(RESET)
</UL>
<P><STRONG><a name="[56]"></a>IO_Update</STRONG> (Thumb, 52 bytes, Stack size 8 bytes, ad9959.o(i.IO_Update))
<BR><BR>[Stack]<UL><LI>Max Depth = 8<LI>Call Chain = IO_Update
</UL>
<BR>[Calls]<UL><LI><a href="#[57]">&gt;&gt;</a>&nbsp;&nbsp;&nbsp;delay1
</UL>
<BR>[Called By]<UL><LI><a href="#[5b]">&gt;&gt;</a>&nbsp;&nbsp;&nbsp;WriteData_AD9959
</UL>

<P><STRONG><a name="[58]"></a>Init_AD9959</STRONG> (Thumb, 176 bytes, Stack size 8 bytes, ad9959.o(i.Init_AD9959))
<BR><BR>[Stack]<UL><LI>Max Depth = 96<LI>Call Chain = Init_AD9959 &rArr; Write_frequence &rArr; WriteData_AD9959 &rArr; IO_Update
</UL>
<BR>[Calls]<UL><LI><a href="#[5c]">&gt;&gt;</a>&nbsp;&nbsp;&nbsp;Write_frequence
<LI><a href="#[5d]">&gt;&gt;</a>&nbsp;&nbsp;&nbsp;Write_Phase
<LI><a href="#[5e]">&gt;&gt;</a>&nbsp;&nbsp;&nbsp;Write_Amplitude
<LI><a href="#[5b]">&gt;&gt;</a>&nbsp;&nbsp;&nbsp;WriteData_AD9959
<LI><a href="#[59]">&gt;&gt;</a>&nbsp;&nbsp;&nbsp;Intserve
<LI><a href="#[5a]">&gt;&gt;</a>&nbsp;&nbsp;&nbsp;IntReset
</UL>
<BR>[Called By]<UL><LI><a href="#[44]">&gt;&gt;</a>&nbsp;&nbsp;&nbsp;main
</UL>

<P><STRONG><a name="[5a]"></a>IntReset</STRONG> (Thumb, 52 bytes, Stack size 8 bytes, ad9959.o(i.IntReset))
<BR><BR>[Stack]<UL><LI>Max Depth = 8<LI>Call Chain = IntReset
</UL>
<BR>[Calls]<UL><LI><a href="#[57]">&gt;&gt;</a>&nbsp;&nbsp;&nbsp;delay1
</UL>
<BR>[Called By]<UL><LI><a href="#[58]">&gt;&gt;</a>&nbsp;&nbsp;&nbsp;Init_AD9959
</UL>

<P><STRONG><a name="[59]"></a>Intserve</STRONG> (Thumb, 148 bytes, Stack size 8 bytes, ad9959.o(i.Intserve))
<BR><BR>[Stack]<UL><LI>Max Depth = 8<LI>Call Chain = Intserve
</UL>
<BR>[Called By]<UL><LI><a href="#[58]">&gt;&gt;</a>&nbsp;&nbsp;&nbsp;Init_AD9959
</UL>

<P><STRONG><a name="[63]"></a>LED_B_Off</STRONG> (Thumb, 18 bytes, Stack size 0 bytes, led.o(i.LED_B_Off))
<BR><BR>[Called By]<UL><LI><a href="#[5f]">&gt;&gt;</a>&nbsp;&nbsp;&nbsp;LED_Init
</UL>

<P><STRONG><a name="[62]"></a>LED_G_Off</STRONG> (Thumb, 18 bytes, Stack size 0 bytes, led.o(i.LED_G_Off))
<BR><BR>[Called By]<UL><LI><a href="#[5f]">&gt;&gt;</a>&nbsp;&nbsp;&nbsp;LED_Init
</UL>

<P><STRONG><a name="[5f]"></a>LED_Init</STRONG> (Thumb, 44 bytes, Stack size 8 bytes, led.o(i.LED_Init))
<BR><BR>[Stack]<UL><LI>Max Depth = 8<LI>Call Chain = LED_Init
</UL>
<BR>[Calls]<UL><LI><a href="#[61]">&gt;&gt;</a>&nbsp;&nbsp;&nbsp;LED_R_Off
<LI><a href="#[60]">&gt;&gt;</a>&nbsp;&nbsp;&nbsp;LED_RED_Off
<LI><a href="#[62]">&gt;&gt;</a>&nbsp;&nbsp;&nbsp;LED_G_Off
<LI><a href="#[63]">&gt;&gt;</a>&nbsp;&nbsp;&nbsp;LED_B_Off
</UL>
<BR>[Called By]<UL><LI><a href="#[44]">&gt;&gt;</a>&nbsp;&nbsp;&nbsp;main
</UL>

<P><STRONG><a name="[60]"></a>LED_RED_Off</STRONG> (Thumb, 18 bytes, Stack size 0 bytes, led.o(i.LED_RED_Off))
<BR><BR>[Called By]<UL><LI><a href="#[5f]">&gt;&gt;</a>&nbsp;&nbsp;&nbsp;LED_Init
</UL>

<P><STRONG><a name="[61]"></a>LED_R_Off</STRONG> (Thumb, 18 bytes, Stack size 0 bytes, led.o(i.LED_R_Off))
<BR><BR>[Called By]<UL><LI><a href="#[5f]">&gt;&gt;</a>&nbsp;&nbsp;&nbsp;LED_Init
</UL>

<P><STRONG><a name="[64]"></a>NotifyButton</STRONG> (Thumb, 36 bytes, Stack size 24 bytes, cmd_process.o(i.NotifyButton))
<BR><BR>[Stack]<UL><LI>Max Depth = 64<LI>Call Chain = NotifyButton &rArr; SetTextValue &rArr; SendStrings &rArr; SendChar &rArr; Usart2_SendByte
</UL>
<BR>[Calls]<UL><LI><a href="#[65]">&gt;&gt;</a>&nbsp;&nbsp;&nbsp;SetTextValue
</UL>
<BR>[Called By]<UL><LI><a href="#[67]">&gt;&gt;</a>&nbsp;&nbsp;&nbsp;ProcessMessage
</UL>

<P><STRONG><a name="[71]"></a>NotifyMenu</STRONG> (Thumb, 6 bytes, Stack size 8 bytes, cmd_process.o(i.NotifyMenu))
<BR><BR>[Stack]<UL><LI>Max Depth = 8<LI>Call Chain = NotifyMenu
</UL>
<BR>[Called By]<UL><LI><a href="#[67]">&gt;&gt;</a>&nbsp;&nbsp;&nbsp;ProcessMessage
</UL>

<P><STRONG><a name="[70]"></a>NotifyMeter</STRONG> (Thumb, 2 bytes, Stack size 0 bytes, cmd_process.o(i.NotifyMeter))
<BR><BR>[Called By]<UL><LI><a href="#[67]">&gt;&gt;</a>&nbsp;&nbsp;&nbsp;ProcessMessage
</UL>

<P><STRONG><a name="[6e]"></a>NotifyProgress</STRONG> (Thumb, 2 bytes, Stack size 0 bytes, cmd_process.o(i.NotifyProgress))
<BR><BR>[Called By]<UL><LI><a href="#[67]">&gt;&gt;</a>&nbsp;&nbsp;&nbsp;ProcessMessage
</UL>

<P><STRONG><a name="[6a]"></a>NotifyReadFlash</STRONG> (Thumb, 2 bytes, Stack size 0 bytes, cmd_process.o(i.NotifyReadFlash))
<BR><BR>[Called By]<UL><LI><a href="#[67]">&gt;&gt;</a>&nbsp;&nbsp;&nbsp;ProcessMessage
</UL>

<P><STRONG><a name="[6b]"></a>NotifyReadRTC</STRONG> (Thumb, 8 bytes, Stack size 20 bytes, cmd_process.o(i.NotifyReadRTC))
<BR><BR>[Stack]<UL><LI>Max Depth = 20<LI>Call Chain = NotifyReadRTC
</UL>
<BR>[Called By]<UL><LI><a href="#[67]">&gt;&gt;</a>&nbsp;&nbsp;&nbsp;ProcessMessage
</UL>

<P><STRONG><a name="[6c]"></a>NotifyScreen</STRONG> (Thumb, 2 bytes, Stack size 0 bytes, cmd_process.o(i.NotifyScreen))
<BR><BR>[Called By]<UL><LI><a href="#[67]">&gt;&gt;</a>&nbsp;&nbsp;&nbsp;ProcessMessage
</UL>

<P><STRONG><a name="[72]"></a>NotifySelector</STRONG> (Thumb, 2 bytes, Stack size 0 bytes, cmd_process.o(i.NotifySelector))
<BR><BR>[Called By]<UL><LI><a href="#[67]">&gt;&gt;</a>&nbsp;&nbsp;&nbsp;ProcessMessage
</UL>

<P><STRONG><a name="[6f]"></a>NotifySlider</STRONG> (Thumb, 2 bytes, Stack size 0 bytes, cmd_process.o(i.NotifySlider))
<BR><BR>[Called By]<UL><LI><a href="#[67]">&gt;&gt;</a>&nbsp;&nbsp;&nbsp;ProcessMessage
</UL>

<P><STRONG><a name="[6d]"></a>NotifyText</STRONG> (Thumb, 2 bytes, Stack size 0 bytes, cmd_process.o(i.NotifyText))
<BR><BR>[Called By]<UL><LI><a href="#[67]">&gt;&gt;</a>&nbsp;&nbsp;&nbsp;ProcessMessage
</UL>

<P><STRONG><a name="[73]"></a>NotifyTimer</STRONG> (Thumb, 2 bytes, Stack size 0 bytes, cmd_process.o(i.NotifyTimer))
<BR><BR>[Called By]<UL><LI><a href="#[67]">&gt;&gt;</a>&nbsp;&nbsp;&nbsp;ProcessMessage
</UL>

<P><STRONG><a name="[68]"></a>NotifyTouchXY</STRONG> (Thumb, 2 bytes, Stack size 0 bytes, cmd_process.o(i.NotifyTouchXY))
<BR><BR>[Called By]<UL><LI><a href="#[67]">&gt;&gt;</a>&nbsp;&nbsp;&nbsp;ProcessMessage
</UL>

<P><STRONG><a name="[69]"></a>NotifyWriteFlash</STRONG> (Thumb, 2 bytes, Stack size 0 bytes, cmd_process.o(i.NotifyWriteFlash))
<BR><BR>[Called By]<UL><LI><a href="#[67]">&gt;&gt;</a>&nbsp;&nbsp;&nbsp;ProcessMessage
</UL>

<P><STRONG><a name="[55]"></a>Param_Update</STRONG> (Thumb, 24 bytes, Stack size 8 bytes, hmi_user_uart.o(i.Param_Update))
<BR><BR>[Stack]<UL><LI>Max Depth = 128<LI>Call Chain = Param_Update &rArr; ProcessMessage &rArr; NotifyButton &rArr; SetTextValue &rArr; SendStrings &rArr; SendChar &rArr; Usart2_SendByte
</UL>
<BR>[Calls]<UL><LI><a href="#[66]">&gt;&gt;</a>&nbsp;&nbsp;&nbsp;queue_find_cmd
<LI><a href="#[67]">&gt;&gt;</a>&nbsp;&nbsp;&nbsp;ProcessMessage
</UL>
<BR>[Called By]<UL><LI><a href="#[1f]">&gt;&gt;</a>&nbsp;&nbsp;&nbsp;EUSCIA2_IRQHandler
</UL>

<P><STRONG><a name="[67]"></a>ProcessMessage</STRONG> (Thumb, 406 bytes, Stack size 56 bytes, cmd_process.o(i.ProcessMessage))
<BR><BR>[Stack]<UL><LI>Max Depth = 120<LI>Call Chain = ProcessMessage &rArr; NotifyButton &rArr; SetTextValue &rArr; SendStrings &rArr; SendChar &rArr; Usart2_SendByte
</UL>
<BR>[Calls]<UL><LI><a href="#[69]">&gt;&gt;</a>&nbsp;&nbsp;&nbsp;NotifyWriteFlash
<LI><a href="#[68]">&gt;&gt;</a>&nbsp;&nbsp;&nbsp;NotifyTouchXY
<LI><a href="#[73]">&gt;&gt;</a>&nbsp;&nbsp;&nbsp;NotifyTimer
<LI><a href="#[6d]">&gt;&gt;</a>&nbsp;&nbsp;&nbsp;NotifyText
<LI><a href="#[6f]">&gt;&gt;</a>&nbsp;&nbsp;&nbsp;NotifySlider
<LI><a href="#[72]">&gt;&gt;</a>&nbsp;&nbsp;&nbsp;NotifySelector
<LI><a href="#[6c]">&gt;&gt;</a>&nbsp;&nbsp;&nbsp;NotifyScreen
<LI><a href="#[6b]">&gt;&gt;</a>&nbsp;&nbsp;&nbsp;NotifyReadRTC
<LI><a href="#[6a]">&gt;&gt;</a>&nbsp;&nbsp;&nbsp;NotifyReadFlash
<LI><a href="#[6e]">&gt;&gt;</a>&nbsp;&nbsp;&nbsp;NotifyProgress
<LI><a href="#[70]">&gt;&gt;</a>&nbsp;&nbsp;&nbsp;NotifyMeter
<LI><a href="#[71]">&gt;&gt;</a>&nbsp;&nbsp;&nbsp;NotifyMenu
<LI><a href="#[64]">&gt;&gt;</a>&nbsp;&nbsp;&nbsp;NotifyButton
</UL>
<BR>[Called By]<UL><LI><a href="#[55]">&gt;&gt;</a>&nbsp;&nbsp;&nbsp;Param_Update
</UL>

<P><STRONG><a name="[74]"></a>SendChar</STRONG> (Thumb, 12 bytes, Stack size 8 bytes, hmi_user_uart.o(i.SendChar))
<BR><BR>[Stack]<UL><LI>Max Depth = 16<LI>Call Chain = SendChar &rArr; Usart2_SendByte
</UL>
<BR>[Calls]<UL><LI><a href="#[75]">&gt;&gt;</a>&nbsp;&nbsp;&nbsp;Usart2_SendByte
</UL>
<BR>[Called By]<UL><LI><a href="#[76]">&gt;&gt;</a>&nbsp;&nbsp;&nbsp;SendStrings
<LI><a href="#[65]">&gt;&gt;</a>&nbsp;&nbsp;&nbsp;SetTextValue
</UL>

<P><STRONG><a name="[76]"></a>SendStrings</STRONG> (Thumb, 22 bytes, Stack size 8 bytes, hmi_driver.o(i.SendStrings))
<BR><BR>[Stack]<UL><LI>Max Depth = 24<LI>Call Chain = SendStrings &rArr; SendChar &rArr; Usart2_SendByte
</UL>
<BR>[Calls]<UL><LI><a href="#[74]">&gt;&gt;</a>&nbsp;&nbsp;&nbsp;SendChar
</UL>
<BR>[Called By]<UL><LI><a href="#[65]">&gt;&gt;</a>&nbsp;&nbsp;&nbsp;SetTextValue
</UL>

<P><STRONG><a name="[65]"></a>SetTextValue</STRONG> (Thumb, 82 bytes, Stack size 16 bytes, hmi_driver.o(i.SetTextValue))
<BR><BR>[Stack]<UL><LI>Max Depth = 40<LI>Call Chain = SetTextValue &rArr; SendStrings &rArr; SendChar &rArr; Usart2_SendByte
</UL>
<BR>[Calls]<UL><LI><a href="#[74]">&gt;&gt;</a>&nbsp;&nbsp;&nbsp;SendChar
<LI><a href="#[76]">&gt;&gt;</a>&nbsp;&nbsp;&nbsp;SendStrings
</UL>
<BR>[Called By]<UL><LI><a href="#[64]">&gt;&gt;</a>&nbsp;&nbsp;&nbsp;NotifyButton
</UL>

<P><STRONG><a name="[50]"></a>SysCtl_disableNMISource</STRONG> (Thumb, 12 bytes, Stack size 0 bytes, sysctl.o(i.SysCtl_disableNMISource))
<BR><BR>[Called By]<UL><LI><a href="#[53]">&gt;&gt;</a>&nbsp;&nbsp;&nbsp;CS_startLFXTWithTimeout
<LI><a href="#[4e]">&gt;&gt;</a>&nbsp;&nbsp;&nbsp;CS_startHFXTWithTimeout
</UL>

<P><STRONG><a name="[51]"></a>SysCtl_enableNMISource</STRONG> (Thumb, 10 bytes, Stack size 0 bytes, sysctl.o(i.SysCtl_enableNMISource))
<BR><BR>[Called By]<UL><LI><a href="#[53]">&gt;&gt;</a>&nbsp;&nbsp;&nbsp;CS_startLFXTWithTimeout
<LI><a href="#[4e]">&gt;&gt;</a>&nbsp;&nbsp;&nbsp;CS_startHFXTWithTimeout
</UL>

<P><STRONG><a name="[4f]"></a>SysCtl_getNMISourceStatus</STRONG> (Thumb, 6 bytes, Stack size 0 bytes, sysctl.o(i.SysCtl_getNMISourceStatus))
<BR><BR>[Called By]<UL><LI><a href="#[53]">&gt;&gt;</a>&nbsp;&nbsp;&nbsp;CS_startLFXTWithTimeout
<LI><a href="#[4e]">&gt;&gt;</a>&nbsp;&nbsp;&nbsp;CS_startHFXTWithTimeout
</UL>

<P><STRONG><a name="[77]"></a>SysInit</STRONG> (Thumb, 134 bytes, Stack size 8 bytes, sysinit.o(i.SysInit))
<BR><BR>[Stack]<UL><LI>Max Depth = 40<LI>Call Chain = SysInit &rArr; CS_startLFXT &rArr; CS_startLFXTWithTimeout
</UL>
<BR>[Calls]<UL><LI><a href="#[52]">&gt;&gt;</a>&nbsp;&nbsp;&nbsp;CS_startLFXT
<LI><a href="#[4d]">&gt;&gt;</a>&nbsp;&nbsp;&nbsp;CS_startHFXT
<LI><a href="#[78]">&gt;&gt;</a>&nbsp;&nbsp;&nbsp;CS_setExternalClockSourceFrequency
</UL>
<BR>[Called By]<UL><LI><a href="#[44]">&gt;&gt;</a>&nbsp;&nbsp;&nbsp;main
</UL>

<P><STRONG><a name="[36]"></a>SystemInit</STRONG> (Thumb, 86 bytes, Stack size 0 bytes, system_msp432p401r.o(i.SystemInit))
<BR>[Address Reference Count : 1]<UL><LI> startup_msp432p401r_uvision.o(.text)
</UL>
<P><STRONG><a name="[15]"></a>TA0_0_IRQHandler</STRONG> (Thumb, 30 bytes, Stack size 8 bytes, tima.o(i.TA0_0_IRQHandler))
<BR><BR>[Stack]<UL><LI>Max Depth = 8<LI>Call Chain = TA0_0_IRQHandler
</UL>
<BR>[Address Reference Count : 1]<UL><LI> startup_msp432p401r_uvision.o(RESET)
</UL>
<P><STRONG><a name="[17]"></a>TA1_0_IRQHandler</STRONG> (Thumb, 30 bytes, Stack size 8 bytes, tima.o(i.TA1_0_IRQHandler))
<BR><BR>[Stack]<UL><LI>Max Depth = 8<LI>Call Chain = TA1_0_IRQHandler
</UL>
<BR>[Address Reference Count : 1]<UL><LI> startup_msp432p401r_uvision.o(RESET)
</UL>
<P><STRONG><a name="[19]"></a>TA2_0_IRQHandler</STRONG> (Thumb, 30 bytes, Stack size 8 bytes, tima.o(i.TA2_0_IRQHandler))
<BR><BR>[Stack]<UL><LI>Max Depth = 8<LI>Call Chain = TA2_0_IRQHandler
</UL>
<BR>[Address Reference Count : 1]<UL><LI> startup_msp432p401r_uvision.o(RESET)
</UL>
<P><STRONG><a name="[1b]"></a>TA3_0_IRQHandler</STRONG> (Thumb, 30 bytes, Stack size 8 bytes, tima.o(i.TA3_0_IRQHandler))
<BR><BR>[Stack]<UL><LI>Max Depth = 8<LI>Call Chain = TA3_0_IRQHandler
</UL>
<BR>[Address Reference Count : 1]<UL><LI> startup_msp432p401r_uvision.o(RESET)
</UL>
<P><STRONG><a name="[79]"></a>TFT_Init</STRONG> (Thumb, 12 bytes, Stack size 8 bytes, hmi_user_uart.o(i.TFT_Init))
<BR><BR>[Stack]<UL><LI>Max Depth = 24<LI>Call Chain = TFT_Init &rArr; Usart2_Init_It &rArr; Usart2_Init
</UL>
<BR>[Calls]<UL><LI><a href="#[7a]">&gt;&gt;</a>&nbsp;&nbsp;&nbsp;Usart2_Init_It
<LI><a href="#[7b]">&gt;&gt;</a>&nbsp;&nbsp;&nbsp;queue_reset
</UL>
<BR>[Called By]<UL><LI><a href="#[44]">&gt;&gt;</a>&nbsp;&nbsp;&nbsp;main
</UL>

<P><STRONG><a name="[7c]"></a>TimA3_Init_IT</STRONG> (Thumb, 90 bytes, Stack size 40 bytes, tima.o(i.TimA3_Init_IT))
<BR><BR>[Stack]<UL><LI>Max Depth = 44<LI>Call Chain = TimA3_Init_IT &rArr; __aeabi_memclr4
</UL>
<BR>[Calls]<UL><LI><a href="#[7d]">&gt;&gt;</a>&nbsp;&nbsp;&nbsp;__aeabi_memclr4
</UL>
<BR>[Called By]<UL><LI><a href="#[44]">&gt;&gt;</a>&nbsp;&nbsp;&nbsp;main
</UL>

<P><STRONG><a name="[7e]"></a>Usart2_Init</STRONG> (Thumb, 44 bytes, Stack size 8 bytes, usart.o(i.Usart2_Init))
<BR><BR>[Stack]<UL><LI>Max Depth = 8<LI>Call Chain = Usart2_Init
</UL>
<BR>[Called By]<UL><LI><a href="#[7a]">&gt;&gt;</a>&nbsp;&nbsp;&nbsp;Usart2_Init_It
</UL>

<P><STRONG><a name="[7a]"></a>Usart2_Init_It</STRONG> (Thumb, 52 bytes, Stack size 8 bytes, usart.o(i.Usart2_Init_It))
<BR><BR>[Stack]<UL><LI>Max Depth = 16<LI>Call Chain = Usart2_Init_It &rArr; Usart2_Init
</UL>
<BR>[Calls]<UL><LI><a href="#[7e]">&gt;&gt;</a>&nbsp;&nbsp;&nbsp;Usart2_Init
</UL>
<BR>[Called By]<UL><LI><a href="#[79]">&gt;&gt;</a>&nbsp;&nbsp;&nbsp;TFT_Init
</UL>

<P><STRONG><a name="[75]"></a>Usart2_SendByte</STRONG> (Thumb, 18 bytes, Stack size 8 bytes, usart.o(i.Usart2_SendByte))
<BR><BR>[Stack]<UL><LI>Max Depth = 8<LI>Call Chain = Usart2_SendByte
</UL>
<BR>[Called By]<UL><LI><a href="#[74]">&gt;&gt;</a>&nbsp;&nbsp;&nbsp;SendChar
</UL>

<P><STRONG><a name="[5b]"></a>WriteData_AD9959</STRONG> (Thumb, 270 bytes, Stack size 40 bytes, ad9959.o(i.WriteData_AD9959))
<BR><BR>[Stack]<UL><LI>Max Depth = 48<LI>Call Chain = WriteData_AD9959 &rArr; IO_Update
</UL>
<BR>[Calls]<UL><LI><a href="#[56]">&gt;&gt;</a>&nbsp;&nbsp;&nbsp;IO_Update
</UL>
<BR>[Called By]<UL><LI><a href="#[5c]">&gt;&gt;</a>&nbsp;&nbsp;&nbsp;Write_frequence
<LI><a href="#[58]">&gt;&gt;</a>&nbsp;&nbsp;&nbsp;Init_AD9959
<LI><a href="#[5d]">&gt;&gt;</a>&nbsp;&nbsp;&nbsp;Write_Phase
<LI><a href="#[5e]">&gt;&gt;</a>&nbsp;&nbsp;&nbsp;Write_Amplitude
</UL>

<P><STRONG><a name="[5e]"></a>Write_Amplitude</STRONG> (Thumb, 144 bytes, Stack size 24 bytes, ad9959.o(i.Write_Amplitude))
<BR><BR>[Stack]<UL><LI>Max Depth = 72<LI>Call Chain = Write_Amplitude &rArr; WriteData_AD9959 &rArr; IO_Update
</UL>
<BR>[Calls]<UL><LI><a href="#[5b]">&gt;&gt;</a>&nbsp;&nbsp;&nbsp;WriteData_AD9959
</UL>
<BR>[Called By]<UL><LI><a href="#[58]">&gt;&gt;</a>&nbsp;&nbsp;&nbsp;Init_AD9959
</UL>

<P><STRONG><a name="[5d]"></a>Write_Phase</STRONG> (Thumb, 136 bytes, Stack size 16 bytes, ad9959.o(i.Write_Phase))
<BR><BR>[Stack]<UL><LI>Max Depth = 64<LI>Call Chain = Write_Phase &rArr; WriteData_AD9959 &rArr; IO_Update
</UL>
<BR>[Calls]<UL><LI><a href="#[5b]">&gt;&gt;</a>&nbsp;&nbsp;&nbsp;WriteData_AD9959
</UL>
<BR>[Called By]<UL><LI><a href="#[58]">&gt;&gt;</a>&nbsp;&nbsp;&nbsp;Init_AD9959
</UL>

<P><STRONG><a name="[5c]"></a>Write_frequence</STRONG> (Thumb, 196 bytes, Stack size 40 bytes, ad9959.o(i.Write_frequence))
<BR><BR>[Stack]<UL><LI>Max Depth = 88<LI>Call Chain = Write_frequence &rArr; WriteData_AD9959 &rArr; IO_Update
</UL>
<BR>[Calls]<UL><LI><a href="#[5b]">&gt;&gt;</a>&nbsp;&nbsp;&nbsp;WriteData_AD9959
<LI><a href="#[80]">&gt;&gt;</a>&nbsp;&nbsp;&nbsp;__aeabi_dmul
<LI><a href="#[7f]">&gt;&gt;</a>&nbsp;&nbsp;&nbsp;__aeabi_ui2d
<LI><a href="#[81]">&gt;&gt;</a>&nbsp;&nbsp;&nbsp;__aeabi_d2uiz
</UL>
<BR>[Called By]<UL><LI><a href="#[58]">&gt;&gt;</a>&nbsp;&nbsp;&nbsp;Init_AD9959
<LI><a href="#[44]">&gt;&gt;</a>&nbsp;&nbsp;&nbsp;main
</UL>

<P><STRONG><a name="[57]"></a>delay1</STRONG> (Thumb, 18 bytes, Stack size 0 bytes, ad9959.o(i.delay1))
<BR><BR>[Called By]<UL><LI><a href="#[5a]">&gt;&gt;</a>&nbsp;&nbsp;&nbsp;IntReset
<LI><a href="#[56]">&gt;&gt;</a>&nbsp;&nbsp;&nbsp;IO_Update
</UL>

<P><STRONG><a name="[44]"></a>main</STRONG> (Thumb, 62 bytes, Stack size 0 bytes, main.o(i.main))
<BR><BR>[Stack]<UL><LI>Max Depth = 96<LI>Call Chain = main &rArr; Init_AD9959 &rArr; Write_frequence &rArr; WriteData_AD9959 &rArr; IO_Update
</UL>
<BR>[Calls]<UL><LI><a href="#[5c]">&gt;&gt;</a>&nbsp;&nbsp;&nbsp;Write_frequence
<LI><a href="#[7c]">&gt;&gt;</a>&nbsp;&nbsp;&nbsp;TimA3_Init_IT
<LI><a href="#[79]">&gt;&gt;</a>&nbsp;&nbsp;&nbsp;TFT_Init
<LI><a href="#[77]">&gt;&gt;</a>&nbsp;&nbsp;&nbsp;SysInit
<LI><a href="#[5f]">&gt;&gt;</a>&nbsp;&nbsp;&nbsp;LED_Init
<LI><a href="#[58]">&gt;&gt;</a>&nbsp;&nbsp;&nbsp;Init_AD9959
<LI><a href="#[82]">&gt;&gt;</a>&nbsp;&nbsp;&nbsp;CS_setDCOCenteredFrequency
</UL>
<BR>[Called By]<UL><LI><a href="#[43]">&gt;&gt;</a>&nbsp;&nbsp;&nbsp;__rt_entry_main
</UL>

<P><STRONG><a name="[66]"></a>queue_find_cmd</STRONG> (Thumb, 122 bytes, Stack size 24 bytes, cmd_queue.o(i.queue_find_cmd))
<BR><BR>[Stack]<UL><LI>Max Depth = 24<LI>Call Chain = queue_find_cmd
</UL>
<BR>[Calls]<UL><LI><a href="#[84]">&gt;&gt;</a>&nbsp;&nbsp;&nbsp;queue_size
<LI><a href="#[83]">&gt;&gt;</a>&nbsp;&nbsp;&nbsp;queue_pop
</UL>
<BR>[Called By]<UL><LI><a href="#[55]">&gt;&gt;</a>&nbsp;&nbsp;&nbsp;Param_Update
</UL>

<P><STRONG><a name="[54]"></a>queue_push</STRONG> (Thumb, 44 bytes, Stack size 0 bytes, cmd_queue.o(i.queue_push))
<BR><BR>[Called By]<UL><LI><a href="#[1f]">&gt;&gt;</a>&nbsp;&nbsp;&nbsp;EUSCIA2_IRQHandler
</UL>

<P><STRONG><a name="[7b]"></a>queue_reset</STRONG> (Thumb, 18 bytes, Stack size 0 bytes, cmd_queue.o(i.queue_reset))
<BR><BR>[Called By]<UL><LI><a href="#[79]">&gt;&gt;</a>&nbsp;&nbsp;&nbsp;TFT_Init
</UL>

<P><STRONG><a name="[81]"></a>__aeabi_d2uiz</STRONG> (Thumb, 0 bytes, Stack size 32 bytes, dfixu.o(x$fpl$dfixu))
<BR><BR>[Stack]<UL><LI>Max Depth = 32<LI>Call Chain = __aeabi_d2uiz
</UL>
<BR>[Called By]<UL><LI><a href="#[5c]">&gt;&gt;</a>&nbsp;&nbsp;&nbsp;Write_frequence
</UL>

<P><STRONG><a name="[85]"></a>_dfixu</STRONG> (Thumb, 90 bytes, Stack size 32 bytes, dfixu.o(x$fpl$dfixu), UNUSED)
<BR><BR>[Calls]<UL><LI><a href="#[86]">&gt;&gt;</a>&nbsp;&nbsp;&nbsp;__fpl_dnaninf
</UL>

<P><STRONG><a name="[7f]"></a>__aeabi_ui2d</STRONG> (Thumb, 0 bytes, Stack size 0 bytes, dflt_clz.o(x$fpl$dfltu))
<BR><BR>[Called By]<UL><LI><a href="#[5c]">&gt;&gt;</a>&nbsp;&nbsp;&nbsp;Write_frequence
</UL>

<P><STRONG><a name="[b7]"></a>_dfltu</STRONG> (Thumb, 38 bytes, Stack size 0 bytes, dflt_clz.o(x$fpl$dfltu), UNUSED)

<P><STRONG><a name="[80]"></a>__aeabi_dmul</STRONG> (Thumb, 0 bytes, Stack size 32 bytes, dmul.o(x$fpl$dmul))
<BR><BR>[Stack]<UL><LI>Max Depth = 32<LI>Call Chain = __aeabi_dmul
</UL>
<BR>[Called By]<UL><LI><a href="#[5c]">&gt;&gt;</a>&nbsp;&nbsp;&nbsp;Write_frequence
</UL>

<P><STRONG><a name="[87]"></a>_dmul</STRONG> (Thumb, 332 bytes, Stack size 32 bytes, dmul.o(x$fpl$dmul), UNUSED)
<BR><BR>[Calls]<UL><LI><a href="#[88]">&gt;&gt;</a>&nbsp;&nbsp;&nbsp;__fpl_dretinf
<LI><a href="#[86]">&gt;&gt;</a>&nbsp;&nbsp;&nbsp;__fpl_dnaninf
</UL>

<P><STRONG><a name="[86]"></a>__fpl_dnaninf</STRONG> (Thumb, 156 bytes, Stack size 16 bytes, dnaninf.o(x$fpl$dnaninf), UNUSED)
<BR><BR>[Called By]<UL><LI><a href="#[87]">&gt;&gt;</a>&nbsp;&nbsp;&nbsp;_dmul
<LI><a href="#[85]">&gt;&gt;</a>&nbsp;&nbsp;&nbsp;_dfixu
</UL>

<P><STRONG><a name="[88]"></a>__fpl_dretinf</STRONG> (Thumb, 12 bytes, Stack size 0 bytes, dretinf.o(x$fpl$dretinf), UNUSED)
<BR><BR>[Called By]<UL><LI><a href="#[87]">&gt;&gt;</a>&nbsp;&nbsp;&nbsp;_dmul
</UL>

<P><STRONG><a name="[3e]"></a>_fp_init</STRONG> (Thumb, 10 bytes, Stack size 0 bytes, fpinit.o(x$fpl$fpinit))
<BR><BR>[Called By]<UL><LI><a href="#[3d]">&gt;&gt;</a>&nbsp;&nbsp;&nbsp;__rt_lib_init_fp_1
</UL>

<P><STRONG><a name="[b8]"></a>__fplib_config_fpu_vfp</STRONG> (Thumb, 0 bytes, Stack size unknown bytes, fpinit.o(x$fpl$fpinit), UNUSED)

<P><STRONG><a name="[b9]"></a>__fplib_config_pureend_doubles</STRONG> (Thumb, 0 bytes, Stack size unknown bytes, fpinit.o(x$fpl$fpinit), UNUSED)
<P>
<H3>
Local Symbols
</H3>
<P><STRONG><a name="[83]"></a>queue_pop</STRONG> (Thumb, 48 bytes, Stack size 0 bytes, cmd_queue.o(i.queue_pop))
<BR><BR>[Called By]<UL><LI><a href="#[66]">&gt;&gt;</a>&nbsp;&nbsp;&nbsp;queue_find_cmd
</UL>

<P><STRONG><a name="[84]"></a>queue_size</STRONG> (Thumb, 30 bytes, Stack size 0 bytes, cmd_queue.o(i.queue_size))
<BR><BR>[Called By]<UL><LI><a href="#[66]">&gt;&gt;</a>&nbsp;&nbsp;&nbsp;queue_find_cmd
</UL>
<P>
<H3>
Undefined Global Symbols
</H3><HR></body></html>
