<html>
<body>
<pre>
<h1>µVision Build Log</h1>
<h2>Tool Versions:</h2>
IDE-Version: ¦ÌVision V5.36.0.0
Copyright (C) 2021 ARM Ltd and ARM Germany GmbH. All rights reserved.
License Information: njy njy, njy, LIC=585FJ-U4G0I-Y8ZFK-ZTFLS-S24W3-ANLMP
 
Tool Versions:
Toolchain:       MDK-ARM Plus  Version: 5.36.0.0
Toolchain Path:  E:\Tool\Keil\ARM\ARMCC\Bin
C Compiler:      Armcc.exe V5.06 update 7 (build 960)
Assembler:       Armasm.exe V5.06 update 7 (build 960)
Linker/Locator:  ArmLink.exe V5.06 update 7 (build 960)
Library Manager: ArmAr.exe V5.06 update 7 (build 960)
Hex Converter:   FromElf.exe V5.06 update 7 (build 960)
CPU DLL:         SARMCM3.DLL V5.36.0.0
Dialog DLL:      DCM.DLL V1.17.3.0
Target DLL:      CMSIS_AGDI.dll V1.33.0.0
Dialog DLL:      TCM.DLL V1.53.0.0
 
<h2>Project:</h2>
E:\AllProject\MSP432P401r\11.Çý¶¯AD9959\Project\MSP432.uvprojx
Project File Date:  06/30/2023

<h2>Output:</h2>
*** Using Compiler 'V5.06 update 7 (build 960)', folder: 'E:\Tool\Keil\ARM\ARMCC\Bin'
Build target 'Target 1'
compiling main.c...
compiling timA.c...
linking...
Program Size: Code=4952 RO-data=392 RW-data=40 ZI-data=1152  
".\Objects\MSP432.axf" - 0 Error(s), 0 Warning(s).

<h2>Software Packages used:</h2>

Package Vendor: ARM
                http://www.keil.com/pack/ARM.CMSIS.5.8.0.pack
                ARM.CMSIS.5.8.0
                CMSIS (Common Microcontroller Software Interface Standard)
   * Component: CORE Version: 5.5.0

Package Vendor: TexasInstruments
                http://software-dl.ti.com/msp430/msp430_public_sw/mcu/msp430/msp432cmsis/latest/exports/TexasInstruments.MSP432P4xx_DFP.3.2.6.pack
                TexasInstruments.MSP432P4xx_DFP.3.2.6
                Device Family Pack for Texas Instruments SimpleLink(TM) MSP432 Series
   * Component: Startup Version: 3.2.2

<h2>Collection of Component include folders:</h2>
  .\RTE\_Target_1
  E:\Tool\Keil\Pack\ARM\CMSIS\5.8.0\CMSIS\Core\Include
  E:\Tool\Keil\Pack\TexasInstruments\MSP432P4xx_DFP\3.2.6\Device\Include

<h2>Collection of Component Files used:</h2>

   * Component: ARM::CMSIS:CORE:5.5.0

   * Component: TexasInstruments::Device:Startup:3.2.2
      Source file:   Examples\BlinkLED\blinkLED.c
      Source file:   Device\Source\startup_msp432p401r_uvision.s
      Source file:   Device\Source\system_msp432p401r.c
      Source file:   Examples\EmptyMain\main.c
      Include file:  Device\Include\msp_compatibility.h
Build Time Elapsed:  00:00:01
</pre>
</body>
</html>
